<html>
<body>
<pre>
<h1>µVision Build Log</h1>
<h2>Tool Versions:</h2>
IDE-Version: ¦ÌVision V5.24.2.0
Copyright (C) 2017 ARM Ltd and ARM Germany GmbH. All rights reserved.
License Information: a a, a, LIC=----
 
Tool Versions:
Toolchain:       MDK-Lite  Version: 5.24.1
Toolchain Path:  D:\works\Keil5\ARM\ARMCC\Bin
C Compiler:      Armcc.exe V5.06 update 5 (build 528)
Assembler:       Armasm.exe V5.06 update 5 (build 528)
Linker/Locator:  ArmLink.exe V5.06 update 5 (build 528)
Library Manager: ArmAr.exe V5.06 update 5 (build 528)
Hex Converter:   FromElf.exe V5.06 update 5 (build 528)
CPU DLL:         SARMCM3.DLL V5.24.1
Dialog DLL:      DCM.DLL V1.16.0.0
Target DLL:      Segger\JL2CM3.dll V2.99.26.0
Dialog DLL:      TCM.DLL V1.32.0.0
 
<h2>Project:</h2>
c:\Users\19062\Desktop\Quadcopter drone\Flight_HAL\MDK-ARM\Flight_HAL.uvprojx
Project File Date:  08/02/2024

<h2>Output:</h2>
*** Using Compiler 'V5.06 update 5 (build 528)', folder: 'D:\works\Keil5\ARM\ARMCC\Bin'
Build target 'Flight_HAL'
compiling NRF24L01.c...
..\HARDWARE\NRF24L01.h(86): warning:  #1295-D: Deprecated declaration NRF24L01_Check - give arg types
  uint8_t NRF24L01_Check();
..\HARDWARE\NRF24L01.c(128): warning:  #940-D: missing return statement at end of non-void function "NRF24L01_TX_Mode" 
  }
..\HARDWARE\NRF24L01.c(151): warning:  #940-D: missing return statement at end of non-void function "NRF24L01_RX_Mode" 
  }
..\HARDWARE\NRF24L01.c(263): warning:  #1-D: last line of file ends without a newline
  }
..\HARDWARE\NRF24L01.c: 4 warnings, 0 errors
linking...
Program Size: Code=22880 RO-data=392 RW-data=240 ZI-data=2472  
FromELF: creating hex file...
"Flight_HAL\Flight_HAL.axf" - 0 Error(s), 4 Warning(s).

<h2>Software Packages used:</h2>

Package Vendor: ARM
                http://www.keil.com/pack/ARM.CMSIS.5.0.1.pack
                ARM.CMSIS.5.0.1
                CMSIS (Cortex Microcontroller Software Interface Standard)
   * Component: CORE Version: 5.0.1

Package Vendor: Keil
                http://www.keil.com/pack/Keil.STM32F1xx_DFP.2.2.0.pack
                Keil.STM32F1xx_DFP.2.2.0
                STMicroelectronics STM32F1 Series Device Support, Drivers and Examples

<h2>Collection of Component include folders:</h2>
  .\RTE\_Flight_HAL
  D:\works\Keil5\ARM\PACK\ARM\CMSIS\5.0.1\CMSIS\Include
  D:\works\Keil5\ARM\PACK\Keil\STM32F1xx_DFP\2.2.0\Device\Include

<h2>Collection of Component Files used:</h2>

   * Component: ARM::CMSIS:CORE:5.0.1
Build Time Elapsed:  00:00:01
</pre>
</body>
</html>
