Component: ARM Compiler 5.06 update 5 (build 528) Tool: armlink [4d35e2]

==============================================================================

Section Cross References

    startup_stm32f103xb.o(RESET) refers to startup_stm32f103xb.o(STACK) for __initial_sp
    startup_stm32f103xb.o(RESET) refers to startup_stm32f103xb.o(.text) for Reset_Handler
    startup_stm32f103xb.o(RESET) refers to stm32f1xx_it.o(i.NMI_Handler) for NMI_Handler
    startup_stm32f103xb.o(RESET) refers to stm32f1xx_it.o(i.HardFault_Handler) for HardFault_Handler
    startup_stm32f103xb.o(RESET) refers to stm32f1xx_it.o(i.MemManage_Handler) for MemManage_Handler
    startup_stm32f103xb.o(RESET) refers to stm32f1xx_it.o(i.BusFault_Handler) for BusFault_Handler
    startup_stm32f103xb.o(RESET) refers to stm32f1xx_it.o(i.UsageFault_Handler) for UsageFault_Handler
    startup_stm32f103xb.o(RESET) refers to port.o(.emb_text) for SVC_Handler
    startup_stm32f103xb.o(RESET) refers to stm32f1xx_it.o(i.DebugMon_Handler) for DebugMon_Handler
    startup_stm32f103xb.o(RESET) refers to stm32f1xx_it.o(i.SysTick_Handler) for SysTick_Handler
    startup_stm32f103xb.o(RESET) refers to stm32f1xx_it.o(i.DMA1_Channel1_IRQHandler) for DMA1_Channel1_IRQHandler
    startup_stm32f103xb.o(.text) refers to system_stm32f1xx.o(i.SystemInit) for SystemInit
    startup_stm32f103xb.o(.text) refers to entry.o(.ARM.Collect$$$$00000000) for __main
    main.o(i.SystemClock_Config) refers to memseta.o(.text) for __aeabi_memclr4
    main.o(i.SystemClock_Config) refers to stm32f1xx_hal_rcc.o(i.HAL_RCC_OscConfig) for HAL_RCC_OscConfig
    main.o(i.SystemClock_Config) refers to stm32f1xx_hal_rcc.o(i.HAL_RCC_ClockConfig) for HAL_RCC_ClockConfig
    main.o(i.SystemClock_Config) refers to stm32f1xx_hal_rcc_ex.o(i.HAL_RCCEx_PeriphCLKConfig) for HAL_RCCEx_PeriphCLKConfig
    main.o(i.main) refers to stm32f1xx_hal.o(i.HAL_Init) for HAL_Init
    main.o(i.main) refers to main.o(i.SystemClock_Config) for SystemClock_Config
    main.o(i.main) refers to gpio.o(i.MX_GPIO_Init) for MX_GPIO_Init
    main.o(i.main) refers to dma.o(i.MX_DMA_Init) for MX_DMA_Init
    main.o(i.main) refers to tim.o(i.MX_TIM2_Init) for MX_TIM2_Init
    main.o(i.main) refers to usart.o(i.MX_USART3_UART_Init) for MX_USART3_UART_Init
    main.o(i.main) refers to adc.o(i.MX_ADC1_Init) for MX_ADC1_Init
    main.o(i.main) refers to i2c.o(i.MX_I2C1_Init) for MX_I2C1_Init
    main.o(i.main) refers to spi.o(i.MX_SPI1_Init) for MX_SPI1_Init
    main.o(i.main) refers to spi.o(i.MX_SPI2_Init) for MX_SPI2_Init
    main.o(i.main) refers to int_mpu6050.o(i.Int_MPU6050_Init) for Int_MPU6050_Init
    main.o(i.main) refers to stm32f1xx_hal_tim.o(i.HAL_TIM_PWM_Start) for HAL_TIM_PWM_Start
    main.o(i.main) refers to stm32f1xx_hal_adc.o(i.HAL_ADC_Start_DMA) for HAL_ADC_Start_DMA
    main.o(i.main) refers to printf8.o(i.__0printf$8) for __2printf
    main.o(i.main) refers to nrf24l01.o(i.NRF24L01_Check) for NRF24L01_Check
    main.o(i.main) refers to nrf24l01.o(i.NRF24L01_RX_Mode) for NRF24L01_RX_Mode
    main.o(i.main) refers to app_flight.o(i.App_PID_Param_Init) for App_PID_Param_Init
    main.o(i.main) refers to app_task.o(i.FreeRTOS_Start) for FreeRTOS_Start
    main.o(i.main) refers to memseta.o(.text) for __aeabi_memclr4
    main.o(i.main) refers to nrf24l01.o(i.NRF24L01_RxPacket) for NRF24L01_RxPacket
    main.o(i.main) refers to app_flight.o(i.App_Flight_Remote_Check) for App_Flight_Remote_Check
    main.o(i.main) refers to stm32f1xx_hal.o(i.HAL_Delay) for HAL_Delay
    main.o(i.main) refers to tim.o(.bss) for htim2
    main.o(i.main) refers to main.o(.bss) for .bss
    main.o(i.main) refers to adc.o(.bss) for hadc1
    main.o(i.main) refers to main.o(.constdata) for .constdata
    main.o(i.main) refers to nrf24l01.o(.bss) for RX_BUFF
    gpio.o(i.MX_GPIO_Init) refers to stm32f1xx_hal_gpio.o(i.HAL_GPIO_WritePin) for HAL_GPIO_WritePin
    gpio.o(i.MX_GPIO_Init) refers to stm32f1xx_hal_gpio.o(i.HAL_GPIO_Init) for HAL_GPIO_Init
    adc.o(i.HAL_ADC_MspDeInit) refers to stm32f1xx_hal_gpio.o(i.HAL_GPIO_DeInit) for HAL_GPIO_DeInit
    adc.o(i.HAL_ADC_MspDeInit) refers to stm32f1xx_hal_dma.o(i.HAL_DMA_DeInit) for HAL_DMA_DeInit
    adc.o(i.HAL_ADC_MspInit) refers to stm32f1xx_hal_gpio.o(i.HAL_GPIO_Init) for HAL_GPIO_Init
    adc.o(i.HAL_ADC_MspInit) refers to stm32f1xx_hal_dma.o(i.HAL_DMA_Init) for HAL_DMA_Init
    adc.o(i.HAL_ADC_MspInit) refers to main.o(i.Error_Handler) for Error_Handler
    adc.o(i.HAL_ADC_MspInit) refers to adc.o(.bss) for .bss
    adc.o(i.MX_ADC1_Init) refers to stm32f1xx_hal_adc.o(i.HAL_ADC_Init) for HAL_ADC_Init
    adc.o(i.MX_ADC1_Init) refers to main.o(i.Error_Handler) for Error_Handler
    adc.o(i.MX_ADC1_Init) refers to stm32f1xx_hal_adc.o(i.HAL_ADC_ConfigChannel) for HAL_ADC_ConfigChannel
    adc.o(i.MX_ADC1_Init) refers to adc.o(.bss) for .bss
    dma.o(i.MX_DMA_Init) refers to stm32f1xx_hal_cortex.o(i.HAL_NVIC_SetPriority) for HAL_NVIC_SetPriority
[...]
    i.I2C_WaitOnFlagUntilTimeout             0x08003934   Section        0  stm32f1xx_hal_i2c.o(i.I2C_WaitOnFlagUntilTimeout)
    I2C_WaitOnFlagUntilTimeout               0x08003935   Thumb Code   144  stm32f1xx_hal_i2c.o(i.I2C_WaitOnFlagUntilTimeout)
    i.I2C_WaitOnMasterAddressFlagUntilTimeout 0x080039c4   Section        0  stm32f1xx_hal_i2c.o(i.I2C_WaitOnMasterAddressFlagUntilTimeout)
    I2C_WaitOnMasterAddressFlagUntilTimeout  0x080039c5   Thumb Code   188  stm32f1xx_hal_i2c.o(i.I2C_WaitOnMasterAddressFlagUntilTimeout)
    i.I2C_WaitOnRXNEFlagUntilTimeout         0x08003a80   Section        0  stm32f1xx_hal_i2c.o(i.I2C_WaitOnRXNEFlagUntilTimeout)
    I2C_WaitOnRXNEFlagUntilTimeout           0x08003a81   Thumb Code   112  stm32f1xx_hal_i2c.o(i.I2C_WaitOnRXNEFlagUntilTimeout)
    i.I2C_WaitOnTXEFlagUntilTimeout          0x08003af0   Section        0  stm32f1xx_hal_i2c.o(i.I2C_WaitOnTXEFlagUntilTimeout)
    I2C_WaitOnTXEFlagUntilTimeout            0x08003af1   Thumb Code    86  stm32f1xx_hal_i2c.o(i.I2C_WaitOnTXEFlagUntilTimeout)
    i.Int_MPU6050_GetAccl                    0x08003b46   Section        0  int_mpu6050.o(i.Int_MPU6050_GetAccl)
    i.Int_MPU6050_GetGyro                    0x08003b72   Section        0  int_mpu6050.o(i.Int_MPU6050_GetGyro)
    i.Int_MPU6050_Init                       0x08003b9e   Section        0  int_mpu6050.o(i.Int_MPU6050_Init)
    i.Int_MPU6050_ReadByte                   0x08003c0c   Section        0  int_mpu6050.o(i.Int_MPU6050_ReadByte)
    i.Int_MPU6050_Read_Len                   0x08003c2c   Section        0  int_mpu6050.o(i.Int_MPU6050_Read_Len)
    i.Int_MPU6050_WriteByte                  0x08003c4c   Section        0  int_mpu6050.o(i.Int_MPU6050_WriteByte)
    i.Int_MPU_Set_Accel_Fsr                  0x08003c74   Section        0  int_mpu6050.o(i.Int_MPU_Set_Accel_Fsr)
    i.Int_MPU_Set_Gyro_Fsr                   0x08003c7e   Section        0  int_mpu6050.o(i.Int_MPU_Set_Gyro_Fsr)
    i.Int_MPU_Set_LPF                        0x08003c88   Section        0  int_mpu6050.o(i.Int_MPU_Set_LPF)
    i.Int_MPU_Set_Rate                       0x08003cb8   Section        0  int_mpu6050.o(i.Int_MPU_Set_Rate)
    i.MX_ADC1_Init                           0x08003ce8   Section        0  adc.o(i.MX_ADC1_Init)
    i.MX_DMA_Init                            0x08003d38   Section        0  dma.o(i.MX_DMA_Init)
    i.MX_GPIO_Init                           0x08003d64   Section        0  gpio.o(i.MX_GPIO_Init)
    i.MX_I2C1_Init                           0x08003e38   Section        0  i2c.o(i.MX_I2C1_Init)
    i.MX_SPI1_Init                           0x08003e78   Section        0  spi.o(i.MX_SPI1_Init)
    i.MX_SPI2_Init                           0x08003ec0   Section        0  spi.o(i.MX_SPI2_Init)
    i.MX_TIM2_Init                           0x08003f08   Section        0  tim.o(i.MX_TIM2_Init)
    i.MX_USART3_UART_Init                    0x08003fd0   Section        0  usart.o(i.MX_USART3_UART_Init)
    i.MemManage_Handler                      0x08004008   Section        0  stm32f1xx_it.o(i.MemManage_Handler)
    i.NMI_Handler                            0x0800400a   Section        0  stm32f1xx_it.o(i.NMI_Handler)
    i.NRF24L01_Check                         0x0800400c   Section        0  nrf24l01.o(i.NRF24L01_Check)
    i.NRF24L01_RX_Mode                       0x080040a0   Section        0  nrf24l01.o(i.NRF24L01_RX_Mode)
    i.NRF24L01_Read_Buf                      0x08004104   Section        0  nrf24l01.o(i.NRF24L01_Read_Buf)
    i.NRF24L01_Read_Reg                      0x08004150   Section        0  nrf24l01.o(i.NRF24L01_Read_Reg)
    i.NRF24L01_RxPacket                      0x08004184   Section        0  nrf24l01.o(i.NRF24L01_RxPacket)
    i.NRF24L01_Write_Buf                     0x080041e8   Section        0  nrf24l01.o(i.NRF24L01_Write_Buf)
    i.NRF24L01_Write_Reg                     0x08004234   Section        0  nrf24l01.o(i.NRF24L01_Write_Reg)
    i.PID_Update                             0x08004270   Section        0  com_pid.o(i.PID_Update)
    i.Q_rsqrt                                0x080042d0   Section        0  com_imu.o(i.Q_rsqrt)
    i.ResetPID                               0x08004308   Section        0  com_pid.o(i.ResetPID)
    i.SPI_EndRxTxTransaction                 0x0800432c   Section        0  stm32f1xx_hal_spi.o(i.SPI_EndRxTxTransaction)
    SPI_EndRxTxTransaction                   0x0800432d   Thumb Code    32  stm32f1xx_hal_spi.o(i.SPI_EndRxTxTransaction)
    i.SPI_WaitFlagStateUntilTimeout          0x0800434c   Section        0  stm32f1xx_hal_spi.o(i.SPI_WaitFlagStateUntilTimeout)
    SPI_WaitFlagStateUntilTimeout            0x0800434d   Thumb Code   180  stm32f1xx_hal_spi.o(i.SPI_WaitFlagStateUntilTimeout)
    i.Start_Task                             0x08004404   Section        0  app_task.o(i.Start_Task)
    i.SysTick_Handler                        0x08004474   Section        0  stm32f1xx_it.o(i.SysTick_Handler)
    i.SystemClock_Config                     0x0800448c   Section        0  main.o(i.SystemClock_Config)
    i.SystemInit                             0x08004504   Section        0  system_stm32f1xx.o(i.SystemInit)
    i.TIM_Base_SetConfig                     0x08004508   Section        0  stm32f1xx_hal_tim.o(i.TIM_Base_SetConfig)
    i.TIM_CCxChannelCmd                      0x08004574   Section        0  stm32f1xx_hal_tim.o(i.TIM_CCxChannelCmd)
    i.TIM_ETR_SetConfig                      0x0800458e   Section        0  stm32f1xx_hal_tim.o(i.TIM_ETR_SetConfig)
    i.TIM_ITRx_SetConfig                     0x080045a2   Section        0  stm32f1xx_hal_tim.o(i.TIM_ITRx_SetConfig)
    TIM_ITRx_SetConfig                       0x080045a3   Thumb Code    16  stm32f1xx_hal_tim.o(i.TIM_ITRx_SetConfig)
    i.TIM_OC1_SetConfig                      0x080045b4   Section        0  stm32f1xx_hal_tim.o(i.TIM_OC1_SetConfig)
    TIM_OC1_SetConfig                        0x080045b5   Thumb Code    74  stm32f1xx_hal_tim.o(i.TIM_OC1_SetConfig)
    i.TIM_OC2_SetConfig                      0x08004604   Section        0  stm32f1xx_hal_tim.o(i.TIM_OC2_SetConfig)
    i.TIM_OC3_SetConfig                      0x0800465c   Section        0  stm32f1xx_hal_tim.o(i.TIM_OC3_SetConfig)
    TIM_OC3_SetConfig                        0x0800465d   Thumb Code    82  stm32f1xx_hal_tim.o(i.TIM_OC3_SetConfig)
    i.TIM_OC4_SetConfig                      0x080046b4   Section        0  stm32f1xx_hal_tim.o(i.TIM_OC4_SetConfig)
    TIM_OC4_SetConfig                        0x080046b5   Thumb Code    64  stm32f1xx_hal_tim.o(i.TIM_OC4_SetConfig)
    i.TIM_TI1_ConfigInputStage               0x080046f8   Section        0  stm32f1xx_hal_tim.o(i.TIM_TI1_ConfigInputStage)
    TIM_TI1_ConfigInputStage                 0x080046f9   Thumb Code    34  stm32f1xx_hal_tim.o(i.TIM_TI1_ConfigInputStage)
    i.TIM_TI2_ConfigInputStage               0x0800471a   Section        0  stm32f1xx_hal_tim.o(i.TIM_TI2_ConfigInputStage)
    TIM_TI2_ConfigInputStage                 0x0800471b   Thumb Code    36  stm32f1xx_hal_tim.o(i.TIM_TI2_ConfigInputStage)
    i.UART_SetConfig                         0x08004740   Section        0  stm32f1xx_hal_uart.o(i.UART_SetConfig)
    UART_SetConfig                           0x08004741   Thumb Code   178  stm32f1xx_hal_uart.o(i.UART_SetConfig)
    i.UART_WaitOnFlagUntilTimeout            0x080047f8   Section        0  stm32f1xx_hal_uart.o(i.UART_WaitOnFlagUntilTimeout)
    UART_WaitOnFlagUntilTimeout              0x080047f9   Thumb Code   120  stm32f1xx_hal_uart.o(i.UART_WaitOnFlagUntilTimeout)
    i.UsageFault_Handler                     0x08004870   Section        0  stm32f1xx_it.o(i.UsageFault_Handler)
    i.__0printf$8                            0x08004874   Section        0  printf8.o(i.__0printf$8)
    i.__ARM_fpclassify                       0x08004894   Section        0  fpclassify.o(i.__ARM_fpclassify)
    i.__ARM_fpclassifyf                      0x080048bc   Section        0  fpclassifyf.o(i.__ARM_fpclassifyf)
    i.__NVIC_SetPriority                     0x080048e2   Section        0  stm32f1xx_hal_cortex.o(i.__NVIC_SetPriority)
    __NVIC_SetPriority                       0x080048e3   Thumb Code    32  stm32f1xx_hal_cortex.o(i.__NVIC_SetPriority)
    i.__kernel_poly                          0x08004902   Section        0  poly.o(i.__kernel_poly)
    i.__mathlib_dbl_infnan                   0x080049ac   Section        0  dunder.o(i.__mathlib_dbl_infnan)
    i.__mathlib_dbl_invalid                  0x080049b2   Section        0  dunder.o(i.__mathlib_dbl_invalid)
    i.__mathlib_dbl_underflow                0x080049c0   Section        0  dunder.o(i.__mathlib_dbl_underflow)
    i.__mathlib_flt_infnan2                  0x080049d0   Section        0  funder.o(i.__mathlib_flt_infnan2)
    i.__mathlib_flt_underflow                0x080049d4   Section        0  funder.o(i.__mathlib_flt_underflow)
    i.__scatterload_copy                     0x080049de   Section       14  handlers.o(i.__scatterload_copy)
    i.__scatterload_null                     0x080049ec   Section        2  handlers.o(i.__scatterload_null)
    i.__scatterload_zeroinit                 0x080049ee   Section       14  handlers.o(i.__scatterload_zeroinit)
    i.__set_errno                            0x080049fc   Section        0  errno.o(i.__set_errno)
    i._printf_core                           0x08004a08   Section        0  printf8.o(i._printf_core)
    _printf_core                             0x08004a09   Thumb Code   996  printf8.o(i._printf_core)
    i._printf_post_padding                   0x08004e18   Section        0  printf8.o(i._printf_post_padding)
    _printf_post_padding                     0x08004e19   Thumb Code    36  printf8.o(i._printf_post_padding)
    i._printf_pre_padding                    0x08004e3c   Section        0  printf8.o(i._printf_pre_padding)
    _printf_pre_padding                      0x08004e3d   Thumb Code    46  printf8.o(i._printf_pre_padding)
    i.asin                                   0x08004e6c   Section        0  asin.o(i.asin)
    i.atan2f                                 0x080050dc   Section        0  atan2f.o(i.atan2f)
    i.fputc                                  0x08005338   Section        0  usart.o(i.fputc)
    i.main                                   0x08005350   Section        0  main.o(i.main)
    i.prvAddCurrentTaskToDelayedList         0x08005434   Section        0  tasks.o(i.prvAddCurrentTaskToDelayedList)
    prvAddCurrentTaskToDelayedList           0x08005435   Thumb Code   128  tasks.o(i.prvAddCurrentTaskToDelayedList)
    i.prvAddNewTaskToReadyList               0x080054bc   Section        0  tasks.o(i.prvAddNewTaskToReadyList)
    prvAddNewTaskToReadyList                 0x080054bd   Thumb Code   222  tasks.o(i.prvAddNewTaskToReadyList)
    i.prvDeleteTCB                           0x080055ac   Section        0  tasks.o(i.prvDeleteTCB)
    prvDeleteTCB                             0x080055ad   Thumb Code    20  tasks.o(i.prvDeleteTCB)
    i.prvHeapInit                            0x080055c0   Section        0  heap_4.o(i.prvHeapInit)
    prvHeapInit                              0x080055c1   Thumb Code    60  heap_4.o(i.prvHeapInit)
    i.prvIdleTask                            0x08005604   Section        0  tasks.o(i.prvIdleTask)
    prvIdleTask                              0x08005605   Thumb Code    82  tasks.o(i.prvIdleTask)
    i.prvInitialiseNewTask                   0x08005664   Section        0  tasks.o(i.prvInitialiseNewTask)
    prvInitialiseNewTask                     0x08005665   Thumb Code   112  tasks.o(i.prvInitialiseNewTask)
    i.prvInsertBlockIntoFreeList             0x080056d4   Section        0  heap_4.o(i.prvInsertBlockIntoFreeList)
    prvInsertBlockIntoFreeList               0x080056d5   Thumb Code    72  heap_4.o(i.prvInsertBlockIntoFreeList)
    i.prvResetNextTaskUnblockTime            0x08005720   Section        0  tasks.o(i.prvResetNextTaskUnblockTime)
    prvResetNextTaskUnblockTime              0x08005721   Thumb Code    24  tasks.o(i.prvResetNextTaskUnblockTime)
    i.prvTaskExitError                       0x0800573c   Section        0  port.o(i.prvTaskExitError)
    prvTaskExitError                         0x0800573d   Thumb Code    16  port.o(i.prvTaskExitError)
    i.pvPortMalloc                           0x0800574c   Section        0  heap_4.o(i.pvPortMalloc)
    i.pxPortInitialiseStack                  0x080057e4   Section        0  port.o(i.pxPortInitialiseStack)
    i.sqrt                                   0x08005808   Section        0  sqrt.o(i.sqrt)
    i.uxListRemove                           0x08005854   Section        0  list.o(i.uxListRemove)
    i.vListInitialise                        0x0800587a   Section        0  list.o(i.vListInitialise)
    i.vListInitialiseItem                    0x08005890   Section        0  list.o(i.vListInitialiseItem)
    i.vListInsert                            0x08005896   Section        0  list.o(i.vListInsert)
    i.vListInsertEnd                         0x080058c6   Section        0  list.o(i.vListInsertEnd)
    i.vPortEnterCritical                     0x080058e0   Section        0  port.o(i.vPortEnterCritical)
    i.vPortExitCritical                      0x080058fc   Section        0  port.o(i.vPortExitCritical)
    i.vPortFree                              0x08005910   Section        0  heap_4.o(i.vPortFree)
    i.vPortSetupTimerInterrupt               0x08005954   Section        0  port.o(i.vPortSetupTimerInterrupt)
    i.vTaskDelete                            0x0800596c   Section        0  tasks.o(i.vTaskDelete)
    i.vTaskStartScheduler                    0x08005a0c   Section        0  tasks.o(i.vTaskStartScheduler)
    i.vTaskSuspendAll                        0x08005a5c   Section        0  tasks.o(i.vTaskSuspendAll)
    i.vTaskSwitchContext                     0x08005a6c   Section        0  tasks.o(i.vTaskSwitchContext)
    i.xPortStartScheduler                    0x08005ab0   Section        0  port.o(i.xPortStartScheduler)
    i.xPortSysTickHandler                    0x08005ae0   Section        0  port.o(i.xPortSysTickHandler)
    i.xTaskCreate                            0x08005b0c   Section        0  tasks.o(i.xTaskCreate)
    i.xTaskDelayUntil                        0x08005b68   Section        0  tasks.o(i.xTaskDelayUntil)
    i.xTaskGetSchedulerState                 0x08005bc0   Section        0  tasks.o(i.xTaskGetSchedulerState)
    i.xTaskGetTickCount                      0x08005bdc   Section        0  tasks.o(i.xTaskGetTickCount)
    i.xTaskIncrementTick                     0x08005be8   Section        0  tasks.o(i.xTaskIncrementTick)
    i.xTaskResumeAll                         0x08005d0c   Section        0  tasks.o(i.xTaskResumeAll)
    .constdata                               0x08005e28   Section        8  main.o(.constdata)
    .constdata                               0x08005e30   Section       18  stm32f1xx_hal_rcc.o(.constdata)
    aPredivFactorTable                       0x08005e30   Data           2  stm32f1xx_hal_rcc.o(.constdata)
    aPLLMULFactorTable                       0x08005e32   Data          16  stm32f1xx_hal_rcc.o(.constdata)
    .constdata                               0x08005e42   Section       16  system_stm32f1xx.o(.constdata)
    .constdata                               0x08005e52   Section        8  system_stm32f1xx.o(.constdata)
    .constdata                               0x08005e5c   Section        4  com_imu.o(.constdata)
    .constdata                               0x08005e60   Section       80  asin.o(.constdata)
    pS                                       0x08005e60   Data          48  asin.o(.constdata)
    qS                                       0x08005e90   Data          32  asin.o(.constdata)
    .data                                    0x20000000   Section       12  stm32f1xx_hal.o(.data)
    .data                                    0x2000000c   Section        4  system_stm32f1xx.o(.data)
    .data                                    0x20000010   Section       64  tasks.o(.data)
    uxDeletedTasksWaitingCleanUp             0x20000014   Data           4  tasks.o(.data)
    uxCurrentNumberOfTasks                   0x20000018   Data           4  tasks.o(.data)
    xTickCount                               0x2000001c   Data           4  tasks.o(.data)
    uxTopReadyPriority                       0x20000020   Data           4  tasks.o(.data)
    xSchedulerRunning                        0x20000024   Data           4  tasks.o(.data)
    xPendedTicks                             0x20000028   Data           4  tasks.o(.data)
    xYieldPending                            0x2000002c   Data           4  tasks.o(.data)
    xNumOfOverflows                          0x20000030   Data           4  tasks.o(.data)
    uxTaskNumber                             0x20000034   Data           4  tasks.o(.data)
    xNextTaskUnblockTime                     0x20000038   Data           4  tasks.o(.data)
    xIdleTaskHandle                          0x2000003c   Data           4  tasks.o(.data)
    uxSchedulerSuspended                     0x20000044   Data           4  tasks.o(.data)
    pxDelayedTaskList                        0x20000048   Data           4  tasks.o(.data)
    pxOverflowDelayedTaskList                0x2000004c   Data           4  tasks.o(.data)
    .data                                    0x20000050   Section       28  heap_4.o(.data)
    pxEnd                                    0x20000050   Data           4  heap_4.o(.data)
    xFreeBytesRemaining                      0x20000054   Data           4  heap_4.o(.data)
    xMinimumEverFreeBytesRemaining           0x20000058   Data           4  heap_4.o(.data)
    xNumberOfSuccessfulAllocations           0x2000005c   Data           4  heap_4.o(.data)
    xNumberOfSuccessfulFrees                 0x20000060   Data           4  heap_4.o(.data)
    xStart                                   0x20000064   Data           8  heap_4.o(.data)
    .data                                    0x2000006c   Section        4  port.o(.data)
    uxCriticalNesting                        0x2000006c   Data           4  port.o(.data)
    .data                                    0x20000070   Section       56  app_flight.o(.data)
    status                                   0x20000071   Data           1  app_flight.o(.data)
    status                                   0x20000072   Data           1  app_flight.o(.data)
    status                                   0x20000073   Data           1  app_flight.o(.data)
    time_count                               0x2000007c   Data           2  app_flight.o(.data)
    flag                                     0x2000007e   Data           2  app_flight.o(.data)
    thr_count                                0x20000080   Data           2  app_flight.o(.data)
    lastGyro                                 0x20000088   Data           6  app_flight.o(.data)
    .data                                    0x200000a8   Section       12  app_task.o(.data)
    .data                                    0x200000b4   Section       28  com_imu.o(.data)
    KpDef                                    0x200000b4   Data           4  com_imu.o(.data)
    KiDef                                    0x200000b8   Data           4  com_imu.o(.data)
    NormAccz                                 0x200000bc   Data           4  com_imu.o(.data)
    NumQ                                     0x200000c0   Data          16  com_imu.o(.data)
    .data                                    0x200000d0   Section       72  com_kalman.o(.data)
    .data                                    0x20000118   Section       12  nrf24l01.o(.data)
    .data                                    0x20000124   Section        4  stdout.o(.data)
    .data                                    0x20000128   Section        4  errno.o(.data)
    _errno                                   0x20000128   Data           4  errno.o(.data)
    .bss                                     0x2000012c   Section       20  main.o(.bss)
    .bss                                     0x20000140   Section      116  adc.o(.bss)
    .bss                                     0x200001b4   Section       84  i2c.o(.bss)
    .bss                                     0x20000208   Section      176  spi.o(.bss)
    .bss                                     0x200002b8   Section       72  tim.o(.bss)
    .bss                                     0x20000300   Section       72  usart.o(.bss)
    .bss                                     0x20000348   Section      740  tasks.o(.bss)
    pxReadyTasksLists                        0x20000348   Data         640  tasks.o(.bss)
    xDelayedTaskList1                        0x200005c8   Data          20  tasks.o(.bss)
    xDelayedTaskList2                        0x200005dc   Data          20  tasks.o(.bss)
    xPendingReadyList                        0x200005f0   Data          20  tasks.o(.bss)
    xTasksWaitingTermination                 0x20000604   Data          20  tasks.o(.bss)
    xSuspendedTaskList                       0x20000618   Data          20  tasks.o(.bss)
    .bss                                     0x2000062c   Section    15360  heap_4.o(.bss)
    ucHeap                                   0x2000062c   Data       15360  heap_4.o(.bss)
    .bss                                     0x2000422c   Section      248  app_flight.o(.bss)
    .bss                                     0x20004324   Section       12  com_imu.o(.bss)
    GyroIntegError                           0x20004324   Data          12  com_imu.o(.bss)
    .bss                                     0x20004330   Section       28  nrf24l01.o(.bss)
    STACK                                    0x20004350   Section     1024  startup_stm32f103xb.o(STACK)

    Global Symbols

    Symbol Name                              Value     Ov Type        Size  Object(Section)

    BuildAttributes$$THM_ISAv4$P$D$K$B$S$PE$A:L22UL41UL21$X:L11$S22US41US21$IEEE1$IW$USESV6$~STKCKD$USESV7$~SHL$OTIME$ROPI$IEEEX$EBA8$MICROLIB$REQ8$PRES8$EABIv2 0x00000000   Number         0  anon$$obj.o ABSOLUTE
    __ARM_use_no_argv                        0x00000000   Number         0  main.o ABSOLUTE
    _printf_a                                0x00000000   Number         0  stubs.o ABSOLUTE
    _printf_c                                0x00000000   Number         0  stubs.o ABSOLUTE
    _printf_charcount                        0x00000000   Number         0  stubs.o ABSOLUTE
    _printf_d                                0x00000000   Number         0  stubs.o ABSOLUTE
    _printf_e                                0x00000000   Number         0  stubs.o ABSOLUTE
    _printf_f                                0x00000000   Number         0  stubs.o ABSOLUTE
    _printf_flags                            0x00000000   Number         0  stubs.o ABSOLUTE
    _printf_fp_dec                           0x00000000   Number         0  stubs.o ABSOLUTE
    _printf_fp_hex                           0x00000000   Number         0  stubs.o ABSOLUTE
    _printf_g                                0x00000000   Number         0  stubs.o ABSOLUTE
    _printf_i                                0x00000000   Number         0  stubs.o ABSOLUTE
    _printf_int_dec                          0x00000000   Number         0  stubs.o ABSOLUTE
    _printf_l                                0x00000000   Number         0  stubs.o ABSOLUTE
    _printf_lc                               0x00000000   Number         0  stubs.o ABSOLUTE
    _printf_ll                               0x00000000   Number         0  stubs.o ABSOLUTE
    _printf_lld                              0x00000000   Number         0  stubs.o ABSOLUTE
    _printf_lli                              0x00000000   Number         0  stubs.o ABSOLUTE
    _printf_llo                              0x00000000   Number         0  stubs.o ABSOLUTE
    _printf_llu                              0x00000000   Number         0  stubs.o ABSOLUTE
    _printf_llx                              0x00000000   Number         0  stubs.o ABSOLUTE
    _printf_longlong_dec                     0x00000000   Number         0  stubs.o ABSOLUTE
    _printf_longlong_hex                     0x00000000   Number         0  stubs.o ABSOLUTE
    _printf_longlong_oct                     0x00000000   Number         0  stubs.o ABSOLUTE
    _printf_ls                               0x00000000   Number         0  stubs.o ABSOLUTE
    _printf_mbtowc                           0x00000000   Number         0  stubs.o ABSOLUTE
    _printf_n                                0x00000000   Number         0  stubs.o ABSOLUTE
    _printf_o                                0x00000000   Number         0  stubs.o ABSOLUTE
    _printf_p                                0x00000000   Number         0  stubs.o ABSOLUTE
    _printf_percent                          0x00000000   Number         0  stubs.o ABSOLUTE
    _printf_pre_padding                      0x00000000   Number         0  stubs.o ABSOLUTE
    _printf_return_value                     0x00000000   Number         0  stubs.o ABSOLUTE
    _printf_s                                0x00000000   Number         0  stubs.o ABSOLUTE
    _printf_sizespec                         0x00000000   Number         0  stubs.o ABSOLUTE
    _printf_str                              0x00000000   Number         0  stubs.o ABSOLUTE
    _printf_truncate_signed                  0x00000000   Number         0  stubs.o ABSOLUTE
    _printf_truncate_unsigned                0x00000000   Number         0  stubs.o ABSOLUTE
    _printf_u                                0x00000000   Number         0  stubs.o ABSOLUTE
    _printf_wc                               0x00000000   Number         0  stubs.o ABSOLUTE
    _printf_wctomb                           0x00000000   Number         0  stubs.o ABSOLUTE
    _printf_widthprec                        0x00000000   Number         0  stubs.o ABSOLUTE
    _printf_x                                0x00000000   Number         0  stubs.o ABSOLUTE
    __cpp_initialize__aeabi_                  - Undefined Weak Reference
    __cxa_finalize                            - Undefined Weak Reference
    _clock_init                               - Undefined Weak Reference
    _microlib_exit                            - Undefined Weak Reference
    __Vectors_Size                           0x000000ec   Number         0  startup_stm32f103xb.o ABSOLUTE
    __Vectors                                0x08000000   Data           4  startup_stm32f103xb.o(RESET)
    __Vectors_End                            0x080000ec   Data           0  startup_stm32f103xb.o(RESET)
    __main                                   0x080000ed   Thumb Code     0  entry.o(.ARM.Collect$$$$00000000)
    _main_stk                                0x080000ed   Thumb Code     0  entry2.o(.ARM.Collect$$$$00000001)
    _main_scatterload                        0x080000f1   Thumb Code     0  entry5.o(.ARM.Collect$$$$00000004)
    __main_after_scatterload                 0x080000f5   Thumb Code     0  entry5.o(.ARM.Collect$$$$00000004)
    _main_clock                              0x080000f5   Thumb Code     0  entry7b.o(.ARM.Collect$$$$00000008)
    _main_cpp_init                           0x080000f5   Thumb Code     0  entry8b.o(.ARM.Collect$$$$0000000A)
    _main_init                               0x080000f5   Thumb Code     0  entry9a.o(.ARM.Collect$$$$0000000B)
    __rt_final_cpp                           0x080000fd   Thumb Code     0  entry10a.o(.ARM.Collect$$$$0000000D)
    __rt_final_exit                          0x080000fd   Thumb Code     0  entry11a.o(.ARM.Collect$$$$0000000F)
    SVC_Handler                              0x08000101   Thumb Code    32  port.o(.emb_text)
    __asm___6_port_c_39a90d8d__prvStartFirstTask 0x08000125   Thumb Code    28  port.o(.emb_text)
    PendSV_Handler                           0x08000145   Thumb Code    72  port.o(.emb_text)
    vPortGetIPSR                             0x08000191   Thumb Code     6  port.o(.emb_text)
    Reset_Handler                            0x08000199   Thumb Code     8  startup_stm32f103xb.o(.text)
    ADC1_2_IRQHandler                        0x080001b3   Thumb Code     0  startup_stm32f103xb.o(.text)
    CAN1_RX1_IRQHandler                      0x080001b3   Thumb Code     0  startup_stm32f103xb.o(.text)
    CAN1_SCE_IRQHandler                      0x080001b3   Thumb Code     0  startup_stm32f103xb.o(.text)
    DMA1_Channel2_IRQHandler                 0x080001b3   Thumb Code     0  startup_stm32f103xb.o(.text)
    DMA1_Channel3_IRQHandler                 0x080001b3   Thumb Code     0  startup_stm32f103xb.o(.text)
    DMA1_Channel4_IRQHandler                 0x080001b3   Thumb Code     0  startup_stm32f103xb.o(.text)
    DMA1_Channel5_IRQHandler                 0x080001b3   Thumb Code     0  startup_stm32f103xb.o(.text)
    DMA1_Channel6_IRQHandler                 0x080001b3   Thumb Code     0  startup_stm32f103xb.o(.text)
    DMA1_Channel7_IRQHandler                 0x080001b3   Thumb Code     0  startup_stm32f103xb.o(.text)
    EXTI0_IRQHandler                         0x080001b3   Thumb Code     0  startup_stm32f103xb.o(.text)
    EXTI15_10_IRQHandler                     0x080001b3   Thumb Code     0  startup_stm32f103xb.o(.text)
    EXTI1_IRQHandler                         0x080001b3   Thumb Code     0  startup_stm32f103xb.o(.text)
    EXTI2_IRQHandler                         0x080001b3   Thumb Code     0  startup_stm32f103xb.o(.text)
    EXTI3_IRQHandler                         0x080001b3   Thumb Code     0  startup_stm32f103xb.o(.text)
    EXTI4_IRQHandler                         0x080001b3   Thumb Code     0  startup_stm32f103xb.o(.text)
    EXTI9_5_IRQHandler                       0x080001b3   Thumb Code     0  startup_stm32f103xb.o(.text)
    FLASH_IRQHandler                         0x080001b3   Thumb Code     0  startup_stm32f103xb.o(.text)
    I2C1_ER_IRQHandler                       0x080001b3   Thumb Code     0  startup_stm32f103xb.o(.text)
    I2C1_EV_IRQHandler                       0x080001b3   Thumb Code     0  startup_stm32f103xb.o(.text)
    I2C2_ER_IRQHandler                       0x080001b3   Thumb Code     0  startup_stm32f103xb.o(.text)
    I2C2_EV_IRQHandler                       0x080001b3   Thumb Code     0  startup_stm32f103xb.o(.text)
    PVD_IRQHandler                           0x080001b3   Thumb Code     0  startup_stm32f103xb.o(.text)
    RCC_IRQHandler                           0x080001b3   Thumb Code     0  startup_stm32f103xb.o(.text)
    RTC_Alarm_IRQHandler                     0x080001b3   Thumb Code     0  startup_stm32f103xb.o(.text)
    RTC_IRQHandler                           0x080001b3   Thumb Code     0  startup_stm32f103xb.o(.text)
    SPI1_IRQHandler                          0x080001b3   Thumb Code     0  startup_stm32f103xb.o(.text)
    SPI2_IRQHandler                          0x080001b3   Thumb Code     0  startup_stm32f103xb.o(.text)
    TAMPER_IRQHandler                        0x080001b3   Thumb Code     0  startup_stm32f103xb.o(.text)
    TIM1_BRK_IRQHandler                      0x080001b3   Thumb Code     0  startup_stm32f103xb.o(.text)
    TIM1_CC_IRQHandler                       0x080001b3   Thumb Code     0  startup_stm32f103xb.o(.text)
    TIM1_TRG_COM_IRQHandler                  0x080001b3   Thumb Code     0  startup_stm32f103xb.o(.text)
    TIM1_UP_IRQHandler                       0x080001b3   Thumb Code     0  startup_stm32f103xb.o(.text)
    TIM2_IRQHandler                          0x080001b3   Thumb Code     0  startup_stm32f103xb.o(.text)
    TIM3_IRQHandler                          0x080001b3   Thumb Code     0  startup_stm32f103xb.o(.text)
    TIM4_IRQHandler                          0x080001b3   Thumb Code     0  startup_stm32f103xb.o(.text)
    USART1_IRQHandler                        0x080001b3   Thumb Code     0  startup_stm32f103xb.o(.text)
    USART2_IRQHandler                        0x080001b3   Thumb Code     0  startup_stm32f103xb.o(.text)
    USART3_IRQHandler                        0x080001b3   Thumb Code     0  startup_stm32f103xb.o(.text)
    USBWakeUp_IRQHandler                     0x080001b3   Thumb Code     0  startup_stm32f103xb.o(.text)
    USB_HP_CAN1_TX_IRQHandler                0x080001b3   Thumb Code     0  startup_stm32f103xb.o(.text)
    USB_LP_CAN1_RX0_IRQHandler               0x080001b3   Thumb Code     0  startup_stm32f103xb.o(.text)
    WWDG_IRQHandler                          0x080001b3   Thumb Code     0  startup_stm32f103xb.o(.text)
    __aeabi_llsr                             0x080001bd   Thumb Code    32  llushr.o(.text)
    _ll_ushift_r                             0x080001bd   Thumb Code     0  llushr.o(.text)
    __aeabi_memset                           0x080001dd   Thumb Code    14  memseta.o(.text)
    __aeabi_memset4                          0x080001dd   Thumb Code     0  memseta.o(.text)
    __aeabi_memset8                          0x080001dd   Thumb Code     0  memseta.o(.text)
    __aeabi_memclr                           0x080001eb   Thumb Code     4  memseta.o(.text)
    __aeabi_memclr4                          0x080001eb   Thumb Code     0  memseta.o(.text)
    __aeabi_memclr8                          0x080001eb   Thumb Code     0  memseta.o(.text)
    _memset$wrapper                          0x080001ef   Thumb Code    18  memseta.o(.text)
    __aeabi_fadd                             0x08000201   Thumb Code   164  fadd.o(.text)
    __aeabi_fsub                             0x080002a5   Thumb Code     6  fadd.o(.text)
    __aeabi_frsub                            0x080002ab   Thumb Code     6  fadd.o(.text)
    __aeabi_fmul                             0x080002b1   Thumb Code   100  fmul.o(.text)
    __aeabi_fdiv                             0x08000315   Thumb Code   124  fdiv.o(.text)
    __ARM_scalbnf                            0x08000391   Thumb Code    24  fscalb.o(.text)
    scalbnf                                  0x08000391   Thumb Code     0  fscalb.o(.text)
    __aeabi_dadd                             0x080003a9   Thumb Code   322  dadd.o(.text)
    __aeabi_dsub                             0x080004eb   Thumb Code     6  dadd.o(.text)
    __aeabi_drsub                            0x080004f1   Thumb Code     6  dadd.o(.text)
    __aeabi_dmul                             0x080004f7   Thumb Code   228  dmul.o(.text)
    __aeabi_i2f                              0x080005db   Thumb Code    18  fflti.o(.text)
    __aeabi_i2d                              0x080005ed   Thumb Code    34  dflti.o(.text)
    __aeabi_f2iz                             0x0800060f   Thumb Code    50  ffixi.o(.text)
    __aeabi_d2iz                             0x08000641   Thumb Code    62  dfixi.o(.text)
    __aeabi_f2d                              0x0800067f   Thumb Code    38  f2d.o(.text)
    __aeabi_d2f                              0x080006a5   Thumb Code    56  d2f.o(.text)
    __aeabi_uldivmod                         0x080006dd   Thumb Code    98  uldiv.o(.text)
    __aeabi_llsl                             0x0800073f   Thumb Code    30  llshl.o(.text)
    _ll_shift_l                              0x0800073f   Thumb Code     0  llshl.o(.text)
    __aeabi_lasr                             0x0800075d   Thumb Code    36  llsshr.o(.text)
    _ll_sshift_r                             0x0800075d   Thumb Code     0  llsshr.o(.text)
    __I$use$fp                               0x08000781   Thumb Code     0  iusefp.o(.text)
    _float_round                             0x08000781   Thumb Code    18  fepilogue.o(.text)
    _float_epilogue                          0x08000793   Thumb Code    92  fepilogue.o(.text)
    _double_round                            0x080007ef   Thumb Code    30  depilogue.o(.text)
    _double_epilogue                         0x0800080d   Thumb Code   156  depilogue.o(.text)
    __aeabi_ddiv                             0x080008a9   Thumb Code   222  ddiv.o(.text)
    __ARM_scalbn                             0x08000987   Thumb Code    46  dscalb.o(.text)
    scalbn                                   0x08000987   Thumb Code     0  dscalb.o(.text)
    __scatterload                            0x080009b5   Thumb Code    28  init.o(.text)
    __scatterload_rt2                        0x080009b5   Thumb Code     0  init.o(.text)
    _dsqrt                                   0x080009d9   Thumb Code   162  dsqrt.o(.text)
    __decompress                             0x08000a7b   Thumb Code     0  __dczerorl2.o(.text)
    __decompress1                            0x08000a7b   Thumb Code    86  __dczerorl2.o(.text)
    ADC_ConversionStop_Disable               0x08000ad1   Thumb Code    86  stm32f1xx_hal_adc.o(i.ADC_ConversionStop_Disable)
    ADC_DMAConvCplt                          0x08000b27   Thumb Code    78  stm32f1xx_hal_adc.o(i.ADC_DMAConvCplt)
    ADC_DMAError                             0x08000b75   Thumb Code    26  stm32f1xx_hal_adc.o(i.ADC_DMAError)
    ADC_DMAHalfConvCplt                      0x08000b8f   Thumb Code    10  stm32f1xx_hal_adc.o(i.ADC_DMAHalfConvCplt)
    ADC_Enable                               0x08000b99   Thumb Code   114  stm32f1xx_hal_adc.o(i.ADC_Enable)
    App_Flight_MPU_Data                      0x08000c15   Thumb Code   280  app_flight.o(i.App_Flight_MPU_Data)
    App_Flight_Mode_Control                  0x08000d41   Thumb Code    74  app_flight.o(i.App_Flight_Mode_Control)
    App_Flight_Motor_Control                 0x08000d95   Thumb Code   362  app_flight.o(i.App_Flight_Motor_Control)
    App_Flight_PID_Control                   0x08000f39   Thumb Code   180  app_flight.o(i.App_Flight_PID_Control)
    App_Flight_RC_Analysis                   0x08000ff9   Thumb Code   154  app_flight.o(i.App_Flight_RC_Analysis)
    App_Flight_RC_Unlock                     0x080010f9   Thumb Code   184  app_flight.o(i.App_Flight_RC_Unlock)
    App_Flight_Remote_Check                  0x08001251   Thumb Code   212  app_flight.o(i.App_Flight_Remote_Check)
    App_PID_Param_Init                       0x080013b1   Thumb Code    74  app_flight.o(i.App_PID_Param_Init)
    App_Task_2MS                             0x08001411   Thumb Code     6  app_task.o(i.App_Task_2MS)
    App_Task_8MS                             0x08001419   Thumb Code    68  app_task.o(i.App_Task_8MS)
    BusFault_Handler                         0x0800146d   Thumb Code     2  stm32f1xx_it.o(i.BusFault_Handler)
    CasecadePID                              0x0800146f   Thumb Code    30  com_pid.o(i.CasecadePID)
    Com_Kalman_1                             0x0800148d   Thumb Code    84  com_kalman.o(i.Com_Kalman_1)
    DMA1_Channel1_IRQHandler                 0x080014e1   Thumb Code     6  stm32f1xx_it.o(i.DMA1_Channel1_IRQHandler)
    DebugMon_Handler                         0x08001517   Thumb Code     2  stm32f1xx_it.o(i.DebugMon_Handler)
    Driver_SPI_SwapByte                      0x08001519   Thumb Code    28  spi.o(i.Driver_SPI_SwapByte)
    Error_Handler                            0x08001539   Thumb Code     4  main.o(i.Error_Handler)
    FreeRTOS_Start                           0x0800153d   Thumb Code    30  app_task.o(i.FreeRTOS_Start)
    GetAngle                                 0x08001571   Thumb Code  1156  com_imu.o(i.GetAngle)
    HAL_ADC_ConfigChannel                    0x080019f5   Thumb Code   240  stm32f1xx_hal_adc.o(i.HAL_ADC_ConfigChannel)
    HAL_ADC_ConvCpltCallback                 0x08001af1   Thumb Code     2  stm32f1xx_hal_adc.o(i.HAL_ADC_ConvCpltCallback)
    HAL_ADC_ConvHalfCpltCallback             0x08001af3   Thumb Code     2  stm32f1xx_hal_adc.o(i.HAL_ADC_ConvHalfCpltCallback)
    HAL_ADC_ErrorCallback                    0x08001af5   Thumb Code     2  stm32f1xx_hal_adc.o(i.HAL_ADC_ErrorCallback)
    HAL_ADC_Init                             0x08001af9   Thumb Code   272  stm32f1xx_hal_adc.o(i.HAL_ADC_Init)
    HAL_ADC_MspInit                          0x08001c15   Thumb Code   124  adc.o(i.HAL_ADC_MspInit)
    HAL_ADC_Start_DMA                        0x08001ca5   Thumb Code   246  stm32f1xx_hal_adc.o(i.HAL_ADC_Start_DMA)
    HAL_DMA_IRQHandler                       0x08001db1   Thumb Code   316  stm32f1xx_hal_dma.o(i.HAL_DMA_IRQHandler)
    HAL_DMA_Init                             0x08001f05   Thumb Code    84  stm32f1xx_hal_dma.o(i.HAL_DMA_Init)
    HAL_DMA_Start_IT                         0x08001f61   Thumb Code   112  stm32f1xx_hal_dma.o(i.HAL_DMA_Start_IT)
    HAL_Delay                                0x08001fd1   Thumb Code    32  stm32f1xx_hal.o(i.HAL_Delay)
    HAL_GPIO_Init                            0x08001ff5   Thumb Code   446  stm32f1xx_hal_gpio.o(i.HAL_GPIO_Init)
    HAL_GPIO_WritePin                        0x080021d5   Thumb Code    10  stm32f1xx_hal_gpio.o(i.HAL_GPIO_WritePin)
    HAL_GetTick                              0x080021e1   Thumb Code     6  stm32f1xx_hal.o(i.HAL_GetTick)
    HAL_I2C_Init                             0x080021ed   Thumb Code   376  stm32f1xx_hal_i2c.o(i.HAL_I2C_Init)
    HAL_I2C_Mem_Read                         0x08002375   Thumb Code   574  stm32f1xx_hal_i2c.o(i.HAL_I2C_Mem_Read)
    HAL_I2C_Mem_Write                        0x080025c5   Thumb Code   294  stm32f1xx_hal_i2c.o(i.HAL_I2C_Mem_Write)
    HAL_I2C_MspInit                          0x080026f5   Thumb Code    80  i2c.o(i.HAL_I2C_MspInit)
    HAL_IncTick                              0x08002751   Thumb Code    12  stm32f1xx_hal.o(i.HAL_IncTick)
    HAL_Init                                 0x08002761   Thumb Code    32  stm32f1xx_hal.o(i.HAL_Init)
    HAL_InitTick                             0x08002785   Thumb Code    54  stm32f1xx_hal.o(i.HAL_InitTick)
    HAL_MspInit                              0x080027c5   Thumb Code    52  stm32f1xx_hal_msp.o(i.HAL_MspInit)
    HAL_NVIC_EnableIRQ                       0x08002801   Thumb Code    26  stm32f1xx_hal_cortex.o(i.HAL_NVIC_EnableIRQ)
    HAL_NVIC_SetPriority                     0x0800281d   Thumb Code    60  stm32f1xx_hal_cortex.o(i.HAL_NVIC_SetPriority)
    HAL_NVIC_SetPriorityGrouping             0x0800285d   Thumb Code    26  stm32f1xx_hal_cortex.o(i.HAL_NVIC_SetPriorityGrouping)
    HAL_RCCEx_PeriphCLKConfig                0x08002881   Thumb Code   224  stm32f1xx_hal_rcc_ex.o(i.HAL_RCCEx_PeriphCLKConfig)
    HAL_RCC_ClockConfig                      0x0800296d   Thumb Code   280  stm32f1xx_hal_rcc.o(i.HAL_RCC_ClockConfig)
    HAL_RCC_GetPCLK1Freq                     0x08002a99   Thumb Code    20  stm32f1xx_hal_rcc.o(i.HAL_RCC_GetPCLK1Freq)
    HAL_RCC_GetPCLK2Freq                     0x08002ab9   Thumb Code    20  stm32f1xx_hal_rcc.o(i.HAL_RCC_GetPCLK2Freq)
    HAL_RCC_GetSysClockFreq                  0x08002ad9   Thumb Code    58  stm32f1xx_hal_rcc.o(i.HAL_RCC_GetSysClockFreq)
    HAL_RCC_OscConfig                        0x08002b25   Thumb Code   778  stm32f1xx_hal_rcc.o(i.HAL_RCC_OscConfig)
    HAL_SPI_Init                             0x08002e45   Thumb Code   178  stm32f1xx_hal_spi.o(i.HAL_SPI_Init)
    HAL_SPI_MspInit                          0x08002ef9   Thumb Code   162  spi.o(i.HAL_SPI_MspInit)
    HAL_SPI_TransmitReceive                  0x08002fb1   Thumb Code   494  stm32f1xx_hal_spi.o(i.HAL_SPI_TransmitReceive)
    HAL_SYSTICK_Config                       0x0800319f   Thumb Code    40  stm32f1xx_hal_cortex.o(i.HAL_SYSTICK_Config)
    HAL_TIMEx_MasterConfigSynchronization    0x080031c9   Thumb Code    92  stm32f1xx_hal_tim_ex.o(i.HAL_TIMEx_MasterConfigSynchronization)
    HAL_TIM_Base_Init                        0x08003231   Thumb Code    90  stm32f1xx_hal_tim.o(i.HAL_TIM_Base_Init)
    HAL_TIM_Base_MspInit                     0x0800328d   Thumb Code    30  tim.o(i.HAL_TIM_Base_MspInit)
    HAL_TIM_ConfigClockSource                0x080032b1   Thumb Code   220  stm32f1xx_hal_tim.o(i.HAL_TIM_ConfigClockSource)
    HAL_TIM_MspPostInit                      0x0800338d   Thumb Code    62  tim.o(i.HAL_TIM_MspPostInit)
    HAL_TIM_PWM_ConfigChannel                0x080033d5   Thumb Code   204  stm32f1xx_hal_tim.o(i.HAL_TIM_PWM_ConfigChannel)
    HAL_TIM_PWM_Init                         0x080034a1   Thumb Code    90  stm32f1xx_hal_tim.o(i.HAL_TIM_PWM_Init)
    HAL_TIM_PWM_MspInit                      0x080034fb   Thumb Code     2  stm32f1xx_hal_tim.o(i.HAL_TIM_PWM_MspInit)
    HAL_TIM_PWM_Start                        0x080034fd   Thumb Code   144  stm32f1xx_hal_tim.o(i.HAL_TIM_PWM_Start)
    HAL_UART_Init                            0x08003599   Thumb Code   100  stm32f1xx_hal_uart.o(i.HAL_UART_Init)
    HAL_UART_MspInit                         0x080035fd   Thumb Code   100  usart.o(i.HAL_UART_MspInit)
    HAL_UART_Transmit                        0x0800366d   Thumb Code   154  stm32f1xx_hal_uart.o(i.HAL_UART_Transmit)
    HardFault_Handler                        0x08003707   Thumb Code     2  stm32f1xx_it.o(i.HardFault_Handler)
    Int_MPU6050_GetAccl                      0x08003b47   Thumb Code    44  int_mpu6050.o(i.Int_MPU6050_GetAccl)
    Int_MPU6050_GetGyro                      0x08003b73   Thumb Code    44  int_mpu6050.o(i.Int_MPU6050_GetGyro)
    Int_MPU6050_Init                         0x08003b9f   Thumb Code   108  int_mpu6050.o(i.Int_MPU6050_Init)
    Int_MPU6050_ReadByte                     0x08003c0d   Thumb Code    28  int_mpu6050.o(i.Int_MPU6050_ReadByte)
    Int_MPU6050_Read_Len                     0x08003c2d   Thumb Code    26  int_mpu6050.o(i.Int_MPU6050_Read_Len)
    Int_MPU6050_WriteByte                    0x08003c4d   Thumb Code    34  int_mpu6050.o(i.Int_MPU6050_WriteByte)
    Int_MPU_Set_Accel_Fsr                    0x08003c75   Thumb Code    10  int_mpu6050.o(i.Int_MPU_Set_Accel_Fsr)
    Int_MPU_Set_Gyro_Fsr                     0x08003c7f   Thumb Code    10  int_mpu6050.o(i.Int_MPU_Set_Gyro_Fsr)
    Int_MPU_Set_LPF                          0x08003c89   Thumb Code    48  int_mpu6050.o(i.Int_MPU_Set_LPF)
    Int_MPU_Set_Rate                         0x08003cb9   Thumb Code    46  int_mpu6050.o(i.Int_MPU_Set_Rate)
    MX_ADC1_Init                             0x08003ce9   Thumb Code    70  adc.o(i.MX_ADC1_Init)
    MX_DMA_Init                              0x08003d39   Thumb Code    40  dma.o(i.MX_DMA_Init)
    MX_GPIO_Init                             0x08003d65   Thumb Code   198  gpio.o(i.MX_GPIO_Init)
    MX_I2C1_Init                             0x08003e39   Thumb Code    50  i2c.o(i.MX_I2C1_Init)
    MX_SPI1_Init                             0x08003e79   Thumb Code    62  spi.o(i.MX_SPI1_Init)
    MX_SPI2_Init                             0x08003ec1   Thumb Code    62  spi.o(i.MX_SPI2_Init)
    MX_TIM2_Init                             0x08003f09   Thumb Code   194  tim.o(i.MX_TIM2_Init)
    MX_USART3_UART_Init                      0x08003fd1   Thumb Code    48  usart.o(i.MX_USART3_UART_Init)
    MemManage_Handler                        0x08004009   Thumb Code     2  stm32f1xx_it.o(i.MemManage_Handler)
    NMI_Handler                              0x0800400b   Thumb Code     2  stm32f1xx_it.o(i.NMI_Handler)
    NRF24L01_Check                           0x0800400d   Thumb Code   104  nrf24l01.o(i.NRF24L01_Check)
    NRF24L01_RX_Mode                         0x080040a1   Thumb Code    90  nrf24l01.o(i.NRF24L01_RX_Mode)
    NRF24L01_Read_Buf                        0x08004105   Thumb Code    72  nrf24l01.o(i.NRF24L01_Read_Buf)
    NRF24L01_Read_Reg                        0x08004151   Thumb Code    48  nrf24l01.o(i.NRF24L01_Read_Reg)
    NRF24L01_RxPacket                        0x08004185   Thumb Code    76  nrf24l01.o(i.NRF24L01_RxPacket)
    NRF24L01_Write_Buf                       0x080041e9   Thumb Code    72  nrf24l01.o(i.NRF24L01_Write_Buf)
    NRF24L01_Write_Reg                       0x08004235   Thumb Code    54  nrf24l01.o(i.NRF24L01_Write_Reg)
    PID_Update                               0x08004271   Thumb Code    94  com_pid.o(i.PID_Update)
    Q_rsqrt                                  0x080042d1   Thumb Code    50  com_imu.o(i.Q_rsqrt)
    ResetPID                                 0x08004309   Thumb Code    36  com_pid.o(i.ResetPID)
    Start_Task                               0x08004405   Thumb Code    66  app_task.o(i.Start_Task)
    SysTick_Handler                          0x08004475   Thumb Code    24  stm32f1xx_it.o(i.SysTick_Handler)
    SystemClock_Config                       0x0800448d   Thumb Code   120  main.o(i.SystemClock_Config)
    SystemInit                               0x08004505   Thumb Code     2  system_stm32f1xx.o(i.SystemInit)
    TIM_Base_SetConfig                       0x08004509   Thumb Code    94  stm32f1xx_hal_tim.o(i.TIM_Base_SetConfig)
    TIM_CCxChannelCmd                        0x08004575   Thumb Code    26  stm32f1xx_hal_tim.o(i.TIM_CCxChannelCmd)
    TIM_ETR_SetConfig                        0x0800458f   Thumb Code    20  stm32f1xx_hal_tim.o(i.TIM_ETR_SetConfig)
    TIM_OC2_SetConfig                        0x08004605   Thumb Code    84  stm32f1xx_hal_tim.o(i.TIM_OC2_SetConfig)
    UsageFault_Handler                       0x08004871   Thumb Code     2  stm32f1xx_it.o(i.UsageFault_Handler)
    __0printf$8                              0x08004875   Thumb Code    22  printf8.o(i.__0printf$8)
    __1printf$8                              0x08004875   Thumb Code     0  printf8.o(i.__0printf$8)
    __2printf                                0x08004875   Thumb Code     0  printf8.o(i.__0printf$8)
    __ARM_fpclassify                         0x08004895   Thumb Code    40  fpclassify.o(i.__ARM_fpclassify)
    __ARM_fpclassifyf                        0x080048bd   Thumb Code    38  fpclassifyf.o(i.__ARM_fpclassifyf)
    __kernel_poly                            0x08004903   Thumb Code   170  poly.o(i.__kernel_poly)
    __mathlib_dbl_infnan                     0x080049ad   Thumb Code     6  dunder.o(i.__mathlib_dbl_infnan)
    __mathlib_dbl_invalid                    0x080049b3   Thumb Code    12  dunder.o(i.__mathlib_dbl_invalid)
    __mathlib_dbl_underflow                  0x080049c1   Thumb Code    10  dunder.o(i.__mathlib_dbl_underflow)
    __mathlib_flt_infnan2                    0x080049d1   Thumb Code     4  funder.o(i.__mathlib_flt_infnan2)
    __mathlib_flt_underflow                  0x080049d5   Thumb Code    10  funder.o(i.__mathlib_flt_underflow)
    __scatterload_copy                       0x080049df   Thumb Code    14  handlers.o(i.__scatterload_copy)
    __scatterload_null                       0x080049ed   Thumb Code     2  handlers.o(i.__scatterload_null)
    __scatterload_zeroinit                   0x080049ef   Thumb Code    14  handlers.o(i.__scatterload_zeroinit)
    __set_errno                              0x080049fd   Thumb Code     6  errno.o(i.__set_errno)
    asin                                     0x08004e6d   Thumb Code   572  asin.o(i.asin)
    atan2f                                   0x080050dd   Thumb Code   528  atan2f.o(i.atan2f)
    fputc                                    0x08005339   Thumb Code    20  usart.o(i.fputc)
    main                                     0x08005351   Thumb Code   162  main.o(i.main)
    pvPortMalloc                             0x0800574d   Thumb Code   146  heap_4.o(i.pvPortMalloc)
    pxPortInitialiseStack                    0x080057e5   Thumb Code    32  port.o(i.pxPortInitialiseStack)
    sqrt                                     0x08005809   Thumb Code    76  sqrt.o(i.sqrt)
    uxListRemove                             0x08005855   Thumb Code    38  list.o(i.uxListRemove)
    vListInitialise                          0x0800587b   Thumb Code    22  list.o(i.vListInitialise)
    vListInitialiseItem                      0x08005891   Thumb Code     6  list.o(i.vListInitialiseItem)
    vListInsert                              0x08005897   Thumb Code    48  list.o(i.vListInsert)
    vListInsertEnd                           0x080058c7   Thumb Code    24  list.o(i.vListInsertEnd)
    vPortEnterCritical                       0x080058e1   Thumb Code    24  port.o(i.vPortEnterCritical)
    vPortExitCritical                        0x080058fd   Thumb Code    16  port.o(i.vPortExitCritical)
    vPortFree                                0x08005911   Thumb Code    64  heap_4.o(i.vPortFree)
    vPortSetupTimerInterrupt                 0x08005955   Thumb Code    20  port.o(i.vPortSetupTimerInterrupt)
    vTaskDelete                              0x0800596d   Thumb Code   142  tasks.o(i.vTaskDelete)
    vTaskStartScheduler                      0x08005a0d   Thumb Code    64  tasks.o(i.vTaskStartScheduler)
    vTaskSuspendAll                          0x08005a5d   Thumb Code    10  tasks.o(i.vTaskSuspendAll)
    vTaskSwitchContext                       0x08005a6d   Thumb Code    60  tasks.o(i.vTaskSwitchContext)
    xPortStartScheduler                      0x08005ab1   Thumb Code    38  port.o(i.xPortStartScheduler)
    xPortSysTickHandler                      0x08005ae1   Thumb Code    38  port.o(i.xPortSysTickHandler)
    xTaskCreate                              0x08005b0d   Thumb Code    92  tasks.o(i.xTaskCreate)
    xTaskDelayUntil                          0x08005b69   Thumb Code    80  tasks.o(i.xTaskDelayUntil)
    xTaskGetSchedulerState                   0x08005bc1   Thumb Code    22  tasks.o(i.xTaskGetSchedulerState)
    xTaskGetTickCount                        0x08005bdd   Thumb Code     6  tasks.o(i.xTaskGetTickCount)
    xTaskIncrementTick                       0x08005be9   Thumb Code   282  tasks.o(i.xTaskIncrementTick)
    xTaskResumeAll                           0x08005d0d   Thumb Code   266  tasks.o(i.xTaskResumeAll)
    AHBPrescTable                            0x08005e42   Data          16  system_stm32f1xx.o(.constdata)
    APBPrescTable                            0x08005e52   Data           8  system_stm32f1xx.o(.constdata)
    Gyro_G                                   0x08005e5c   Data           4  com_imu.o(.constdata)
    Region$$Table$$Base                      0x08005eb0   Number         0  anon$$obj.o(Region$$Table)
    Region$$Table$$Limit                     0x08005ed0   Number         0  anon$$obj.o(Region$$Table)
    uwTickFreq                               0x20000000   Data           1  stm32f1xx_hal.o(.data)
    uwTickPrio                               0x20000004   Data           4  stm32f1xx_hal.o(.data)
    uwTick                                   0x20000008   Data           4  stm32f1xx_hal.o(.data)
    SystemCoreClock                          0x2000000c   Data           4  system_stm32f1xx.o(.data)
    pxCurrentTCB                             0x20000010   Data           4  tasks.o(.data)
    uxTopUsedPriority                        0x20000040   Data           4  tasks.o(.data)
    unlock_flag                              0x20000070   Data           1  app_flight.o(.data)
    motor1                                   0x20000074   Data           2  app_flight.o(.data)
    motor2                                   0x20000076   Data           2  app_flight.o(.data)
    motor3                                   0x20000078   Data           2  app_flight.o(.data)
    motor4                                   0x2000007a   Data           2  app_flight.o(.data)
    bat_val                                  0x20000084   Data           4  app_flight.o(.data)
    pids                                     0x20000090   Data          24  app_flight.o(.data)
    start_task_handle                        0x200000a8   Data           4  app_task.o(.data)
    task_2ms_handle                          0x200000ac   Data           4  app_task.o(.data)
    task_8ms_handle                          0x200000b0   Data           4  app_task.o(.data)
    ekf                                      0x200000d0   Data          72  com_kalman.o(.data)
    connect_flag                             0x20000118   Data           2  nrf24l01.o(.data)
    TX_ADDRESS                               0x2000011a   Data           5  nrf24l01.o(.data)
    RX_ADDRESS                               0x2000011f   Data           5  nrf24l01.o(.data)
    __stdout                                 0x20000124   Data           4  stdout.o(.data)
    ADC_Value                                0x2000012c   Data          20  main.o(.bss)
    hadc1                                    0x20000140   Data          48  adc.o(.bss)
    hdma_adc1                                0x20000170   Data          68  adc.o(.bss)
    hi2c1                                    0x200001b4   Data          84  i2c.o(.bss)
    hspi1                                    0x20000208   Data          88  spi.o(.bss)
    hspi2                                    0x20000260   Data          88  spi.o(.bss)
    htim2                                    0x200002b8   Data          72  tim.o(.bss)
    huart3                                   0x20000300   Data          72  usart.o(.bss)
    MPU_Offset                               0x2000422c   Data          12  app_flight.o(.bss)
    pidPitch                                 0x20004238   Data          32  app_flight.o(.bss)
    pidRoll                                  0x20004258   Data          32  app_flight.o(.bss)
    pidYaw                                   0x20004278   Data          32  app_flight.o(.bss)
    pidRateX                                 0x20004298   Data          32  app_flight.o(.bss)
    pidRateY                                 0x200042b8   Data          32  app_flight.o(.bss)
    pidRateZ                                 0x200042d8   Data          32  app_flight.o(.bss)
    MPU6050                                  0x200042f8   Data          12  app_flight.o(.bss)
    Angle                                    0x20004304   Data          12  app_flight.o(.bss)
    remote                                   0x20004310   Data          20  app_flight.o(.bss)
    RX_BUFF                                  0x20004330   Data          28  nrf24l01.o(.bss)
    __initial_sp                             0x20004750   Data           0  startup_stm32f103xb.o(STACK)



==============================================================================

Memory Map of the image

  Image Entry point : 0x080000ed

  Load Region LR_IROM1 (Base: 0x08000000, Size: 0x00005ffc, Max: 0x00100000, ABSOLUTE, COMPRESSED[0x00005f28])

    Execution Region ER_IROM1 (Exec base: 0x08000000, Load base: 0x08000000, Size: 0x00005ed0, Max: 0x00100000, ABSOLUTE)

    Exec Addr    Load Addr    Size         Type   Attr      Idx    E Section Name        Object

    0x08000000   0x08000000   0x000000ec   Data   RO            3    RESET               startup_stm32f103xb.o
    0x080000ec   0x080000ec   0x00000000   Code   RO         5528  * .ARM.Collect$$$$00000000  mc_w.l(entry.o)
    0x080000ec   0x080000ec   0x00000004   Code   RO         5868    .ARM.Collect$$$$00000001  mc_w.l(entry2.o)
    0x080000f0   0x080000f0   0x00000004   Code   RO         5871    .ARM.Collect$$$$00000004  mc_w.l(entry5.o)
    0x080000f4   0x080000f4   0x00000000   Code   RO         5873    .ARM.Collect$$$$00000008  mc_w.l(entry7b.o)
    0x080000f4   0x080000f4   0x00000000   Code   RO         5875    .ARM.Collect$$$$0000000A  mc_w.l(entry8b.o)
    0x080000f4   0x080000f4   0x00000008   Code   RO         5876    .ARM.Collect$$$$0000000B  mc_w.l(entry9a.o)
    0x080000fc   0x080000fc   0x00000000   Code   RO         5878    .ARM.Collect$$$$0000000D  mc_w.l(entry10a.o)
    0x080000fc   0x080000fc   0x00000000   Code   RO         5880    .ARM.Collect$$$$0000000F  mc_w.l(entry11a.o)
    0x080000fc   0x080000fc   0x00000004   Code   RO         5869    .ARM.Collect$$$$00002712  mc_w.l(entry2.o)
    0x08000100   0x08000100   0x00000096   Code   RO         4918    .emb_text           port.o
    0x08000196   0x08000196   0x00000002   PAD
    0x08000198   0x08000198   0x00000024   Code   RO            4    .text               startup_stm32f103xb.o
    0x080001bc   0x080001bc   0x00000020   Code   RO         5531    .text               mc_w.l(llushr.o)
    0x080001dc   0x080001dc   0x00000024   Code   RO         5535    .text               mc_w.l(memseta.o)
    0x08000200   0x08000200   0x000000b0   Code   RO         5800    .text               mf_w.l(fadd.o)
    0x080002b0   0x080002b0   0x00000064   Code   RO         5802    .text               mf_w.l(fmul.o)
    0x08000314   0x08000314   0x0000007c   Code   RO         5804    .text               mf_w.l(fdiv.o)
    0x08000390   0x08000390   0x00000018   Code   RO         5806    .text               mf_w.l(fscalb.o)
    0x080003a8   0x080003a8   0x0000014e   Code   RO         5808    .text               mf_w.l(dadd.o)
    0x080004f6   0x080004f6   0x000000e4   Code   RO         5810    .text               mf_w.l(dmul.o)
    0x080005da   0x080005da   0x00000012   Code   RO         5812    .text               mf_w.l(fflti.o)
    0x080005ec   0x080005ec   0x00000022   Code   RO         5814    .text               mf_w.l(dflti.o)
    0x0800060e   0x0800060e   0x00000032   Code   RO         5818    .text               mf_w.l(ffixi.o)
    0x08000640   0x08000640   0x0000003e   Code   RO         5820    .text               mf_w.l(dfixi.o)
    0x0800067e   0x0800067e   0x00000026   Code   RO         5822    .text               mf_w.l(f2d.o)
    0x080006a4   0x080006a4   0x00000038   Code   RO         5824    .text               mf_w.l(d2f.o)
    0x080006dc   0x080006dc   0x00000062   Code   RO         5885    .text               mc_w.l(uldiv.o)
    0x0800073e   0x0800073e   0x0000001e   Code   RO         5887    .text               mc_w.l(llshl.o)
    0x0800075c   0x0800075c   0x00000024   Code   RO         5889    .text               mc_w.l(llsshr.o)
    0x08000780   0x08000780   0x00000000   Code   RO         5898    .text               mc_w.l(iusefp.o)
    0x08000780   0x08000780   0x0000006e   Code   RO         5899    .text               mf_w.l(fepilogue.o)
    0x080007ee   0x080007ee   0x000000ba   Code   RO         5901    .text               mf_w.l(depilogue.o)
    0x080008a8   0x080008a8   0x000000de   Code   RO         5903    .text               mf_w.l(ddiv.o)
    0x08000986   0x08000986   0x0000002e   Code   RO         5905    .text               mf_w.l(dscalb.o)
    0x080009b4   0x080009b4   0x00000024   Code   RO         5911    .text               mc_w.l(init.o)
    0x080009d8   0x080009d8   0x000000a2   Code   RO         5913    .text               mf_w.l(dsqrt.o)
    0x08000a7a   0x08000a7a   0x00000056   Code   RO         5925    .text               mc_w.l(__dczerorl2.o)
    0x08000ad0   0x08000ad0   0x00000056   Code   RO          760    i.ADC_ConversionStop_Disable  stm32f1xx_hal_adc.o
    0x08000b26   0x08000b26   0x0000004e   Code   RO          761    i.ADC_DMAConvCplt   stm32f1xx_hal_adc.o
    0x08000b74   0x08000b74   0x0000001a   Code   RO          762    i.ADC_DMAError      stm32f1xx_hal_adc.o
    0x08000b8e   0x08000b8e   0x0000000a   Code   RO          763    i.ADC_DMAHalfConvCplt  stm32f1xx_hal_adc.o
    0x08000b98   0x08000b98   0x0000007c   Code   RO          764    i.ADC_Enable        stm32f1xx_hal_adc.o
    0x08000c14   0x08000c14   0x0000012c   Code   RO         4992    i.App_Flight_MPU_Data  app_flight.o
    0x08000d40   0x08000d40   0x00000054   Code   RO         4994    i.App_Flight_Mode_Control  app_flight.o
    0x08000d94   0x08000d94   0x000001a4   Code   RO         4995    i.App_Flight_Motor_Control  app_flight.o
    0x08000f38   0x08000f38   0x000000c0   Code   RO         4996    i.App_Flight_PID_Control  app_flight.o
    0x08000ff8   0x08000ff8   0x00000100   Code   RO         4997    i.App_Flight_RC_Analysis  app_flight.o
    0x080010f8   0x080010f8   0x00000158   Code   RO         4998    i.App_Flight_RC_Unlock  app_flight.o
    0x08001250   0x08001250   0x00000160   Code   RO         4999    i.App_Flight_Remote_Check  app_flight.o
    0x080013b0   0x080013b0   0x00000060   Code   RO         5001    i.App_PID_Param_Init  app_flight.o
    0x08001410   0x08001410   0x00000006   Code   RO         5087    i.App_Task_2MS      app_task.o
    0x08001416   0x08001416   0x00000002   PAD
    0x08001418   0x08001418   0x00000054   Code   RO         5088    i.App_Task_8MS      app_task.o
    0x0800146c   0x0800146c   0x00000002   Code   RO          603    i.BusFault_Handler  stm32f1xx_it.o
    0x0800146e   0x0800146e   0x0000001e   Code   RO         5272    i.CasecadePID       com_pid.o
    0x0800148c   0x0800148c   0x00000054   Code   RO         5251    i.Com_Kalman_1      com_kalman.o
    0x080014e0   0x080014e0   0x0000000c   Code   RO          604    i.DMA1_Channel1_IRQHandler  stm32f1xx_it.o
    0x080014ec   0x080014ec   0x0000002a   Code   RO         1416    i.DMA_SetConfig     stm32f1xx_hal_dma.o
    0x08001516   0x08001516   0x00000002   Code   RO          605    i.DebugMon_Handler  stm32f1xx_it.o
    0x08001518   0x08001518   0x00000020   Code   RO          447    i.Driver_SPI_SwapByte  spi.o
    0x08001538   0x08001538   0x00000004   Code   RO           13    i.Error_Handler     main.o
    0x0800153c   0x0800153c   0x00000034   Code   RO         5089    i.FreeRTOS_Start    app_task.o
    0x08001570   0x08001570   0x00000484   Code   RO         5167    i.GetAngle          com_imu.o
    0x080019f4   0x080019f4   0x000000fc   Code   RO          766    i.HAL_ADC_ConfigChannel  stm32f1xx_hal_adc.o
    0x08001af0   0x08001af0   0x00000002   Code   RO          767    i.HAL_ADC_ConvCpltCallback  stm32f1xx_hal_adc.o
    0x08001af2   0x08001af2   0x00000002   Code   RO          768    i.HAL_ADC_ConvHalfCpltCallback  stm32f1xx_hal_adc.o
    0x08001af4   0x08001af4   0x00000002   Code   RO          770    i.HAL_ADC_ErrorCallback  stm32f1xx_hal_adc.o
    0x08001af6   0x08001af6   0x00000002   PAD
    0x08001af8   0x08001af8   0x0000011c   Code   RO          775    i.HAL_ADC_Init      stm32f1xx_hal_adc.o
    0x08001c14   0x08001c14   0x00000090   Code   RO          334    i.HAL_ADC_MspInit   adc.o
    0x08001ca4   0x08001ca4   0x0000010c   Code   RO          782    i.HAL_ADC_Start_DMA  stm32f1xx_hal_adc.o
    0x08001db0   0x08001db0   0x00000154   Code   RO         1422    i.HAL_DMA_IRQHandler  stm32f1xx_hal_dma.o
    0x08001f04   0x08001f04   0x0000005c   Code   RO         1423    i.HAL_DMA_Init      stm32f1xx_hal_dma.o
    0x08001f60   0x08001f60   0x00000070   Code   RO         1427    i.HAL_DMA_Start_IT  stm32f1xx_hal_dma.o
    0x08001fd0   0x08001fd0   0x00000024   Code   RO         1043    i.HAL_Delay         stm32f1xx_hal.o
    0x08001ff4   0x08001ff4   0x000001e0   Code   RO         1353    i.HAL_GPIO_Init     stm32f1xx_hal_gpio.o
    0x080021d4   0x080021d4   0x0000000a   Code   RO         1357    i.HAL_GPIO_WritePin  stm32f1xx_hal_gpio.o
    0x080021de   0x080021de   0x00000002   PAD
    0x080021e0   0x080021e0   0x0000000c   Code   RO         1047    i.HAL_GetTick       stm32f1xx_hal.o
    0x080021ec   0x080021ec   0x00000188   Code   RO         2024    i.HAL_I2C_Init      stm32f1xx_hal_i2c.o
    0x08002374   0x08002374   0x00000250   Code   RO         2042    i.HAL_I2C_Mem_Read  stm32f1xx_hal_i2c.o
    0x080025c4   0x080025c4   0x00000130   Code   RO         2045    i.HAL_I2C_Mem_Write  stm32f1xx_hal_i2c.o
    0x080026f4   0x080026f4   0x0000005c   Code   RO          406    i.HAL_I2C_MspInit   i2c.o
    0x08002750   0x08002750   0x00000010   Code   RO         1053    i.HAL_IncTick       stm32f1xx_hal.o
    0x08002760   0x08002760   0x00000024   Code   RO         1054    i.HAL_Init          stm32f1xx_hal.o
    0x08002784   0x08002784   0x00000040   Code   RO         1055    i.HAL_InitTick      stm32f1xx_hal.o
    0x080027c4   0x080027c4   0x0000003c   Code   RO          700    i.HAL_MspInit       stm32f1xx_hal_msp.o
    0x08002800   0x08002800   0x0000001a   Code   RO         1513    i.HAL_NVIC_EnableIRQ  stm32f1xx_hal_cortex.o
    0x0800281a   0x0800281a   0x00000002   PAD
    0x0800281c   0x0800281c   0x00000040   Code   RO         1519    i.HAL_NVIC_SetPriority  stm32f1xx_hal_cortex.o
    0x0800285c   0x0800285c   0x00000024   Code   RO         1520    i.HAL_NVIC_SetPriorityGrouping  stm32f1xx_hal_cortex.o
    0x08002880   0x08002880   0x000000ec   Code   RO         1315    i.HAL_RCCEx_PeriphCLKConfig  stm32f1xx_hal_rcc_ex.o
    0x0800296c   0x0800296c   0x0000012c   Code   RO         1211    i.HAL_RCC_ClockConfig  stm32f1xx_hal_rcc.o
    0x08002a98   0x08002a98   0x00000020   Code   RO         1218    i.HAL_RCC_GetPCLK1Freq  stm32f1xx_hal_rcc.o
    0x08002ab8   0x08002ab8   0x00000020   Code   RO         1219    i.HAL_RCC_GetPCLK2Freq  stm32f1xx_hal_rcc.o
    0x08002ad8   0x08002ad8   0x0000004c   Code   RO         1220    i.HAL_RCC_GetSysClockFreq  stm32f1xx_hal_rcc.o
    0x08002b24   0x08002b24   0x00000320   Code   RO         1223    i.HAL_RCC_OscConfig  stm32f1xx_hal_rcc.o
    0x08002e44   0x08002e44   0x000000b2   Code   RO         2461    i.HAL_SPI_Init      stm32f1xx_hal_spi.o
    0x08002ef6   0x08002ef6   0x00000002   PAD
    0x08002ef8   0x08002ef8   0x000000b8   Code   RO          449    i.HAL_SPI_MspInit   spi.o
    0x08002fb0   0x08002fb0   0x000001ee   Code   RO         2470    i.HAL_SPI_TransmitReceive  stm32f1xx_hal_spi.o
    0x0800319e   0x0800319e   0x00000028   Code   RO         1524    i.HAL_SYSTICK_Config  stm32f1xx_hal_cortex.o
    0x080031c6   0x080031c6   0x00000002   PAD
    0x080031c8   0x080031c8   0x00000068   Code   RO         3497    i.HAL_TIMEx_MasterConfigSynchronization  stm32f1xx_hal_tim_ex.o
    0x08003230   0x08003230   0x0000005a   Code   RO         2774    i.HAL_TIM_Base_Init  stm32f1xx_hal_tim.o
    0x0800328a   0x0800328a   0x00000002   PAD
    0x0800328c   0x0800328c   0x00000024   Code   RO          502    i.HAL_TIM_Base_MspInit  tim.o
    0x080032b0   0x080032b0   0x000000dc   Code   RO         2783    i.HAL_TIM_ConfigClockSource  stm32f1xx_hal_tim.o
    0x0800338c   0x0800338c   0x00000048   Code   RO          503    i.HAL_TIM_MspPostInit  tim.o
    0x080033d4   0x080033d4   0x000000cc   Code   RO         2846    i.HAL_TIM_PWM_ConfigChannel  stm32f1xx_hal_tim.o
    0x080034a0   0x080034a0   0x0000005a   Code   RO         2849    i.HAL_TIM_PWM_Init  stm32f1xx_hal_tim.o
    0x080034fa   0x080034fa   0x00000002   Code   RO         2851    i.HAL_TIM_PWM_MspInit  stm32f1xx_hal_tim.o
    0x080034fc   0x080034fc   0x0000009c   Code   RO         2854    i.HAL_TIM_PWM_Start  stm32f1xx_hal_tim.o
    0x08003598   0x08003598   0x00000064   Code   RO         3775    i.HAL_UART_Init     stm32f1xx_hal_uart.o
    0x080035fc   0x080035fc   0x00000070   Code   RO          550    i.HAL_UART_MspInit  usart.o
    0x0800366c   0x0800366c   0x0000009a   Code   RO         3783    i.HAL_UART_Transmit  stm32f1xx_hal_uart.o
    0x08003706   0x08003706   0x00000002   Code   RO          606    i.HardFault_Handler  stm32f1xx_it.o
    0x08003708   0x08003708   0x0000002e   Code   RO         2067    i.I2C_IsAcknowledgeFailed  stm32f1xx_hal_i2c.o
    0x08003736   0x08003736   0x00000002   PAD
    0x08003738   0x08003738   0x000000fc   Code   RO         2077    i.I2C_RequestMemoryRead  stm32f1xx_hal_i2c.o
    0x08003834   0x08003834   0x000000a8   Code   RO         2078    i.I2C_RequestMemoryWrite  stm32f1xx_hal_i2c.o
    0x080038dc   0x080038dc   0x00000056   Code   RO         2082    i.I2C_WaitOnBTFFlagUntilTimeout  stm32f1xx_hal_i2c.o
    0x08003932   0x08003932   0x00000002   PAD
    0x08003934   0x08003934   0x00000090   Code   RO         2083    i.I2C_WaitOnFlagUntilTimeout  stm32f1xx_hal_i2c.o
    0x080039c4   0x080039c4   0x000000bc   Code   RO         2084    i.I2C_WaitOnMasterAddressFlagUntilTimeout  stm32f1xx_hal_i2c.o
    0x08003a80   0x08003a80   0x00000070   Code   RO         2085    i.I2C_WaitOnRXNEFlagUntilTimeout  stm32f1xx_hal_i2c.o
    0x08003af0   0x08003af0   0x00000056   Code   RO         2086    i.I2C_WaitOnTXEFlagUntilTimeout  stm32f1xx_hal_i2c.o
    0x08003b46   0x08003b46   0x0000002c   Code   RO         5351    i.Int_MPU6050_GetAccl  int_mpu6050.o
    0x08003b72   0x08003b72   0x0000002c   Code   RO         5352    i.Int_MPU6050_GetGyro  int_mpu6050.o
    0x08003b9e   0x08003b9e   0x0000006c   Code   RO         5353    i.Int_MPU6050_Init  int_mpu6050.o
    0x08003c0a   0x08003c0a   0x00000002   PAD
    0x08003c0c   0x08003c0c   0x00000020   Code   RO         5354    i.Int_MPU6050_ReadByte  int_mpu6050.o
    0x08003c2c   0x08003c2c   0x00000020   Code   RO         5355    i.Int_MPU6050_Read_Len  int_mpu6050.o
    0x08003c4c   0x08003c4c   0x00000028   Code   RO         5356    i.Int_MPU6050_WriteByte  int_mpu6050.o
    0x08003c74   0x08003c74   0x0000000a   Code   RO         5358    i.Int_MPU_Set_Accel_Fsr  int_mpu6050.o
    0x08003c7e   0x08003c7e   0x0000000a   Code   RO         5359    i.Int_MPU_Set_Gyro_Fsr  int_mpu6050.o
    0x08003c88   0x08003c88   0x00000030   Code   RO         5360    i.Int_MPU_Set_LPF   int_mpu6050.o
    0x08003cb8   0x08003cb8   0x0000002e   Code   RO         5361    i.Int_MPU_Set_Rate  int_mpu6050.o
    0x08003ce6   0x08003ce6   0x00000002   PAD
    0x08003ce8   0x08003ce8   0x00000050   Code   RO          335    i.MX_ADC1_Init      adc.o
    0x08003d38   0x08003d38   0x0000002c   Code   RO          378    i.MX_DMA_Init       dma.o
    0x08003d64   0x08003d64   0x000000d4   Code   RO          213    i.MX_GPIO_Init      gpio.o
    0x08003e38   0x08003e38   0x00000040   Code   RO          407    i.MX_I2C1_Init      i2c.o
    0x08003e78   0x08003e78   0x00000048   Code   RO          450    i.MX_SPI1_Init      spi.o
    0x08003ec0   0x08003ec0   0x00000048   Code   RO          451    i.MX_SPI2_Init      spi.o
    0x08003f08   0x08003f08   0x000000c8   Code   RO          504    i.MX_TIM2_Init      tim.o
    0x08003fd0   0x08003fd0   0x00000038   Code   RO          551    i.MX_USART3_UART_Init  usart.o
    0x08004008   0x08004008   0x00000002   Code   RO          607    i.MemManage_Handler  stm32f1xx_it.o
    0x0800400a   0x0800400a   0x00000002   Code   RO          608    i.NMI_Handler       stm32f1xx_it.o
    0x0800400c   0x0800400c   0x00000094   Code   RO         5434    i.NRF24L01_Check    nrf24l01.o
    0x080040a0   0x080040a0   0x00000064   Code   RO         5435    i.NRF24L01_RX_Mode  nrf24l01.o
    0x08004104   0x08004104   0x0000004c   Code   RO         5436    i.NRF24L01_Read_Buf  nrf24l01.o
    0x08004150   0x08004150   0x00000034   Code   RO         5437    i.NRF24L01_Read_Reg  nrf24l01.o
    0x08004184   0x08004184   0x00000064   Code   RO         5438    i.NRF24L01_RxPacket  nrf24l01.o
    0x080041e8   0x080041e8   0x0000004c   Code   RO         5441    i.NRF24L01_Write_Buf  nrf24l01.o
    0x08004234   0x08004234   0x0000003c   Code   RO         5442    i.NRF24L01_Write_Reg  nrf24l01.o
    0x08004270   0x08004270   0x0000005e   Code   RO         5273    i.PID_Update        com_pid.o
    0x080042ce   0x080042ce   0x00000002   PAD
    0x080042d0   0x080042d0   0x00000038   Code   RO         5168    i.Q_rsqrt           com_imu.o
    0x08004308   0x08004308   0x00000024   Code   RO         5274    i.ResetPID          com_pid.o
    0x0800432c   0x0800432c   0x00000020   Code   RO         2499    i.SPI_EndRxTxTransaction  stm32f1xx_hal_spi.o
    0x0800434c   0x0800434c   0x000000b8   Code   RO         2504    i.SPI_WaitFlagStateUntilTimeout  stm32f1xx_hal_spi.o
    0x08004404   0x08004404   0x00000070   Code   RO         5090    i.Start_Task        app_task.o
    0x08004474   0x08004474   0x00000018   Code   RO          609    i.SysTick_Handler   stm32f1xx_it.o
    0x0800448c   0x0800448c   0x00000078   Code   RO           14    i.SystemClock_Config  main.o
    0x08004504   0x08004504   0x00000002   Code   RO         4109    i.SystemInit        system_stm32f1xx.o
    0x08004506   0x08004506   0x00000002   PAD
    0x08004508   0x08004508   0x0000006c   Code   RO         2867    i.TIM_Base_SetConfig  stm32f1xx_hal_tim.o
    0x08004574   0x08004574   0x0000001a   Code   RO         2868    i.TIM_CCxChannelCmd  stm32f1xx_hal_tim.o
    0x0800458e   0x0800458e   0x00000014   Code   RO         2878    i.TIM_ETR_SetConfig  stm32f1xx_hal_tim.o
    0x080045a2   0x080045a2   0x00000010   Code   RO         2879    i.TIM_ITRx_SetConfig  stm32f1xx_hal_tim.o
    0x080045b2   0x080045b2   0x00000002   PAD
    0x080045b4   0x080045b4   0x00000050   Code   RO         2880    i.TIM_OC1_SetConfig  stm32f1xx_hal_tim.o
    0x08004604   0x08004604   0x00000058   Code   RO         2881    i.TIM_OC2_SetConfig  stm32f1xx_hal_tim.o
    0x0800465c   0x0800465c   0x00000058   Code   RO         2882    i.TIM_OC3_SetConfig  stm32f1xx_hal_tim.o
    0x080046b4   0x080046b4   0x00000044   Code   RO         2883    i.TIM_OC4_SetConfig  stm32f1xx_hal_tim.o
    0x080046f8   0x080046f8   0x00000022   Code   RO         2885    i.TIM_TI1_ConfigInputStage  stm32f1xx_hal_tim.o
    0x0800471a   0x0800471a   0x00000024   Code   RO         2887    i.TIM_TI2_ConfigInputStage  stm32f1xx_hal_tim.o
    0x0800473e   0x0800473e   0x00000002   PAD
    0x08004740   0x08004740   0x000000b8   Code   RO         3801    i.UART_SetConfig    stm32f1xx_hal_uart.o
    0x080047f8   0x080047f8   0x00000078   Code   RO         3804    i.UART_WaitOnFlagUntilTimeout  stm32f1xx_hal_uart.o
    0x08004870   0x08004870   0x00000002   Code   RO          610    i.UsageFault_Handler  stm32f1xx_it.o
    0x08004872   0x08004872   0x00000002   PAD
    0x08004874   0x08004874   0x00000020   Code   RO         5746    i.__0printf$8       mc_w.l(printf8.o)
    0x08004894   0x08004894   0x00000028   Code   RO         5840    i.__ARM_fpclassify  m_ws.l(fpclassify.o)
    0x080048bc   0x080048bc   0x00000026   Code   RO         5842    i.__ARM_fpclassifyf  m_ws.l(fpclassifyf.o)
    0x080048e2   0x080048e2   0x00000020   Code   RO         1526    i.__NVIC_SetPriority  stm32f1xx_hal_cortex.o
    0x08004902   0x08004902   0x000000aa   Code   RO         5858    i.__kernel_poly     m_ws.l(poly.o)
    0x080049ac   0x080049ac   0x00000006   Code   RO         5827    i.__mathlib_dbl_infnan  m_ws.l(dunder.o)
    0x080049b2   0x080049b2   0x0000000c   Code   RO         5829    i.__mathlib_dbl_invalid  m_ws.l(dunder.o)
    0x080049be   0x080049be   0x00000002   PAD
    0x080049c0   0x080049c0   0x00000010   Code   RO         5832    i.__mathlib_dbl_underflow  m_ws.l(dunder.o)
    0x080049d0   0x080049d0   0x00000004   Code   RO         5846    i.__mathlib_flt_infnan2  m_ws.l(funder.o)
    0x080049d4   0x080049d4   0x0000000a   Code   RO         5850    i.__mathlib_flt_underflow  m_ws.l(funder.o)
    0x080049de   0x080049de   0x0000000e   Code   RO         5919    i.__scatterload_copy  mc_w.l(handlers.o)
    0x080049ec   0x080049ec   0x00000002   Code   RO         5920    i.__scatterload_null  mc_w.l(handlers.o)
    0x080049ee   0x080049ee   0x0000000e   Code   RO         5921    i.__scatterload_zeroinit  mc_w.l(handlers.o)
    0x080049fc   0x080049fc   0x0000000c   Code   RO         5893    i.__set_errno       mc_w.l(errno.o)
    0x08004a08   0x08004a08   0x00000410   Code   RO         5753    i._printf_core      mc_w.l(printf8.o)
    0x08004e18   0x08004e18   0x00000024   Code   RO         5754    i._printf_post_padding  mc_w.l(printf8.o)
    0x08004e3c   0x08004e3c   0x0000002e   Code   RO         5755    i._printf_pre_padding  mc_w.l(printf8.o)
    0x08004e6a   0x08004e6a   0x00000002   PAD
    0x08004e6c   0x08004e6c   0x00000270   Code   RO         5511    i.asin              m_ws.l(asin.o)
    0x080050dc   0x080050dc   0x0000025c   Code   RO         5521    i.atan2f            m_ws.l(atan2f.o)
    0x08005338   0x08005338   0x00000018   Code   RO          553    i.fputc             usart.o
    0x08005350   0x08005350   0x000000e4   Code   RO           15    i.main              main.o
    0x08005434   0x08005434   0x00000088   Code   RO         4556    i.prvAddCurrentTaskToDelayedList  tasks.o
    0x080054bc   0x080054bc   0x000000f0   Code   RO         4557    i.prvAddNewTaskToReadyList  tasks.o
    0x080055ac   0x080055ac   0x00000014   Code   RO         4558    i.prvDeleteTCB      tasks.o
    0x080055c0   0x080055c0   0x00000044   Code   RO         4857    i.prvHeapInit       heap_4.o
    0x08005604   0x08005604   0x00000060   Code   RO         4559    i.prvIdleTask       tasks.o
    0x08005664   0x08005664   0x00000070   Code   RO         4560    i.prvInitialiseNewTask  tasks.o
    0x080056d4   0x080056d4   0x0000004c   Code   RO         4858    i.prvInsertBlockIntoFreeList  heap_4.o
    0x08005720   0x08005720   0x0000001c   Code   RO         4561    i.prvResetNextTaskUnblockTime  tasks.o
    0x0800573c   0x0800573c   0x00000010   Code   RO         4919    i.prvTaskExitError  port.o
    0x0800574c   0x0800574c   0x00000098   Code   RO         4860    i.pvPortMalloc      heap_4.o
    0x080057e4   0x080057e4   0x00000024   Code   RO         4920    i.pxPortInitialiseStack  port.o
    0x08005808   0x08005808   0x0000004c   Code   RO         5861    i.sqrt              m_ws.l(sqrt.o)
    0x08005854   0x08005854   0x00000026   Code   RO         4247    i.uxListRemove      list.o
    0x0800587a   0x0800587a   0x00000016   Code   RO         4248    i.vListInitialise   list.o
    0x08005890   0x08005890   0x00000006   Code   RO         4249    i.vListInitialiseItem  list.o
    0x08005896   0x08005896   0x00000030   Code   RO         4250    i.vListInsert       list.o
    0x080058c6   0x080058c6   0x00000018   Code   RO         4251    i.vListInsertEnd    list.o
    0x080058de   0x080058de   0x00000002   PAD
    0x080058e0   0x080058e0   0x0000001c   Code   RO         4922    i.vPortEnterCritical  port.o
    0x080058fc   0x080058fc   0x00000014   Code   RO         4923    i.vPortExitCritical  port.o
    0x08005910   0x08005910   0x00000044   Code   RO         4861    i.vPortFree         heap_4.o
    0x08005954   0x08005954   0x00000018   Code   RO         4924    i.vPortSetupTimerInterrupt  port.o
    0x0800596c   0x0800596c   0x000000a0   Code   RO         4570    i.vTaskDelete       tasks.o
    0x08005a0c   0x08005a0c   0x00000050   Code   RO         4581    i.vTaskStartScheduler  tasks.o
    0x08005a5c   0x08005a5c   0x00000010   Code   RO         4583    i.vTaskSuspendAll   tasks.o
    0x08005a6c   0x08005a6c   0x00000044   Code   RO         4584    i.vTaskSwitchContext  tasks.o
    0x08005ab0   0x08005ab0   0x00000030   Code   RO         4925    i.xPortStartScheduler  port.o
    0x08005ae0   0x08005ae0   0x0000002c   Code   RO         4926    i.xPortSysTickHandler  port.o
    0x08005b0c   0x08005b0c   0x0000005c   Code   RO         4587    i.xTaskCreate       tasks.o
    0x08005b68   0x08005b68   0x00000058   Code   RO         4588    i.xTaskDelayUntil   tasks.o
    0x08005bc0   0x08005bc0   0x0000001c   Code   RO         4594    i.xTaskGetSchedulerState  tasks.o
    0x08005bdc   0x08005bdc   0x0000000c   Code   RO         4595    i.xTaskGetTickCount  tasks.o
    0x08005be8   0x08005be8   0x00000124   Code   RO         4597    i.xTaskIncrementTick  tasks.o
    0x08005d0c   0x08005d0c   0x0000011c   Code   RO         4599    i.xTaskResumeAll    tasks.o
    0x08005e28   0x08005e28   0x00000008   Data   RO           18    .constdata          main.o
    0x08005e30   0x08005e30   0x00000012   Data   RO         1224    .constdata          stm32f1xx_hal_rcc.o
    0x08005e42   0x08005e42   0x00000010   Data   RO         4110    .constdata          system_stm32f1xx.o
    0x08005e52   0x08005e52   0x00000008   Data   RO         4111    .constdata          system_stm32f1xx.o
    0x08005e5a   0x08005e5a   0x00000002   PAD
    0x08005e5c   0x08005e5c   0x00000004   Data   RO         5171    .constdata          com_imu.o
    0x08005e60   0x08005e60   0x00000050   Data   RO         5512    .constdata          m_ws.l(asin.o)
    0x08005eb0   0x08005eb0   0x00000020   Data   RO         5917    Region$$Table       anon$$obj.o


    Execution Region RW_IRAM1 (Exec base: 0x20000000, Load base: 0x08005ed0, Size: 0x00004750, Max: 0x00020000, ABSOLUTE, COMPRESSED[0x00000058])

    Exec Addr    Load Addr    Size         Type   Attr      Idx    E Section Name        Object

    0x20000000   COMPRESSED   0x0000000c   Data   RW         1061    .data               stm32f1xx_hal.o
    0x2000000c   COMPRESSED   0x00000004   Data   RW         4112    .data               system_stm32f1xx.o
    0x20000010   COMPRESSED   0x00000040   Data   RW         4602    .data               tasks.o
    0x20000050   COMPRESSED   0x0000001c   Data   RW         4867    .data               heap_4.o
    0x2000006c   COMPRESSED   0x00000004   Data   RW         4927    .data               port.o
    0x20000070   COMPRESSED   0x00000038   Data   RW         5003    .data               app_flight.o
    0x200000a8   COMPRESSED   0x0000000c   Data   RW         5091    .data               app_task.o
    0x200000b4   COMPRESSED   0x0000001c   Data   RW         5173    .data               com_imu.o
    0x200000d0   COMPRESSED   0x00000048   Data   RW         5252    .data               com_kalman.o
    0x20000118   COMPRESSED   0x0000000c   Data   RW         5445    .data               nrf24l01.o
    0x20000124   COMPRESSED   0x00000004   Data   RW         5882    .data               mc_w.l(stdout.o)
    0x20000128   COMPRESSED   0x00000004   Data   RW         5894    .data               mc_w.l(errno.o)
    0x2000012c        -       0x00000014   Zero   RW           17    .bss                main.o
    0x20000140        -       0x00000074   Zero   RW          336    .bss                adc.o
    0x200001b4        -       0x00000054   Zero   RW          408    .bss                i2c.o
    0x20000208        -       0x000000b0   Zero   RW          452    .bss                spi.o
    0x200002b8        -       0x00000048   Zero   RW          505    .bss                tim.o
    0x20000300        -       0x00000048   Zero   RW          554    .bss                usart.o
    0x20000348        -       0x000002e4   Zero   RW         4601    .bss                tasks.o
    0x2000062c        -       0x00003c00   Zero   RW         4866    .bss                heap_4.o
    0x2000422c        -       0x000000f8   Zero   RW         5002    .bss                app_flight.o
    0x20004324        -       0x0000000c   Zero   RW         5169    .bss                com_imu.o
    0x20004330        -       0x0000001c   Zero   RW         5444    .bss                nrf24l01.o
    0x2000434c   COMPRESSED   0x00000004   PAD
    0x20004350        -       0x00000400   Zero   RW            1    STACK               startup_stm32f103xb.o


==============================================================================

Image component sizes


      Code (inc. data)   RO Data    RW Data    ZI Data      Debug   Object Name

       224         30          0          0        116       2047   adc.o
      2044        532          0         56        248       9465   app_flight.o
       254         84          0         12          0      13072   app_task.o
      1212         36          4         28         12       3561   com_imu.o
        84          0          0         72          0       1393   com_kalman.o
       160          0          0          0          0       2442   com_pid.o
        44          4          0          0          0        742   dma.o
         0          0          0          0          0       2540   event_groups.o
       212         14          0          0          0     451427   gpio.o
       364         22          0         28      15360       4547   heap_4.o
       156         26          0          0         84       1601   i2c.o
       414         16          0          0          0       6073   int_mpu6050.o
       138          0          0          0          0       3170   list.o
       352         66          8          0         20      40345   main.o
       612         96          0         12         28       5333   nrf24l01.o
       366         44          0          4          0       9184   port.o
       360         46          0          0        176       2784   spi.o
        36          8        236          0       1024        796   startup_stm32f103xb.o
       164         28          0         12          0       5845   stm32f1xx_hal.o
      1134         56          0          0          0       8442   stm32f1xx_hal_adc.o
       198         14          0          0          0      28903   stm32f1xx_hal_cortex.o
       586         32          0          0          0       3563   stm32f1xx_hal_dma.o
       490         34          0          0          0       2868   stm32f1xx_hal_gpio.o
      2370         56          0          0          0      12898   stm32f1xx_hal_i2c.o
        60          8          0          0          0        858   stm32f1xx_hal_msp.o
      1240         84         18          0          0       5068   stm32f1xx_hal_rcc.o
       236         12          0          0          0       1372   stm32f1xx_hal_rcc_ex.o
       888          4          0          0          0       4713   stm32f1xx_hal_spi.o
      1326         46          0          0          0      12196   stm32f1xx_hal_tim.o
       104         12          0          0          0       1344   stm32f1xx_hal_tim_ex.o
       558          6          0          0          0       3944   stm32f1xx_hal_uart.o
        48          6          0          0          0      11582   stm32f1xx_it.o
         2          0         24          4          0       1095   system_stm32f1xx.o
      1752        140          0         64        740      27372   tasks.o
       308         22          0          0         72       2296   tim.o
       192         24          0          0         72       2114   usart.o

    ----------------------------------------------------------------------
     18724       1608        324        292      17956     696995   Object Totals
         0          0         32          0          0          0   (incl. Generated)
        36          0          2          0          4          0   (incl. Padding)

    ----------------------------------------------------------------------

      Code (inc. data)   RO Data    RW Data    ZI Data      Debug   Library Member Name

       624         52         80          0          0        168   asin.o
       604         76          0          0          0        116   atan2f.o
        34          6          0          0          0        204   dunder.o
        40          0          0          0          0         68   fpclassify.o
        38          0          0          0          0         68   fpclassifyf.o
        14          0          0          0          0        136   funder.o
       170          0          0          0          0         96   poly.o
        76          0          0          0          0         84   sqrt.o
        86          0          0          0          0          0   __dczerorl2.o
         0          0          0          0          0          0   entry.o
         0          0          0          0          0          0   entry10a.o
         0          0          0          0          0          0   entry11a.o
         8          4          0          0          0          0   entry2.o
         4          0          0          0          0          0   entry5.o
         0          0          0          0          0          0   entry7b.o
         0          0          0          0          0          0   entry8b.o
         8          4          0          0          0          0   entry9a.o
        12          6          0          4          0         68   errno.o
        30          0          0          0          0          0   handlers.o
        36          8          0          0          0         68   init.o
         0          0          0          0          0          0   iusefp.o
        30          0          0          0          0         68   llshl.o
        36          0          0          0          0         68   llsshr.o
        32          0          0          0          0         68   llushr.o
        36          0          0          0          0        108   memseta.o
      1154         54          0          0          0        352   printf8.o
         0          0          0          4          0          0   stdout.o
        98          0          0          0          0         92   uldiv.o
        56          0          0          0          0         88   d2f.o
       334          0          0          0          0        148   dadd.o
       222          0          0          0          0        100   ddiv.o
       186          0          0          0          0        176   depilogue.o
        62          0          0          0          0         80   dfixi.o
        34          0          0          0          0         76   dflti.o
       228          0          0          0          0         96   dmul.o
        46          0          0          0          0         80   dscalb.o
       162          0          0          0          0        100   dsqrt.o
        38          0          0          0          0         68   f2d.o
       176          0          0          0          0        140   fadd.o
       124          0          0          0          0         88   fdiv.o
       110          0          0          0          0        168   fepilogue.o
        50          0          0          0          0         68   ffixi.o
        18          0          0          0          0         68   fflti.o
       100          0          0          0          0         76   fmul.o
        24          0          0          0          0         68   fscalb.o

    ----------------------------------------------------------------------
      5144        210         80          8          0       3520   Library Totals
         4          0          0          0          0          0   (incl. Padding)

    ----------------------------------------------------------------------

      Code (inc. data)   RO Data    RW Data    ZI Data      Debug   Library Name

      1600        134         80          0          0        940   m_ws.l
      1570         76          0          8          0        892   mc_w.l
      1970          0          0          0          0       1688   mf_w.l

    ----------------------------------------------------------------------
      5144        210         80          8          0       3520   Library Totals

    ----------------------------------------------------------------------

==============================================================================


      Code (inc. data)   RO Data    RW Data    ZI Data      Debug   

     23868       1818        404        300      17956     690399   Grand Totals
     23868       1818        404         88      17956     690399   ELF Image Totals (compressed)
     23868       1818        404         88          0          0   ROM Totals

==============================================================================

    Total RO  Size (Code + RO Data)                24272 (  23.70kB)
    Total RW  Size (RW Data + ZI Data)             18256 (  17.83kB)
    Total ROM Size (Code + RO Data + RW Data)      24360 (  23.79kB)

==============================================================================

