<html>
<body>
<pre>
<h1>µVision Build Log</h1>
<h2>Tool Versions:</h2>
IDE-Version: ¦ÌVision V5.24.2.0
Copyright (C) 2017 ARM Ltd and ARM Germany GmbH. All rights reserved.
License Information: a a, a, LIC=WHYH9-4ZE3C-9UD4U-SB209-8VHYB-I51E3
 
Tool Versions:
Toolchain:       MDK-ARM Plus  Version: 5.24.1
Toolchain Path:  D:\works\Keil5\ARM\ARMCC\Bin
C Compiler:      Armcc.exe V5.06 update 5 (build 528)
Assembler:       Armasm.exe V5.06 update 5 (build 528)
Linker/Locator:  ArmLink.exe V5.06 update 5 (build 528)
Library Manager: ArmAr.exe V5.06 update 5 (build 528)
Hex Converter:   FromElf.exe V5.06 update 5 (build 528)
CPU DLL:         SARMCM3.DLL V5.24.1
Dialog DLL:      DCM.DLL V1.16.0.0
Target DLL:      STLink\ST-LINKIII-KEIL_SWO.dll V3.0.1.0
Dialog DLL:      TCM.DLL V1.32.0.0
 
<h2>Project:</h2>
c:\Users\19062\Desktop\Quadcopter\Flight_HAL\MDK-ARM\Flight_HAL.uvprojx
Project File Date:  08/12/2024

<h2>Output:</h2>
*** Using Compiler 'V5.06 update 5 (build 528)', folder: 'D:\works\Keil5\ARM\ARMCC\Bin'
Build target 'Flight_HAL'
compiling main.c...
../HARDWARE/Int_MPU6050.h(86): warning:  #1295-D: Deprecated declaration Int_MPU6050_Init - give arg types
  void Int_MPU6050_Init();
../HARDWARE/NRF24L01.h(85): warning:  #1295-D: Deprecated declaration NRF24L01_Check - give arg types
  uint8_t NRF24L01_Check();
../APP/App_Flight.h(67): warning:  #1295-D: Deprecated declaration App_Flight_MPU_Offsets - give arg types
  void App_Flight_MPU_Offsets();
../APP/App_Flight.h(71): warning:  #1295-D: Deprecated declaration App_Flight_RC_Unlock - give arg types
  void App_Flight_RC_Unlock();
../APP/App_Flight.h(73): warning:  #1295-D: Deprecated declaration App_Flight_RC_Analysis - give arg types
  void App_Flight_RC_Analysis();
../APP/App_Flight.h(77): warning:  #1295-D: Deprecated declaration App_Flight_Motor_Control - give arg types
  void App_Flight_Motor_Control();
../APP/App_Flight.h(81): warning:  #1295-D: Deprecated declaration App_PID_Param_Init - give arg types
  void App_PID_Param_Init();
../Com/Com_IMU.h(4): warning:  #14-D: extra text after expected end of preprocessing directive
  #include "main.h"'
../Core/Src/main.c(153): warning:  #177-D: variable "rx_buff"  was declared but never referenced
    uint8_t rx_buff[28] = {0xA1, 0xA2, 0xA3, 0xA4, 0xA5};
../Core/Src/main.c: 9 warnings, 0 errors
linking...
Program Size: Code=23868 RO-data=404 RW-data=300 ZI-data=17956  
FromELF: creating hex file...
"Flight_HAL\Flight_HAL.axf" - 0 Error(s), 9 Warning(s).

<h2>Software Packages used:</h2>

Package Vendor: ARM
                http://www.keil.com/pack/ARM.CMSIS.5.0.1.pack
                ARM.CMSIS.5.0.1
                CMSIS (Cortex Microcontroller Software Interface Standard)
   * Component: CORE Version: 5.0.1

Package Vendor: Keil
                http://www.keil.com/pack/Keil.STM32F1xx_DFP.2.2.0.pack
                Keil.STM32F1xx_DFP.2.2.0
                STMicroelectronics STM32F1 Series Device Support, Drivers and Examples

<h2>Collection of Component include folders:</h2>
  .\RTE\_Flight_HAL
  D:\works\Keil5\ARM\PACK\ARM\CMSIS\5.0.1\CMSIS\Include
  D:\works\Keil5\ARM\PACK\Keil\STM32F1xx_DFP\2.2.0\Device\Include

<h2>Collection of Component Files used:</h2>

   * Component: ARM::CMSIS:CORE:5.0.1
Build Time Elapsed:  00:00:01
</pre>
</body>
</html>
