Component: ARM Compiler 5.06 update 5 (build 528) Tool: armlink [4d35e2]

==============================================================================

Section Cross References

    startup_stm32f103xb.o(RESET) refers to startup_stm32f103xb.o(STACK) for __initial_sp
    startup_stm32f103xb.o(RESET) refers to startup_stm32f103xb.o(.text) for Reset_Handler
    startup_stm32f103xb.o(RESET) refers to stm32f1xx_it.o(i.NMI_Handler) for NMI_Handler
    startup_stm32f103xb.o(RESET) refers to stm32f1xx_it.o(i.HardFault_Handler) for HardFault_Handler
    startup_stm32f103xb.o(RESET) refers to stm32f1xx_it.o(i.MemManage_Handler) for MemManage_Handler
    startup_stm32f103xb.o(RESET) refers to stm32f1xx_it.o(i.BusFault_Handler) for BusFault_Handler
    startup_stm32f103xb.o(RESET) refers to stm32f1xx_it.o(i.UsageFault_Handler) for UsageFault_Handler
    startup_stm32f103xb.o(RESET) refers to port.o(.emb_text) for SVC_Handler
    startup_stm32f103xb.o(RESET) refers to stm32f1xx_it.o(i.DebugMon_Handler) for DebugMon_Handler
    startup_stm32f103xb.o(RESET) refers to stm32f1xx_it.o(i.SysTick_Handler) for SysTick_Handler
    startup_stm32f103xb.o(RESET) refers to stm32f1xx_it.o(i.DMA1_Channel1_IRQHandler) for DMA1_Channel1_IRQHandler
    startup_stm32f103xb.o(.text) refers to system_stm32f1xx.o(i.SystemInit) for SystemInit
    startup_stm32f103xb.o(.text) refers to entry.o(.ARM.Collect$$$$00000000) for __main
    main.o(i.SystemClock_Config) refers to memseta.o(.text) for __aeabi_memclr4
    main.o(i.SystemClock_Config) refers to stm32f1xx_hal_rcc.o(i.HAL_RCC_OscConfig) for HAL_RCC_OscConfig
    main.o(i.SystemClock_Config) refers to main.o(i.Error_Handler) for Error_Handler
    main.o(i.SystemClock_Config) refers to stm32f1xx_hal_rcc.o(i.HAL_RCC_ClockConfig) for HAL_RCC_ClockConfig
    main.o(i.SystemClock_Config) refers to stm32f1xx_hal_rcc_ex.o(i.HAL_RCCEx_PeriphCLKConfig) for HAL_RCCEx_PeriphCLKConfig
    main.o(i.main) refers to stm32f1xx_hal.o(i.HAL_Init) for HAL_Init
    main.o(i.main) refers to main.o(i.SystemClock_Config) for SystemClock_Config
    main.o(i.main) refers to gpio.o(i.MX_GPIO_Init) for MX_GPIO_Init
    main.o(i.main) refers to dma.o(i.MX_DMA_Init) for MX_DMA_Init
    main.o(i.main) refers to spi.o(i.MX_SPI1_Init) for MX_SPI1_Init
    main.o(i.main) refers to usart.o(i.MX_USART1_UART_Init) for MX_USART1_UART_Init
    main.o(i.main) refers to adc.o(i.MX_ADC1_Init) for MX_ADC1_Init
    main.o(i.main) refers to stm32f1xx_hal_adc.o(i.HAL_ADC_Start_DMA) for HAL_ADC_Start_DMA
    main.o(i.main) refers to printf8.o(i.__0printf$8) for __2printf
    main.o(i.main) refers to nrf24l01.o(i.NRF24L01_Check) for NRF24L01_Check
    main.o(i.main) refers to nrf24l01.o(i.NRF24L01_TX_Mode) for NRF24L01_TX_Mode
    main.o(i.main) refers to oled.o(i.OLED_Init) for OLED_Init
    main.o(i.main) refers to app_task.o(i.FreeRTOS_Start) for FreeRTOS_Start
    main.o(i.main) refers to memseta.o(.text) for __aeabi_memclr4
    main.o(i.main) refers to app_remote.o(i.App_Remote_Stick_Scan) for App_Remote_Stick_Scan
    main.o(i.main) refers to app_remote.o(i.App_Remote_KeyPress) for App_Remote_KeyPress
    main.o(i.main) refers to app_remote.o(i.App_Remote_RemoteData) for App_Remote_RemoteData
    main.o(i.main) refers to nrf24l01.o(i.NRF24L01_TxPacket) for NRF24L01_TxPacket
    main.o(i.main) refers to stm32f1xx_hal.o(i.HAL_Delay) for HAL_Delay
    main.o(i.main) refers to main.o(.data) for ADC_Value
    main.o(i.main) refers to adc.o(.bss) for hadc1
    main.o(i.main) refers to app_remote.o(.bss) for rc
    gpio.o(i.MX_GPIO_Init) refers to stm32f1xx_hal_gpio.o(i.HAL_GPIO_WritePin) for HAL_GPIO_WritePin
    gpio.o(i.MX_GPIO_Init) refers to stm32f1xx_hal_gpio.o(i.HAL_GPIO_Init) for HAL_GPIO_Init
    adc.o(i.HAL_ADC_MspDeInit) refers to stm32f1xx_hal_gpio.o(i.HAL_GPIO_DeInit) for HAL_GPIO_DeInit
    adc.o(i.HAL_ADC_MspDeInit) refers to stm32f1xx_hal_dma.o(i.HAL_DMA_DeInit) for HAL_DMA_DeInit
    adc.o(i.HAL_ADC_MspInit) refers to stm32f1xx_hal_gpio.o(i.HAL_GPIO_Init) for HAL_GPIO_Init
    adc.o(i.HAL_ADC_MspInit) refers to stm32f1xx_hal_dma.o(i.HAL_DMA_Init) for HAL_DMA_Init
    adc.o(i.HAL_ADC_MspInit) refers to main.o(i.Error_Handler) for Error_Handler
    adc.o(i.HAL_ADC_MspInit) refers to adc.o(.bss) for hdma_adc1
    adc.o(i.MX_ADC1_Init) refers to stm32f1xx_hal_adc.o(i.HAL_ADC_Init) for HAL_ADC_Init
    adc.o(i.MX_ADC1_Init) refers to main.o(i.Error_Handler) for Error_Handler
    adc.o(i.MX_ADC1_Init) refers to stm32f1xx_hal_adc.o(i.HAL_ADC_ConfigChannel) for HAL_ADC_ConfigChannel
    adc.o(i.MX_ADC1_Init) refers to adc.o(.bss) for hadc1
    dma.o(i.MX_DMA_Init) refers to stm32f1xx_hal_cortex.o(i.HAL_NVIC_SetPriority) for HAL_NVIC_SetPriority
    dma.o(i.MX_DMA_Init) refers to stm32f1xx_hal_cortex.o(i.HAL_NVIC_EnableIRQ) for HAL_NVIC_EnableIRQ
    spi.o(i.Driver_SPI_SwapByte) refers to stm32f1xx_hal_spi.o(i.HAL_SPI_TransmitReceive) for HAL_SPI_TransmitReceive
    spi.o(i.Driver_SPI_SwapByte) refers to spi.o(.bss) for hspi1
[...]

Image Symbol Table

    Local Symbols

    Symbol Name                              Value     Ov Type        Size  Object(Section)

    ../Core/Src/adc.c                        0x00000000   Number         0  adc.o ABSOLUTE
    ../Core/Src/dma.c                        0x00000000   Number         0  dma.o ABSOLUTE
    ../Core/Src/gpio.c                       0x00000000   Number         0  gpio.o ABSOLUTE
    ../Core/Src/main.c                       0x00000000   Number         0  main.o ABSOLUTE
    ../Core/Src/spi.c                        0x00000000   Number         0  spi.o ABSOLUTE
    ../Core/Src/stm32f1xx_hal_msp.c          0x00000000   Number         0  stm32f1xx_hal_msp.o ABSOLUTE
    ../Core/Src/stm32f1xx_it.c               0x00000000   Number         0  stm32f1xx_it.o ABSOLUTE
    ../Core/Src/system_stm32f1xx.c           0x00000000   Number         0  system_stm32f1xx.o ABSOLUTE
    ../Core/Src/usart.c                      0x00000000   Number         0  usart.o ABSOLUTE
    ../Drivers/STM32F1xx_HAL_Driver/Src/stm32f1xx_hal.c 0x00000000   Number         0  stm32f1xx_hal.o ABSOLUTE
    ../Drivers/STM32F1xx_HAL_Driver/Src/stm32f1xx_hal_adc.c 0x00000000   Number         0  stm32f1xx_hal_adc.o ABSOLUTE
    ../Drivers/STM32F1xx_HAL_Driver/Src/stm32f1xx_hal_adc_ex.c 0x00000000   Number         0  stm32f1xx_hal_adc_ex.o ABSOLUTE
    ../Drivers/STM32F1xx_HAL_Driver/Src/stm32f1xx_hal_cortex.c 0x00000000   Number         0  stm32f1xx_hal_cortex.o ABSOLUTE
    ../Drivers/STM32F1xx_HAL_Driver/Src/stm32f1xx_hal_dma.c 0x00000000   Number         0  stm32f1xx_hal_dma.o ABSOLUTE
    ../Drivers/STM32F1xx_HAL_Driver/Src/stm32f1xx_hal_exti.c 0x00000000   Number         0  stm32f1xx_hal_exti.o ABSOLUTE
    ../Drivers/STM32F1xx_HAL_Driver/Src/stm32f1xx_hal_flash.c 0x00000000   Number         0  stm32f1xx_hal_flash.o ABSOLUTE
    ../Drivers/STM32F1xx_HAL_Driver/Src/stm32f1xx_hal_flash_ex.c 0x00000000   Number         0  stm32f1xx_hal_flash_ex.o ABSOLUTE
    ../Drivers/STM32F1xx_HAL_Driver/Src/stm32f1xx_hal_gpio.c 0x00000000   Number         0  stm32f1xx_hal_gpio.o ABSOLUTE
    ../Drivers/STM32F1xx_HAL_Driver/Src/stm32f1xx_hal_gpio_ex.c 0x00000000   Number         0  stm32f1xx_hal_gpio_ex.o ABSOLUTE
    ../Drivers/STM32F1xx_HAL_Driver/Src/stm32f1xx_hal_pwr.c 0x00000000   Number         0  stm32f1xx_hal_pwr.o ABSOLUTE
    ../Drivers/STM32F1xx_HAL_Driver/Src/stm32f1xx_hal_rcc.c 0x00000000   Number         0  stm32f1xx_hal_rcc.o ABSOLUTE
    ../Drivers/STM32F1xx_HAL_Driver/Src/stm32f1xx_hal_rcc_ex.c 0x00000000   Number         0  stm32f1xx_hal_rcc_ex.o ABSOLUTE
    ../Drivers/STM32F1xx_HAL_Driver/Src/stm32f1xx_hal_spi.c 0x00000000   Number         0  stm32f1xx_hal_spi.o ABSOLUTE
    ../Drivers/STM32F1xx_HAL_Driver/Src/stm32f1xx_hal_tim.c 0x00000000   Number         0  stm32f1xx_hal_tim.o ABSOLUTE
    ../Drivers/STM32F1xx_HAL_Driver/Src/stm32f1xx_hal_tim_ex.c 0x00000000   Number         0  stm32f1xx_hal_tim_ex.o ABSOLUTE
    ../Drivers/STM32F1xx_HAL_Driver/Src/stm32f1xx_hal_uart.c 0x00000000   Number         0  stm32f1xx_hal_uart.o ABSOLUTE
    ../clib/microlib/division.c              0x00000000   Number         0  uldiv.o ABSOLUTE
    ../clib/microlib/division.c              0x00000000   Number         0  uidiv.o ABSOLUTE
    ../clib/microlib/init/entry.s            0x00000000   Number         0  entry2.o ABSOLUTE
    ../clib/microlib/init/entry.s            0x00000000   Number         0  entry11b.o ABSOLUTE
    ../clib/microlib/init/entry.s            0x00000000   Number         0  entry11a.o ABSOLUTE
    ../clib/microlib/init/entry.s            0x00000000   Number         0  entry10b.o ABSOLUTE
    ../clib/microlib/init/entry.s            0x00000000   Number         0  entry.o ABSOLUTE
    ../clib/microlib/init/entry.s            0x00000000   Number         0  entry10a.o ABSOLUTE
    ../clib/microlib/init/entry.s            0x00000000   Number         0  entry9b.o ABSOLUTE
    ../clib/microlib/init/entry.s            0x00000000   Number         0  entry9a.o ABSOLUTE
    ../clib/microlib/init/entry.s            0x00000000   Number         0  entry8b.o ABSOLUTE
    ../clib/microlib/init/entry.s            0x00000000   Number         0  entry8a.o ABSOLUTE
    ../clib/microlib/init/entry.s            0x00000000   Number         0  entry7b.o ABSOLUTE
    ../clib/microlib/init/entry.s            0x00000000   Number         0  entry7a.o ABSOLUTE
    ../clib/microlib/init/entry.s            0x00000000   Number         0  entry5.o ABSOLUTE
    ../clib/microlib/longlong.c              0x00000000   Number         0  llushr.o ABSOLUTE
    ../clib/microlib/longlong.c              0x00000000   Number         0  llsshr.o ABSOLUTE
    ../clib/microlib/longlong.c              0x00000000   Number         0  llshl.o ABSOLUTE
    ../clib/microlib/printf/printf.c         0x00000000   Number         0  printf2.o ABSOLUTE
    ../clib/microlib/printf/printf.c         0x00000000   Number         0  printf1.o ABSOLUTE
    ../clib/microlib/printf/printf.c         0x00000000   Number         0  printf0.o ABSOLUTE
    ../clib/microlib/printf/printf.c         0x00000000   Number         0  printfb.o ABSOLUTE
    ../clib/microlib/printf/printf.c         0x00000000   Number         0  printfa.o ABSOLUTE
    ../clib/microlib/printf/printf.c         0x00000000   Number         0  printf8.o ABSOLUTE
    ../clib/microlib/printf/printf.c         0x00000000   Number         0  printf7.o ABSOLUTE
    ../clib/microlib/printf/printf.c         0x00000000   Number         0  printf6.o ABSOLUTE
    ../clib/microlib/printf/printf.c         0x00000000   Number         0  printf5.o ABSOLUTE
    ../clib/microlib/printf/printf.c         0x00000000   Number         0  printf4.o ABSOLUTE
    ../clib/microlib/printf/printf.c         0x00000000   Number         0  printf3.o ABSOLUTE
    ../clib/microlib/printf/stubs.s          0x00000000   Number         0  stubs.o ABSOLUTE
    ../clib/microlib/stdio/streams.c         0x00000000   Number         0  stdout.o ABSOLUTE
    ../clib/microlib/string/memcpy.c         0x00000000   Number         0  memcpya.o ABSOLUTE
    ../clib/microlib/string/memcpy.c         0x00000000   Number         0  memcpyb.o ABSOLUTE
    ../clib/microlib/string/memset.c         0x00000000   Number         0  memseta.o ABSOLUTE
    ../clib/microlib/stubs.s                 0x00000000   Number         0  iusefp.o ABSOLUTE
    ../fplib/microlib/fpadd.c                0x00000000   Number         0  dadd.o ABSOLUTE
    ../fplib/microlib/fpdiv.c                0x00000000   Number         0  ddiv.o ABSOLUTE
    ../fplib/microlib/fpepilogue.c           0x00000000   Number         0  depilogue.o ABSOLUTE
    ../fplib/microlib/fpepilogue.c           0x00000000   Number         0  fepilogue.o ABSOLUTE
    ../fplib/microlib/fpfix.c                0x00000000   Number         0  ffixui.o ABSOLUTE
    ../fplib/microlib/fpfix.c                0x00000000   Number         0  dfixul.o ABSOLUTE
    ../fplib/microlib/fpflt.c                0x00000000   Number         0  ffltui.o ABSOLUTE
    ../fplib/microlib/fpmul.c                0x00000000   Number         0  fmul.o ABSOLUTE
    ../fplib/microlib/fpmul.c                0x00000000   Number         0  dmul.o ABSOLUTE
    ..\App\App_Remote.c                      0x00000000   Number         0  app_remote.o ABSOLUTE
    ..\App\App_Task.c                        0x00000000   Number         0  app_task.o ABSOLUTE
    ..\Core\Src\adc.c                        0x00000000   Number         0  adc.o ABSOLUTE
    ..\Core\Src\dma.c                        0x00000000   Number         0  dma.o ABSOLUTE
    ..\Core\Src\gpio.c                       0x00000000   Number         0  gpio.o ABSOLUTE
    ..\Core\Src\main.c                       0x00000000   Number         0  main.o ABSOLUTE
    ..\Core\Src\spi.c                        0x00000000   Number         0  spi.o ABSOLUTE
    ..\Core\Src\stm32f1xx_hal_msp.c          0x00000000   Number         0  stm32f1xx_hal_msp.o ABSOLUTE
    ..\Core\Src\stm32f1xx_it.c               0x00000000   Number         0  stm32f1xx_it.o ABSOLUTE
    ..\Core\Src\system_stm32f1xx.c           0x00000000   Number         0  system_stm32f1xx.o ABSOLUTE
    ..\Core\Src\usart.c                      0x00000000   Number         0  usart.o ABSOLUTE
    ..\Drivers\STM32F1xx_HAL_Driver\Src\stm32f1xx_hal.c 0x00000000   Number         0  stm32f1xx_hal.o ABSOLUTE
    ..\Drivers\STM32F1xx_HAL_Driver\Src\stm32f1xx_hal_adc.c 0x00000000   Number         0  stm32f1xx_hal_adc.o ABSOLUTE
    ..\Drivers\STM32F1xx_HAL_Driver\Src\stm32f1xx_hal_adc_ex.c 0x00000000   Number         0  stm32f1xx_hal_adc_ex.o ABSOLUTE
    ..\Drivers\STM32F1xx_HAL_Driver\Src\stm32f1xx_hal_cortex.c 0x00000000   Number         0  stm32f1xx_hal_cortex.o ABSOLUTE
    ..\Drivers\STM32F1xx_HAL_Driver\Src\stm32f1xx_hal_dma.c 0x00000000   Number         0  stm32f1xx_hal_dma.o ABSOLUTE
    ..\Drivers\STM32F1xx_HAL_Driver\Src\stm32f1xx_hal_exti.c 0x00000000   Number         0  stm32f1xx_hal_exti.o ABSOLUTE
    ..\Drivers\STM32F1xx_HAL_Driver\Src\stm32f1xx_hal_flash.c 0x00000000   Number         0  stm32f1xx_hal_flash.o ABSOLUTE
    ..\Drivers\STM32F1xx_HAL_Driver\Src\stm32f1xx_hal_flash_ex.c 0x00000000   Number         0  stm32f1xx_hal_flash_ex.o ABSOLUTE
    ..\Drivers\STM32F1xx_HAL_Driver\Src\stm32f1xx_hal_gpio.c 0x00000000   Number         0  stm32f1xx_hal_gpio.o ABSOLUTE
    ..\Drivers\STM32F1xx_HAL_Driver\Src\stm32f1xx_hal_gpio_ex.c 0x00000000   Number         0  stm32f1xx_hal_gpio_ex.o ABSOLUTE
    ..\Drivers\STM32F1xx_HAL_Driver\Src\stm32f1xx_hal_pwr.c 0x00000000   Number         0  stm32f1xx_hal_pwr.o ABSOLUTE
    ..\Drivers\STM32F1xx_HAL_Driver\Src\stm32f1xx_hal_rcc.c 0x00000000   Number         0  stm32f1xx_hal_rcc.o ABSOLUTE
    ..\Drivers\STM32F1xx_HAL_Driver\Src\stm32f1xx_hal_rcc_ex.c 0x00000000   Number         0  stm32f1xx_hal_rcc_ex.o ABSOLUTE
    ..\Drivers\STM32F1xx_HAL_Driver\Src\stm32f1xx_hal_spi.c 0x00000000   Number         0  stm32f1xx_hal_spi.o ABSOLUTE
    ..\Drivers\STM32F1xx_HAL_Driver\Src\stm32f1xx_hal_tim.c 0x00000000   Number         0  stm32f1xx_hal_tim.o ABSOLUTE
    ..\Drivers\STM32F1xx_HAL_Driver\Src\stm32f1xx_hal_tim_ex.c 0x00000000   Number         0  stm32f1xx_hal_tim_ex.o ABSOLUTE
    ..\Drivers\STM32F1xx_HAL_Driver\Src\stm32f1xx_hal_uart.c 0x00000000   Number         0  stm32f1xx_hal_uart.o ABSOLUTE
    ..\HARDWARE\NRF24L01.c                   0x00000000   Number         0  nrf24l01.o ABSOLUTE
    ..\HARDWARE\oled.c                       0x00000000   Number         0  oled.o ABSOLUTE
    ..\HARDWARE\oledfont.c                   0x00000000   Number         0  oledfont.o ABSOLUTE
    ..\HARDWARE\show.c                       0x00000000   Number         0  show.o ABSOLUTE
    ..\Mid\FreeRTOS\portable\RVDS\ARM_CM3\port.c 0x00000000   Number         0  port.o ABSOLUTE
    ..\Mid\FreeRTOS\portable\heap_4.c        0x00000000   Number         0  heap_4.o ABSOLUTE
    ..\Mid\FreeRTOS\source\croutine.c        0x00000000   Number         0  croutine.o ABSOLUTE
    ..\Mid\FreeRTOS\source\event_groups.c    0x00000000   Number         0  event_groups.o ABSOLUTE
    ..\Mid\FreeRTOS\source\list.c            0x00000000   Number         0  list.o ABSOLUTE
    ..\Mid\FreeRTOS\source\queue.c           0x00000000   Number         0  queue.o ABSOLUTE
    ..\Mid\FreeRTOS\source\stream_buffer.c   0x00000000   Number         0  stream_buffer.o ABSOLUTE
    ..\Mid\FreeRTOS\source\tasks.c           0x00000000   Number         0  tasks.o ABSOLUTE
    ..\Mid\FreeRTOS\source\timers.c          0x00000000   Number         0  timers.o ABSOLUTE
    ..\\App\\App_Remote.c                    0x00000000   Number         0  app_remote.o ABSOLUTE
    ..\\App\\App_Task.c                      0x00000000   Number         0  app_task.o ABSOLUTE
    ..\\HARDWARE\\NRF24L01.c                 0x00000000   Number         0  nrf24l01.o ABSOLUTE
    ..\\HARDWARE\\oled.c                     0x00000000   Number         0  oled.o ABSOLUTE
    ..\\HARDWARE\\show.c                     0x00000000   Number         0  show.o ABSOLUTE
    ..\\Mid\\FreeRTOS\\portable\\RVDS\\ARM_CM3\\port.c 0x00000000   Number         0  port.o ABSOLUTE
    cdrcmple.s                               0x00000000   Number         0  cdrcmple.o ABSOLUTE
    dc.s                                     0x00000000   Number         0  dc.o ABSOLUTE
    handlers.s                               0x00000000   Number         0  handlers.o ABSOLUTE
    init.s                                   0x00000000   Number         0  init.o ABSOLUTE
    startup_stm32f103xb.s                    0x00000000   Number         0  startup_stm32f103xb.o ABSOLUTE
    RESET                                    0x08000000   Section      236  startup_stm32f103xb.o(RESET)
    .ARM.Collect$$$$00000000                 0x080000ec   Section        0  entry.o(.ARM.Collect$$$$00000000)
    .ARM.Collect$$$$00000001                 0x080000ec   Section        4  entry2.o(.ARM.Collect$$$$00000001)
    .ARM.Collect$$$$00000004                 0x080000f0   Section        4  entry5.o(.ARM.Collect$$$$00000004)
    .ARM.Collect$$$$00000008                 0x080000f4   Section        0  entry7b.o(.ARM.Collect$$$$00000008)
    .ARM.Collect$$$$0000000A                 0x080000f4   Section        0  entry8b.o(.ARM.Collect$$$$0000000A)
    .ARM.Collect$$$$0000000B                 0x080000f4   Section        8  entry9a.o(.ARM.Collect$$$$0000000B)
    .ARM.Collect$$$$0000000D                 0x080000fc   Section        0  entry10a.o(.ARM.Collect$$$$0000000D)
    .ARM.Collect$$$$0000000F                 0x080000fc   Section        0  entry11a.o(.ARM.Collect$$$$0000000F)
    .ARM.Collect$$$$00002712                 0x080000fc   Section        4  entry2.o(.ARM.Collect$$$$00002712)
    __lit__00000000                          0x080000fc   Data           4  entry2.o(.ARM.Collect$$$$00002712)
    .emb_text                                0x08000100   Section      150  port.o(.emb_text)
    .text                                    0x08000198   Section       36  startup_stm32f103xb.o(.text)
    .text                                    0x080001bc   Section        0  llushr.o(.text)
    .text                                    0x080001dc   Section        0  memseta.o(.text)
    .text                                    0x08000200   Section        0  fmul.o(.text)
    .text                                    0x08000264   Section        0  ffltui.o(.text)
    .text                                    0x0800026e   Section        0  ffixui.o(.text)
    .text                                    0x08000296   Section        0  uldiv.o(.text)
    .text                                    0x080002f8   Section        0  fepilogue.o(.text)
    .text                                    0x080002f8   Section        0  iusefp.o(.text)
    .text                                    0x08000368   Section       36  init.o(.text)
    .text                                    0x0800038c   Section        0  llshl.o(.text)
    i.ADC_ConversionStop_Disable             0x080003aa   Section        0  stm32f1xx_hal_adc.o(i.ADC_ConversionStop_Disable)
    i.ADC_DMAConvCplt                        0x08000406   Section        0  stm32f1xx_hal_adc.o(i.ADC_DMAConvCplt)
    i.ADC_DMAError                           0x08000458   Section        0  stm32f1xx_hal_adc.o(i.ADC_DMAError)
    i.ADC_DMAHalfConvCplt                    0x08000476   Section        0  stm32f1xx_hal_adc.o(i.ADC_DMAHalfConvCplt)
    i.ADC_Enable                             0x08000484   Section        0  stm32f1xx_hal_adc.o(i.ADC_Enable)
    i.App_Remote_KeyPress                    0x08000514   Section        0  app_remote.o(i.App_Remote_KeyPress)
    i.App_Remote_Limit                       0x08000578   Section        0  app_remote.o(i.App_Remote_Limit)
    i.App_Remote_Mid_Limit                   0x0800062a   Section        0  app_remote.o(i.App_Remote_Mid_Limit)
    i.App_Remote_RemoteData                  0x080006a4   Section        0  app_remote.o(i.App_Remote_RemoteData)
    i.App_Remote_Stick_Scan                  0x080007d8   Section        0  app_remote.o(i.App_Remote_Stick_Scan)
    i.App_Remote_Window_Filter               0x0800089c   Section        0  app_remote.o(i.App_Remote_Window_Filter)
    i.App_Task_20MS                          0x080009dc   Section        0  app_task.o(i.App_Task_20MS)
    i.App_Task_4MS                           0x080009fc   Section        0  app_task.o(i.App_Task_4MS)
    i.BusFault_Handler                       0x08000a28   Section        0  stm32f1xx_it.o(i.BusFault_Handler)
    i.DMA1_Channel1_IRQHandler               0x08000a2c   Section        0  stm32f1xx_it.o(i.DMA1_Channel1_IRQHandler)
    i.DMA_SetConfig                          0x08000a3c   Section        0  stm32f1xx_hal_dma.o(i.DMA_SetConfig)
    DMA_SetConfig                            0x08000a3d   Thumb Code    44  stm32f1xx_hal_dma.o(i.DMA_SetConfig)
    i.DebugMon_Handler                       0x08000a68   Section        0  stm32f1xx_it.o(i.DebugMon_Handler)
    i.Driver_SPI_SwapByte                    0x08000a6c   Section        0  spi.o(i.Driver_SPI_SwapByte)
    i.Error_Handler                          0x08000a8c   Section        0  main.o(i.Error_Handler)
    i.FreeRTOS_Start                         0x08000a94   Section        0  app_task.o(i.FreeRTOS_Start)
    i.HAL_ADC_ConfigChannel                  0x08000ac4   Section        0  stm32f1xx_hal_adc.o(i.HAL_ADC_ConfigChannel)
    i.HAL_ADC_ConvCpltCallback               0x08000c24   Section        0  stm32f1xx_hal_adc.o(i.HAL_ADC_ConvCpltCallback)
    i.HAL_ADC_ConvHalfCpltCallback           0x08000c26   Section        0  stm32f1xx_hal_adc.o(i.HAL_ADC_ConvHalfCpltCallback)
    i.HAL_ADC_ErrorCallback                  0x08000c28   Section        0  stm32f1xx_hal_adc.o(i.HAL_ADC_ErrorCallback)
    i.HAL_ADC_Init                           0x08000c2c   Section        0  stm32f1xx_hal_adc.o(i.HAL_ADC_Init)
    i.HAL_ADC_MspInit                        0x08000d70   Section        0  adc.o(i.HAL_ADC_MspInit)
    i.HAL_ADC_Start_DMA                      0x08000e20   Section        0  stm32f1xx_hal_adc.o(i.HAL_ADC_Start_DMA)
    i.HAL_DMA_IRQHandler                     0x08000fa0   Section        0  stm32f1xx_hal_dma.o(i.HAL_DMA_IRQHandler)
    i.HAL_DMA_Init                           0x0800113c   Section        0  stm32f1xx_hal_dma.o(i.HAL_DMA_Init)
    i.HAL_DMA_Start_IT                       0x080011a4   Section        0  stm32f1xx_hal_dma.o(i.HAL_DMA_Start_IT)
    i.HAL_Delay                              0x08001240   Section        0  stm32f1xx_hal.o(i.HAL_Delay)
    i.HAL_GPIO_Init                          0x08001268   Section        0  stm32f1xx_hal_gpio.o(i.HAL_GPIO_Init)
    i.HAL_GPIO_ReadPin                       0x08001588   Section        0  stm32f1xx_hal_gpio.o(i.HAL_GPIO_ReadPin)
    i.HAL_GPIO_WritePin                      0x08001598   Section        0  stm32f1xx_hal_gpio.o(i.HAL_GPIO_WritePin)
    i.HAL_GetTick                            0x080015a4   Section        0  stm32f1xx_hal.o(i.HAL_GetTick)
    i.HAL_IncTick                            0x080015b0   Section        0  stm32f1xx_hal.o(i.HAL_IncTick)
    i.HAL_Init                               0x080015c8   Section        0  stm32f1xx_hal.o(i.HAL_Init)
    i.HAL_InitTick                           0x080015f0   Section        0  stm32f1xx_hal.o(i.HAL_InitTick)
    i.HAL_MspInit                            0x0800163c   Section        0  stm32f1xx_hal_msp.o(i.HAL_MspInit)
    i.HAL_NVIC_EnableIRQ                     0x08001690   Section        0  stm32f1xx_hal_cortex.o(i.HAL_NVIC_EnableIRQ)
    i.HAL_NVIC_SetPriority                   0x080016b0   Section        0  stm32f1xx_hal_cortex.o(i.HAL_NVIC_SetPriority)
    i.HAL_NVIC_SetPriorityGrouping           0x0800172c   Section        0  stm32f1xx_hal_cortex.o(i.HAL_NVIC_SetPriorityGrouping)
    i.HAL_RCCEx_PeriphCLKConfig              0x08001754   Section        0  stm32f1xx_hal_rcc_ex.o(i.HAL_RCCEx_PeriphCLKConfig)
    i.HAL_RCC_ClockConfig                    0x08001884   Section        0  stm32f1xx_hal_rcc.o(i.HAL_RCC_ClockConfig)
    i.HAL_RCC_GetHCLKFreq                    0x08001a10   Section        0  stm32f1xx_hal_rcc.o(i.HAL_RCC_GetHCLKFreq)
    i.HAL_RCC_GetPCLK1Freq                   0x08001a1c   Section        0  stm32f1xx_hal_rcc.o(i.HAL_RCC_GetPCLK1Freq)
    i.HAL_RCC_GetPCLK2Freq                   0x08001a3c   Section        0  stm32f1xx_hal_rcc.o(i.HAL_RCC_GetPCLK2Freq)
    i.HAL_RCC_GetSysClockFreq                0x08001a5c   Section        0  stm32f1xx_hal_rcc.o(i.HAL_RCC_GetSysClockFreq)
    i.HAL_RCC_OscConfig                      0x08001acc   Section        0  stm32f1xx_hal_rcc.o(i.HAL_RCC_OscConfig)
    i.HAL_SPI_Init                           0x08001f30   Section        0  stm32f1xx_hal_spi.o(i.HAL_SPI_Init)
    i.HAL_SPI_MspInit                        0x08001ff0   Section        0  spi.o(i.HAL_SPI_MspInit)
    i.HAL_SPI_TransmitReceive                0x08002074   Section        0  stm32f1xx_hal_spi.o(i.HAL_SPI_TransmitReceive)
    i.HAL_SYSTICK_Config                     0x080022b4   Section        0  stm32f1xx_hal_cortex.o(i.HAL_SYSTICK_Config)
    i.HAL_UART_Init                          0x080022e8   Section        0  stm32f1xx_hal_uart.o(i.HAL_UART_Init)
    i.HAL_UART_MspInit                       0x08002360   Section        0  usart.o(i.HAL_UART_MspInit)
    i.HAL_UART_Transmit                      0x080023e8   Section        0  stm32f1xx_hal_uart.o(i.HAL_UART_Transmit)
    i.HardFault_Handler                      0x0800249a   Section        0  stm32f1xx_it.o(i.HardFault_Handler)
    i.MX_ADC1_Init                           0x080024a0   Section        0  adc.o(i.MX_ADC1_Init)
    i.MX_DMA_Init                            0x08002540   Section        0  dma.o(i.MX_DMA_Init)
    i.MX_GPIO_Init                           0x08002574   Section        0  gpio.o(i.MX_GPIO_Init)
    i.MX_SPI1_Init                           0x08002688   Section        0  spi.o(i.MX_SPI1_Init)
    i.MX_USART1_UART_Init                    0x080026cc   Section        0  usart.o(i.MX_USART1_UART_Init)
    i.MemManage_Handler                      0x08002704   Section        0  stm32f1xx_it.o(i.MemManage_Handler)
    i.NMI_Handler                            0x08002708   Section        0  stm32f1xx_it.o(i.NMI_Handler)
    i.NRF24L01_Check                         0x0800270c   Section        0  nrf24l01.o(i.NRF24L01_Check)
    i.NRF24L01_Read_Buf                      0x080027a0   Section        0  nrf24l01.o(i.NRF24L01_Read_Buf)
    i.NRF24L01_Read_Reg                      0x080027e4   Section        0  nrf24l01.o(i.NRF24L01_Read_Reg)
    i.NRF24L01_TX_Mode                       0x08002814   Section        0  nrf24l01.o(i.NRF24L01_TX_Mode)
    i.NRF24L01_TxPacket                      0x08002880   Section        0  nrf24l01.o(i.NRF24L01_TxPacket)
    i.NRF24L01_Write_Buf                     0x080028e8   Section        0  nrf24l01.o(i.NRF24L01_Write_Buf)
    i.NRF24L01_Write_Reg                     0x08002930   Section        0  nrf24l01.o(i.NRF24L01_Write_Reg)
    i.OLED_Clear                             0x08002964   Section        0  oled.o(i.OLED_Clear)
    i.OLED_DrawPoint                         0x08002994   Section        0  oled.o(i.OLED_DrawPoint)
    i.OLED_Init                              0x080029fc   Section        0  oled.o(i.OLED_Init)
    i.OLED_Refresh_Gram                      0x08002af4   Section        0  oled.o(i.OLED_Refresh_Gram)
    i.OLED_ShowCH                            0x08002b40   Section        0  oled.o(i.OLED_ShowCH)
    i.OLED_ShowChar                          0x08002bc8   Section        0  oled.o(i.OLED_ShowChar)
    i.OLED_ShowNumber                        0x08002c70   Section        0  oled.o(i.OLED_ShowNumber)
    i.OLED_ShowString                        0x08002d04   Section        0  oled.o(i.OLED_ShowString)
    i.OLED_Show_CH                           0x08002d52   Section        0  oled.o(i.OLED_Show_CH)
    i.OLED_Show_progress_bar                 0x08002d98   Section        0  show.o(i.OLED_Show_progress_bar)
    i.OLED_WR_Byte                           0x08002ec4   Section        0  oled.o(i.OLED_WR_Byte)
    i.RCC_Delay                              0x08002f50   Section        0  stm32f1xx_hal_rcc.o(i.RCC_Delay)
    RCC_Delay                                0x08002f51   Thumb Code    36  stm32f1xx_hal_rcc.o(i.RCC_Delay)
    i.SPI_EndRxTxTransaction                 0x08002f78   Section        0  stm32f1xx_hal_spi.o(i.SPI_EndRxTxTransaction)
    SPI_EndRxTxTransaction                   0x08002f79   Thumb Code    40  stm32f1xx_hal_spi.o(i.SPI_EndRxTxTransaction)
    i.SPI_WaitFlagStateUntilTimeout          0x08002fa0   Section        0  stm32f1xx_hal_spi.o(i.SPI_WaitFlagStateUntilTimeout)
    SPI_WaitFlagStateUntilTimeout            0x08002fa1   Thumb Code   210  stm32f1xx_hal_spi.o(i.SPI_WaitFlagStateUntilTimeout)
    i.Start_Task                             0x08003078   Section        0  app_task.o(i.Start_Task)
    i.SysTick_Handler                        0x080030e8   Section        0  stm32f1xx_it.o(i.SysTick_Handler)
    i.SystemClock_Config                     0x080030fc   Section        0  main.o(i.SystemClock_Config)
    i.SystemInit                             0x08003180   Section        0  system_stm32f1xx.o(i.SystemInit)
    i.UART_SetConfig                         0x08003184   Section        0  stm32f1xx_hal_uart.o(i.UART_SetConfig)
    UART_SetConfig                           0x08003185   Thumb Code   248  stm32f1xx_hal_uart.o(i.UART_SetConfig)
    i.UART_WaitOnFlagUntilTimeout            0x08003280   Section        0  stm32f1xx_hal_uart.o(i.UART_WaitOnFlagUntilTimeout)
    UART_WaitOnFlagUntilTimeout              0x08003281   Thumb Code   146  stm32f1xx_hal_uart.o(i.UART_WaitOnFlagUntilTimeout)
    i.UsageFault_Handler                     0x08003312   Section        0  stm32f1xx_it.o(i.UsageFault_Handler)
    i.__0printf$8                            0x08003318   Section        0  printf8.o(i.__0printf$8)
    i.__NVIC_GetPriorityGrouping             0x08003338   Section        0  stm32f1xx_hal_cortex.o(i.__NVIC_GetPriorityGrouping)
    __NVIC_GetPriorityGrouping               0x08003339   Thumb Code    10  stm32f1xx_hal_cortex.o(i.__NVIC_GetPriorityGrouping)
    i.__NVIC_SetPriority                     0x08003348   Section        0  stm32f1xx_hal_cortex.o(i.__NVIC_SetPriority)
    __NVIC_SetPriority                       0x08003349   Thumb Code    32  stm32f1xx_hal_cortex.o(i.__NVIC_SetPriority)
    i.__scatterload_copy                     0x08003370   Section       14  handlers.o(i.__scatterload_copy)
    i.__scatterload_null                     0x0800337e   Section        2  handlers.o(i.__scatterload_null)
    i.__scatterload_zeroinit                 0x08003380   Section       14  handlers.o(i.__scatterload_zeroinit)
    i._printf_core                           0x08003390   Section        0  printf8.o(i._printf_core)
    _printf_core                             0x08003391   Thumb Code   996  printf8.o(i._printf_core)
    i._printf_post_padding                   0x080037a0   Section        0  printf8.o(i._printf_post_padding)
    _printf_post_padding                     0x080037a1   Thumb Code    36  printf8.o(i._printf_post_padding)
    i._printf_pre_padding                    0x080037c4   Section        0  printf8.o(i._printf_pre_padding)
    _printf_pre_padding                      0x080037c5   Thumb Code    46  printf8.o(i._printf_pre_padding)
    i.fputc                                  0x080037f4   Section        0  usart.o(i.fputc)
    i.main                                   0x08003810   Section        0  main.o(i.main)
    i.oled_pow                               0x0800394c   Section        0  oled.o(i.oled_pow)
    i.oled_show                              0x08003964   Section        0  show.o(i.oled_show)
    i.prvAddCurrentTaskToDelayedList         0x08003cd0   Section        0  tasks.o(i.prvAddCurrentTaskToDelayedList)
    prvAddCurrentTaskToDelayedList           0x08003cd1   Thumb Code   164  tasks.o(i.prvAddCurrentTaskToDelayedList)
    i.prvAddNewTaskToReadyList               0x08003d90   Section        0  tasks.o(i.prvAddNewTaskToReadyList)
    prvAddNewTaskToReadyList                 0x08003d91   Thumb Code   200  tasks.o(i.prvAddNewTaskToReadyList)
    i.prvCheckTasksWaitingTermination        0x08003e74   Section        0  tasks.o(i.prvCheckTasksWaitingTermination)
    prvCheckTasksWaitingTermination          0x08003e75   Thumb Code    60  tasks.o(i.prvCheckTasksWaitingTermination)
    i.prvDeleteTCB                           0x08003ebc   Section        0  tasks.o(i.prvDeleteTCB)
    prvDeleteTCB                             0x08003ebd   Thumb Code    18  tasks.o(i.prvDeleteTCB)
    i.prvHeapInit                            0x08003ed0   Section        0  heap_4.o(i.prvHeapInit)
    prvHeapInit                              0x08003ed1   Thumb Code    90  heap_4.o(i.prvHeapInit)
    i.prvIdleTask                            0x08003f40   Section        0  tasks.o(i.prvIdleTask)
    prvIdleTask                              0x08003f41   Thumb Code    32  tasks.o(i.prvIdleTask)
    i.prvInitialiseNewTask                   0x08003f68   Section        0  tasks.o(i.prvInitialiseNewTask)
    prvInitialiseNewTask                     0x08003f69   Thumb Code   122  tasks.o(i.prvInitialiseNewTask)
    i.prvInitialiseTaskLists                 0x08003fe4   Section        0  tasks.o(i.prvInitialiseTaskLists)
    prvInitialiseTaskLists                   0x08003fe5   Thumb Code    70  tasks.o(i.prvInitialiseTaskLists)
    i.prvInsertBlockIntoFreeList             0x0800404c   Section        0  heap_4.o(i.prvInsertBlockIntoFreeList)
    prvInsertBlockIntoFreeList               0x0800404d   Thumb Code    96  heap_4.o(i.prvInsertBlockIntoFreeList)
    i.prvResetNextTaskUnblockTime            0x080040b4   Section        0  tasks.o(i.prvResetNextTaskUnblockTime)
    prvResetNextTaskUnblockTime              0x080040b5   Thumb Code    40  tasks.o(i.prvResetNextTaskUnblockTime)
    i.prvTaskExitError                       0x080040e4   Section        0  port.o(i.prvTaskExitError)
    prvTaskExitError                         0x080040e5   Thumb Code    22  port.o(i.prvTaskExitError)
    i.pvPortMalloc                           0x080040fc   Section        0  heap_4.o(i.pvPortMalloc)
    i.pxPortInitialiseStack                  0x080041e0   Section        0  port.o(i.pxPortInitialiseStack)
    i.uxListRemove                           0x08004204   Section        0  list.o(i.uxListRemove)
    i.vListInitialise                        0x0800422c   Section        0  list.o(i.vListInitialise)
    i.vListInitialiseItem                    0x08004246   Section        0  list.o(i.vListInitialiseItem)
    i.vListInsert                            0x0800424c   Section        0  list.o(i.vListInsert)
    i.vListInsertEnd                         0x08004280   Section        0  list.o(i.vListInsertEnd)
    i.vPortEnterCritical                     0x08004298   Section        0  port.o(i.vPortEnterCritical)
    i.vPortExitCritical                      0x080042bc   Section        0  port.o(i.vPortExitCritical)
    i.vPortFree                              0x080042dc   Section        0  heap_4.o(i.vPortFree)
    i.vPortSetupTimerInterrupt               0x08004328   Section        0  port.o(i.vPortSetupTimerInterrupt)
    i.vTaskDelete                            0x08004340   Section        0  tasks.o(i.vTaskDelete)
    i.vTaskStartScheduler                    0x08004414   Section        0  tasks.o(i.vTaskStartScheduler)
    i.vTaskSuspendAll                        0x08004480   Section        0  tasks.o(i.vTaskSuspendAll)
    i.vTaskSwitchContext                     0x08004490   Section        0  tasks.o(i.vTaskSwitchContext)
    i.xPortStartScheduler                    0x080044f0   Section        0  port.o(i.xPortStartScheduler)
    i.xPortSysTickHandler                    0x08004524   Section        0  port.o(i.xPortSysTickHandler)
    i.xTaskCreate                            0x08004558   Section        0  tasks.o(i.xTaskCreate)
    i.xTaskDelayUntil                        0x080045c0   Section        0  tasks.o(i.xTaskDelayUntil)
    i.xTaskGetSchedulerState                 0x08004634   Section        0  tasks.o(i.xTaskGetSchedulerState)
    i.xTaskGetTickCount                      0x08004654   Section        0  tasks.o(i.xTaskGetTickCount)
    i.xTaskIncrementTick                     0x08004660   Section        0  tasks.o(i.xTaskIncrementTick)
    i.xTaskResumeAll                         0x080047f0   Section        0  tasks.o(i.xTaskResumeAll)
    .constdata                               0x0800494c   Section       18  stm32f1xx_hal_rcc.o(.constdata)
    aPLLMULFactorTable                       0x0800494c   Data          16  stm32f1xx_hal_rcc.o(.constdata)
    aPredivFactorTable                       0x0800495c   Data           2  stm32f1xx_hal_rcc.o(.constdata)
    .constdata                               0x0800495e   Section       24  system_stm32f1xx.o(.constdata)
    .constdata                               0x08004976   Section     3452  oledfont.o(.constdata)
    .data                                    0x20000000   Section        8  main.o(.data)
    .data                                    0x20000008   Section        9  stm32f1xx_hal.o(.data)
    .data                                    0x20000014   Section        4  system_stm32f1xx.o(.data)
    .data                                    0x20000018   Section       12  nrf24l01.o(.data)
    .data                                    0x20000024   Section        4  show.o(.data)
    page                                     0x20000024   Data           1  show.o(.data)
    page_temp                                0x20000025   Data           1  show.o(.data)
    flash_cnt                                0x20000026   Data           1  show.o(.data)
    show_mode                                0x20000027   Data           1  show.o(.data)
    .data                                    0x20000028   Section       64  tasks.o(.data)
    pxDelayedTaskList                        0x2000002c   Data           4  tasks.o(.data)
    pxOverflowDelayedTaskList                0x20000030   Data           4  tasks.o(.data)
    uxDeletedTasksWaitingCleanUp             0x20000034   Data           4  tasks.o(.data)
    uxCurrentNumberOfTasks                   0x20000038   Data           4  tasks.o(.data)
    xTickCount                               0x2000003c   Data           4  tasks.o(.data)
    uxTopReadyPriority                       0x20000040   Data           4  tasks.o(.data)
    xSchedulerRunning                        0x20000044   Data           4  tasks.o(.data)
    xPendedTicks                             0x20000048   Data           4  tasks.o(.data)
    xYieldPending                            0x2000004c   Data           4  tasks.o(.data)
    xNumOfOverflows                          0x20000050   Data           4  tasks.o(.data)
    uxTaskNumber                             0x20000054   Data           4  tasks.o(.data)
    xNextTaskUnblockTime                     0x20000058   Data           4  tasks.o(.data)
    xIdleTaskHandle                          0x2000005c   Data           4  tasks.o(.data)
    uxSchedulerSuspended                     0x20000064   Data           4  tasks.o(.data)
    .data                                    0x20000068   Section       28  heap_4.o(.data)
    xStart                                   0x20000068   Data           8  heap_4.o(.data)
    pxEnd                                    0x20000070   Data           4  heap_4.o(.data)
    xFreeBytesRemaining                      0x20000074   Data           4  heap_4.o(.data)
    xMinimumEverFreeBytesRemaining           0x20000078   Data           4  heap_4.o(.data)
    xNumberOfSuccessfulAllocations           0x2000007c   Data           4  heap_4.o(.data)
    xNumberOfSuccessfulFrees                 0x20000080   Data           4  heap_4.o(.data)
    .data                                    0x20000084   Section        4  port.o(.data)
    uxCriticalNesting                        0x20000084   Data           4  port.o(.data)
    .data                                    0x20000088   Section       30  app_remote.o(.data)
    count                                    0x20000090   Data           2  app_remote.o(.data)
    key_count                                0x20000092   Data           2  app_remote.o(.data)
    sum_thr                                  0x20000094   Data           4  app_remote.o(.data)
    sum_pit                                  0x20000098   Data           4  app_remote.o(.data)
    sum_roll                                 0x2000009c   Data           4  app_remote.o(.data)
    sum_yaw                                  0x200000a0   Data           4  app_remote.o(.data)
    count                                    0x200000a4   Data           2  app_remote.o(.data)
    .data                                    0x200000a8   Section       12  app_task.o(.data)
    .data                                    0x200000b4   Section        4  stdout.o(.data)
    .bss                                     0x200000b8   Section      116  adc.o(.bss)
    .bss                                     0x2000012c   Section       88  spi.o(.bss)
    .bss                                     0x20000184   Section       72  usart.o(.bss)
    .bss                                     0x200001cc   Section       56  nrf24l01.o(.bss)
    .bss                                     0x20000204   Section     1024  oled.o(.bss)
    .bss                                     0x20000604   Section      740  tasks.o(.bss)
    pxReadyTasksLists                        0x20000604   Data         640  tasks.o(.bss)
    xDelayedTaskList1                        0x20000884   Data          20  tasks.o(.bss)
    xDelayedTaskList2                        0x20000898   Data          20  tasks.o(.bss)
    xPendingReadyList                        0x200008ac   Data          20  tasks.o(.bss)
    xTasksWaitingTermination                 0x200008c0   Data          20  tasks.o(.bss)
    xSuspendedTaskList                       0x200008d4   Data          20  tasks.o(.bss)
    .bss                                     0x200008e8   Section    15360  heap_4.o(.bss)
    ucHeap                                   0x200008e8   Data       15360  heap_4.o(.bss)
    .bss                                     0x200044e8   Section      116  app_remote.o(.bss)
    STACK                                    0x20004560   Section     1024  startup_stm32f103xb.o(STACK)

    Global Symbols

    Symbol Name                              Value     Ov Type        Size  Object(Section)

    BuildAttributes$$THM_ISAv4$P$D$K$B$S$PE$A:L22UL41UL21$X:L11$S22US41US21$IEEE1$IW$USESV6$~STKCKD$USESV7$~SHL$OTIME$ROPI$EBA8$MICROLIB$REQ8$PRES8$EABIv2 0x00000000   Number         0  anon$$obj.o ABSOLUTE
    __ARM_use_no_argv                        0x00000000   Number         0  main.o ABSOLUTE
    _printf_a                                0x00000000   Number         0  stubs.o ABSOLUTE
    _printf_c                                0x00000000   Number         0  stubs.o ABSOLUTE
    _printf_charcount                        0x00000000   Number         0  stubs.o ABSOLUTE
    _printf_d                                0x00000000   Number         0  stubs.o ABSOLUTE
    _printf_e                                0x00000000   Number         0  stubs.o ABSOLUTE
    _printf_f                                0x00000000   Number         0  stubs.o ABSOLUTE
    _printf_flags                            0x00000000   Number         0  stubs.o ABSOLUTE
    _printf_fp_dec                           0x00000000   Number         0  stubs.o ABSOLUTE
    _printf_fp_hex                           0x00000000   Number         0  stubs.o ABSOLUTE
    _printf_g                                0x00000000   Number         0  stubs.o ABSOLUTE
    _printf_i                                0x00000000   Number         0  stubs.o ABSOLUTE
    _printf_int_dec                          0x00000000   Number         0  stubs.o ABSOLUTE
    _printf_l                                0x00000000   Number         0  stubs.o ABSOLUTE
    _printf_lc                               0x00000000   Number         0  stubs.o ABSOLUTE
    _printf_ll                               0x00000000   Number         0  stubs.o ABSOLUTE
    _printf_lld                              0x00000000   Number         0  stubs.o ABSOLUTE
    _printf_lli                              0x00000000   Number         0  stubs.o ABSOLUTE
    _printf_llo                              0x00000000   Number         0  stubs.o ABSOLUTE
    _printf_llu                              0x00000000   Number         0  stubs.o ABSOLUTE
    _printf_llx                              0x00000000   Number         0  stubs.o ABSOLUTE
    _printf_longlong_dec                     0x00000000   Number         0  stubs.o ABSOLUTE
    _printf_longlong_hex                     0x00000000   Number         0  stubs.o ABSOLUTE
    _printf_longlong_oct                     0x00000000   Number         0  stubs.o ABSOLUTE
    _printf_ls                               0x00000000   Number         0  stubs.o ABSOLUTE
    _printf_mbtowc                           0x00000000   Number         0  stubs.o ABSOLUTE
    _printf_n                                0x00000000   Number         0  stubs.o ABSOLUTE
    _printf_o                                0x00000000   Number         0  stubs.o ABSOLUTE
    _printf_p                                0x00000000   Number         0  stubs.o ABSOLUTE
    _printf_percent                          0x00000000   Number         0  stubs.o ABSOLUTE
    _printf_pre_padding                      0x00000000   Number         0  stubs.o ABSOLUTE
    _printf_return_value                     0x00000000   Number         0  stubs.o ABSOLUTE
    _printf_s                                0x00000000   Number         0  stubs.o ABSOLUTE
    _printf_sizespec                         0x00000000   Number         0  stubs.o ABSOLUTE
    _printf_str                              0x00000000   Number         0  stubs.o ABSOLUTE
    _printf_truncate_signed                  0x00000000   Number         0  stubs.o ABSOLUTE
    _printf_truncate_unsigned                0x00000000   Number         0  stubs.o ABSOLUTE
    _printf_u                                0x00000000   Number         0  stubs.o ABSOLUTE
    _printf_wc                               0x00000000   Number         0  stubs.o ABSOLUTE
    _printf_wctomb                           0x00000000   Number         0  stubs.o ABSOLUTE
    _printf_widthprec                        0x00000000   Number         0  stubs.o ABSOLUTE
    _printf_x                                0x00000000   Number         0  stubs.o ABSOLUTE
    __cpp_initialize__aeabi_                  - Undefined Weak Reference
    __cxa_finalize                            - Undefined Weak Reference
    __decompress                              - Undefined Weak Reference
    _clock_init                               - Undefined Weak Reference
    _microlib_exit                            - Undefined Weak Reference
    __Vectors_Size                           0x000000ec   Number         0  startup_stm32f103xb.o ABSOLUTE
    __Vectors                                0x08000000   Data           4  startup_stm32f103xb.o(RESET)
    __Vectors_End                            0x080000ec   Data           0  startup_stm32f103xb.o(RESET)
    __main                                   0x080000ed   Thumb Code     0  entry.o(.ARM.Collect$$$$00000000)
    _main_stk                                0x080000ed   Thumb Code     0  entry2.o(.ARM.Collect$$$$00000001)
    _main_scatterload                        0x080000f1   Thumb Code     0  entry5.o(.ARM.Collect$$$$00000004)
    __main_after_scatterload                 0x080000f5   Thumb Code     0  entry5.o(.ARM.Collect$$$$00000004)
    _main_clock                              0x080000f5   Thumb Code     0  entry7b.o(.ARM.Collect$$$$00000008)
    _main_cpp_init                           0x080000f5   Thumb Code     0  entry8b.o(.ARM.Collect$$$$0000000A)
    _main_init                               0x080000f5   Thumb Code     0  entry9a.o(.ARM.Collect$$$$0000000B)
    __rt_final_cpp                           0x080000fd   Thumb Code     0  entry10a.o(.ARM.Collect$$$$0000000D)
    __rt_final_exit                          0x080000fd   Thumb Code     0  entry11a.o(.ARM.Collect$$$$0000000F)
    SVC_Handler                              0x08000101   Thumb Code    32  port.o(.emb_text)
    __asm___6_port_c_39a90d8d__prvStartFirstTask 0x08000125   Thumb Code    28  port.o(.emb_text)
    PendSV_Handler                           0x08000145   Thumb Code    72  port.o(.emb_text)
    vPortGetIPSR                             0x08000191   Thumb Code     6  port.o(.emb_text)
    Reset_Handler                            0x08000199   Thumb Code     8  startup_stm32f103xb.o(.text)
    ADC1_2_IRQHandler                        0x080001b3   Thumb Code     0  startup_stm32f103xb.o(.text)
    CAN1_RX1_IRQHandler                      0x080001b3   Thumb Code     0  startup_stm32f103xb.o(.text)
    CAN1_SCE_IRQHandler                      0x080001b3   Thumb Code     0  startup_stm32f103xb.o(.text)
    DMA1_Channel2_IRQHandler                 0x080001b3   Thumb Code     0  startup_stm32f103xb.o(.text)
    DMA1_Channel3_IRQHandler                 0x080001b3   Thumb Code     0  startup_stm32f103xb.o(.text)
    DMA1_Channel4_IRQHandler                 0x080001b3   Thumb Code     0  startup_stm32f103xb.o(.text)
    DMA1_Channel5_IRQHandler                 0x080001b3   Thumb Code     0  startup_stm32f103xb.o(.text)
    DMA1_Channel6_IRQHandler                 0x080001b3   Thumb Code     0  startup_stm32f103xb.o(.text)
    DMA1_Channel7_IRQHandler                 0x080001b3   Thumb Code     0  startup_stm32f103xb.o(.text)
    EXTI0_IRQHandler                         0x080001b3   Thumb Code     0  startup_stm32f103xb.o(.text)
    EXTI15_10_IRQHandler                     0x080001b3   Thumb Code     0  startup_stm32f103xb.o(.text)
    EXTI1_IRQHandler                         0x080001b3   Thumb Code     0  startup_stm32f103xb.o(.text)
    EXTI2_IRQHandler                         0x080001b3   Thumb Code     0  startup_stm32f103xb.o(.text)
    EXTI3_IRQHandler                         0x080001b3   Thumb Code     0  startup_stm32f103xb.o(.text)
    EXTI4_IRQHandler                         0x080001b3   Thumb Code     0  startup_stm32f103xb.o(.text)
    EXTI9_5_IRQHandler                       0x080001b3   Thumb Code     0  startup_stm32f103xb.o(.text)
    FLASH_IRQHandler                         0x080001b3   Thumb Code     0  startup_stm32f103xb.o(.text)
    I2C1_ER_IRQHandler                       0x080001b3   Thumb Code     0  startup_stm32f103xb.o(.text)
    I2C1_EV_IRQHandler                       0x080001b3   Thumb Code     0  startup_stm32f103xb.o(.text)
    I2C2_ER_IRQHandler                       0x080001b3   Thumb Code     0  startup_stm32f103xb.o(.text)
    I2C2_EV_IRQHandler                       0x080001b3   Thumb Code     0  startup_stm32f103xb.o(.text)
    PVD_IRQHandler                           0x080001b3   Thumb Code     0  startup_stm32f103xb.o(.text)
    RCC_IRQHandler                           0x080001b3   Thumb Code     0  startup_stm32f103xb.o(.text)
    RTC_Alarm_IRQHandler                     0x080001b3   Thumb Code     0  startup_stm32f103xb.o(.text)
    RTC_IRQHandler                           0x080001b3   Thumb Code     0  startup_stm32f103xb.o(.text)
    SPI1_IRQHandler                          0x080001b3   Thumb Code     0  startup_stm32f103xb.o(.text)
    SPI2_IRQHandler                          0x080001b3   Thumb Code     0  startup_stm32f103xb.o(.text)
    TAMPER_IRQHandler                        0x080001b3   Thumb Code     0  startup_stm32f103xb.o(.text)
    TIM1_BRK_IRQHandler                      0x080001b3   Thumb Code     0  startup_stm32f103xb.o(.text)
    TIM1_CC_IRQHandler                       0x080001b3   Thumb Code     0  startup_stm32f103xb.o(.text)
    TIM1_TRG_COM_IRQHandler                  0x080001b3   Thumb Code     0  startup_stm32f103xb.o(.text)
    TIM1_UP_IRQHandler                       0x080001b3   Thumb Code     0  startup_stm32f103xb.o(.text)
    TIM2_IRQHandler                          0x080001b3   Thumb Code     0  startup_stm32f103xb.o(.text)
    TIM3_IRQHandler                          0x080001b3   Thumb Code     0  startup_stm32f103xb.o(.text)
    TIM4_IRQHandler                          0x080001b3   Thumb Code     0  startup_stm32f103xb.o(.text)
    USART1_IRQHandler                        0x080001b3   Thumb Code     0  startup_stm32f103xb.o(.text)
    USART2_IRQHandler                        0x080001b3   Thumb Code     0  startup_stm32f103xb.o(.text)
    USART3_IRQHandler                        0x080001b3   Thumb Code     0  startup_stm32f103xb.o(.text)
    USBWakeUp_IRQHandler                     0x080001b3   Thumb Code     0  startup_stm32f103xb.o(.text)
    USB_HP_CAN1_TX_IRQHandler                0x080001b3   Thumb Code     0  startup_stm32f103xb.o(.text)
    USB_LP_CAN1_RX0_IRQHandler               0x080001b3   Thumb Code     0  startup_stm32f103xb.o(.text)
    WWDG_IRQHandler                          0x080001b3   Thumb Code     0  startup_stm32f103xb.o(.text)
    __aeabi_llsr                             0x080001bd   Thumb Code    32  llushr.o(.text)
    _ll_ushift_r                             0x080001bd   Thumb Code     0  llushr.o(.text)
    __aeabi_memset                           0x080001dd   Thumb Code    14  memseta.o(.text)
    __aeabi_memset4                          0x080001dd   Thumb Code     0  memseta.o(.text)
    __aeabi_memset8                          0x080001dd   Thumb Code     0  memseta.o(.text)
    __aeabi_memclr                           0x080001eb   Thumb Code     4  memseta.o(.text)
    __aeabi_memclr4                          0x080001eb   Thumb Code     0  memseta.o(.text)
    __aeabi_memclr8                          0x080001eb   Thumb Code     0  memseta.o(.text)
    _memset$wrapper                          0x080001ef   Thumb Code    18  memseta.o(.text)
    __aeabi_fmul                             0x08000201   Thumb Code   100  fmul.o(.text)
    __aeabi_ui2f                             0x08000265   Thumb Code    10  ffltui.o(.text)
    __aeabi_f2uiz                            0x0800026f   Thumb Code    40  ffixui.o(.text)
    __aeabi_uldivmod                         0x08000297   Thumb Code    98  uldiv.o(.text)
    __I$use$fp                               0x080002f9   Thumb Code     0  iusefp.o(.text)
    _float_round                             0x080002f9   Thumb Code    18  fepilogue.o(.text)
    _float_epilogue                          0x0800030b   Thumb Code    92  fepilogue.o(.text)
    __scatterload                            0x08000369   Thumb Code    28  init.o(.text)
    __scatterload_rt2                        0x08000369   Thumb Code     0  init.o(.text)
    __aeabi_llsl                             0x0800038d   Thumb Code    30  llshl.o(.text)
    _ll_shift_l                              0x0800038d   Thumb Code     0  llshl.o(.text)
    ADC_ConversionStop_Disable               0x080003ab   Thumb Code    92  stm32f1xx_hal_adc.o(i.ADC_ConversionStop_Disable)
    ADC_DMAConvCplt                          0x08000407   Thumb Code    82  stm32f1xx_hal_adc.o(i.ADC_DMAConvCplt)
    ADC_DMAError                             0x08000459   Thumb Code    30  stm32f1xx_hal_adc.o(i.ADC_DMAError)
    ADC_DMAHalfConvCplt                      0x08000477   Thumb Code    14  stm32f1xx_hal_adc.o(i.ADC_DMAHalfConvCplt)
    ADC_Enable                               0x08000485   Thumb Code   134  stm32f1xx_hal_adc.o(i.ADC_Enable)
    App_Remote_KeyPress                      0x08000515   Thumb Code    92  app_remote.o(i.App_Remote_KeyPress)
    App_Remote_Limit                         0x08000579   Thumb Code   178  app_remote.o(i.App_Remote_Limit)
    App_Remote_Mid_Limit                     0x0800062b   Thumb Code   122  app_remote.o(i.App_Remote_Mid_Limit)
    App_Remote_RemoteData                    0x080006a5   Thumb Code   304  app_remote.o(i.App_Remote_RemoteData)
    App_Remote_Stick_Scan                    0x080007d9   Thumb Code   182  app_remote.o(i.App_Remote_Stick_Scan)
    App_Remote_Window_Filter                 0x0800089d   Thumb Code   298  app_remote.o(i.App_Remote_Window_Filter)
    App_Task_20MS                            0x080009dd   Thumb Code    32  app_task.o(i.App_Task_20MS)
    App_Task_4MS                             0x080009fd   Thumb Code    40  app_task.o(i.App_Task_4MS)
    BusFault_Handler                         0x08000a29   Thumb Code     4  stm32f1xx_it.o(i.BusFault_Handler)
    DMA1_Channel1_IRQHandler                 0x08000a2d   Thumb Code    10  stm32f1xx_it.o(i.DMA1_Channel1_IRQHandler)
    DebugMon_Handler                         0x08000a69   Thumb Code     2  stm32f1xx_it.o(i.DebugMon_Handler)
    Driver_SPI_SwapByte                      0x08000a6d   Thumb Code    28  spi.o(i.Driver_SPI_SwapByte)
    Error_Handler                            0x08000a8d   Thumb Code     6  main.o(i.Error_Handler)
    FreeRTOS_Start                           0x08000a95   Thumb Code    28  app_task.o(i.FreeRTOS_Start)
    HAL_ADC_ConfigChannel                    0x08000ac5   Thumb Code   338  stm32f1xx_hal_adc.o(i.HAL_ADC_ConfigChannel)
    HAL_ADC_ConvCpltCallback                 0x08000c25   Thumb Code     2  stm32f1xx_hal_adc.o(i.HAL_ADC_ConvCpltCallback)
    HAL_ADC_ConvHalfCpltCallback             0x08000c27   Thumb Code     2  stm32f1xx_hal_adc.o(i.HAL_ADC_ConvHalfCpltCallback)
    HAL_ADC_ErrorCallback                    0x08000c29   Thumb Code     2  stm32f1xx_hal_adc.o(i.HAL_ADC_ErrorCallback)
    HAL_ADC_Init                             0x08000c2d   Thumb Code   314  stm32f1xx_hal_adc.o(i.HAL_ADC_Init)
    HAL_ADC_MspInit                          0x08000d71   Thumb Code   154  adc.o(i.HAL_ADC_MspInit)
    HAL_ADC_Start_DMA                        0x08000e21   Thumb Code   362  stm32f1xx_hal_adc.o(i.HAL_ADC_Start_DMA)
    HAL_DMA_IRQHandler                       0x08000fa1   Thumb Code   408  stm32f1xx_hal_dma.o(i.HAL_DMA_IRQHandler)
    HAL_DMA_Init                             0x0800113d   Thumb Code   100  stm32f1xx_hal_dma.o(i.HAL_DMA_Init)
    HAL_DMA_Start_IT                         0x080011a5   Thumb Code   156  stm32f1xx_hal_dma.o(i.HAL_DMA_Start_IT)
    HAL_Delay                                0x08001241   Thumb Code    36  stm32f1xx_hal.o(i.HAL_Delay)
    HAL_GPIO_Init                            0x08001269   Thumb Code   766  stm32f1xx_hal_gpio.o(i.HAL_GPIO_Init)
    HAL_GPIO_ReadPin                         0x08001589   Thumb Code    16  stm32f1xx_hal_gpio.o(i.HAL_GPIO_ReadPin)
    HAL_GPIO_WritePin                        0x08001599   Thumb Code    12  stm32f1xx_hal_gpio.o(i.HAL_GPIO_WritePin)
    HAL_GetTick                              0x080015a5   Thumb Code     6  stm32f1xx_hal.o(i.HAL_GetTick)
    HAL_IncTick                              0x080015b1   Thumb Code    16  stm32f1xx_hal.o(i.HAL_IncTick)
    HAL_Init                                 0x080015c9   Thumb Code    34  stm32f1xx_hal.o(i.HAL_Init)
    HAL_InitTick                             0x080015f1   Thumb Code    64  stm32f1xx_hal.o(i.HAL_InitTick)
    HAL_MspInit                              0x0800163d   Thumb Code    76  stm32f1xx_hal_msp.o(i.HAL_MspInit)
    HAL_NVIC_EnableIRQ                       0x08001691   Thumb Code    32  stm32f1xx_hal_cortex.o(i.HAL_NVIC_EnableIRQ)
    HAL_NVIC_SetPriority                     0x080016b1   Thumb Code   124  stm32f1xx_hal_cortex.o(i.HAL_NVIC_SetPriority)
    HAL_NVIC_SetPriorityGrouping             0x0800172d   Thumb Code    32  stm32f1xx_hal_cortex.o(i.HAL_NVIC_SetPriorityGrouping)
    HAL_RCCEx_PeriphCLKConfig                0x08001755   Thumb Code   290  stm32f1xx_hal_rcc_ex.o(i.HAL_RCCEx_PeriphCLKConfig)
    HAL_RCC_ClockConfig                      0x08001885   Thumb Code   376  stm32f1xx_hal_rcc.o(i.HAL_RCC_ClockConfig)
    HAL_RCC_GetHCLKFreq                      0x08001a11   Thumb Code     6  stm32f1xx_hal_rcc.o(i.HAL_RCC_GetHCLKFreq)
    HAL_RCC_GetPCLK1Freq                     0x08001a1d   Thumb Code    22  stm32f1xx_hal_rcc.o(i.HAL_RCC_GetPCLK1Freq)
    HAL_RCC_GetPCLK2Freq                     0x08001a3d   Thumb Code    22  stm32f1xx_hal_rcc.o(i.HAL_RCC_GetPCLK2Freq)
    HAL_RCC_GetSysClockFreq                  0x08001a5d   Thumb Code    92  stm32f1xx_hal_rcc.o(i.HAL_RCC_GetSysClockFreq)
    HAL_RCC_OscConfig                        0x08001acd   Thumb Code  1114  stm32f1xx_hal_rcc.o(i.HAL_RCC_OscConfig)
    HAL_SPI_Init                             0x08001f31   Thumb Code   190  stm32f1xx_hal_spi.o(i.HAL_SPI_Init)
    HAL_SPI_MspInit                          0x08001ff1   Thumb Code   120  spi.o(i.HAL_SPI_MspInit)
    HAL_SPI_TransmitReceive                  0x08002075   Thumb Code   576  stm32f1xx_hal_spi.o(i.HAL_SPI_TransmitReceive)
    HAL_SYSTICK_Config                       0x080022b5   Thumb Code    52  stm32f1xx_hal_cortex.o(i.HAL_SYSTICK_Config)
    HAL_UART_Init                            0x080022e9   Thumb Code   118  stm32f1xx_hal_uart.o(i.HAL_UART_Init)
    HAL_UART_MspInit                         0x08002361   Thumb Code   122  usart.o(i.HAL_UART_MspInit)
    HAL_UART_Transmit                        0x080023e9   Thumb Code   178  stm32f1xx_hal_uart.o(i.HAL_UART_Transmit)
    HardFault_Handler                        0x0800249b   Thumb Code     4  stm32f1xx_it.o(i.HardFault_Handler)
    MX_ADC1_Init                             0x080024a1   Thumb Code   150  adc.o(i.MX_ADC1_Init)
    MX_DMA_Init                              0x08002541   Thumb Code    48  dma.o(i.MX_DMA_Init)
    MX_GPIO_Init                             0x08002575   Thumb Code   262  gpio.o(i.MX_GPIO_Init)
    MX_SPI1_Init                             0x08002689   Thumb Code    60  spi.o(i.MX_SPI1_Init)
    MX_USART1_UART_Init                      0x080026cd   Thumb Code    46  usart.o(i.MX_USART1_UART_Init)
    MemManage_Handler                        0x08002705   Thumb Code     4  stm32f1xx_it.o(i.MemManage_Handler)
    NMI_Handler                              0x08002709   Thumb Code     4  stm32f1xx_it.o(i.NMI_Handler)
    NRF24L01_Check                           0x0800270d   Thumb Code   104  nrf24l01.o(i.NRF24L01_Check)
    NRF24L01_Read_Buf                        0x080027a1   Thumb Code    64  nrf24l01.o(i.NRF24L01_Read_Buf)
    NRF24L01_Read_Reg                        0x080027e5   Thumb Code    44  nrf24l01.o(i.NRF24L01_Read_Reg)
    NRF24L01_TX_Mode                         0x08002815   Thumb Code    96  nrf24l01.o(i.NRF24L01_TX_Mode)
    NRF24L01_TxPacket                        0x08002881   Thumb Code    98  nrf24l01.o(i.NRF24L01_TxPacket)
    NRF24L01_Write_Buf                       0x080028e9   Thumb Code    68  nrf24l01.o(i.NRF24L01_Write_Buf)
    NRF24L01_Write_Reg                       0x08002931   Thumb Code    46  nrf24l01.o(i.NRF24L01_Write_Reg)
    OLED_Clear                               0x08002965   Thumb Code    42  oled.o(i.OLED_Clear)
    OLED_DrawPoint                           0x08002995   Thumb Code   100  oled.o(i.OLED_DrawPoint)
    OLED_Init                                0x080029fd   Thumb Code   244  oled.o(i.OLED_Init)
    OLED_Refresh_Gram                        0x08002af5   Thumb Code    70  oled.o(i.OLED_Refresh_Gram)
    OLED_ShowCH                              0x08002b41   Thumb Code   132  oled.o(i.OLED_ShowCH)
    OLED_ShowChar                            0x08002bc9   Thumb Code   158  oled.o(i.OLED_ShowChar)
    OLED_ShowNumber                          0x08002c71   Thumb Code   148  oled.o(i.OLED_ShowNumber)
    OLED_ShowString                          0x08002d05   Thumb Code    78  oled.o(i.OLED_ShowString)
    OLED_Show_CH                             0x08002d53   Thumb Code    70  oled.o(i.OLED_Show_CH)
    OLED_Show_progress_bar                   0x08002d99   Thumb Code   300  show.o(i.OLED_Show_progress_bar)
    OLED_WR_Byte                             0x08002ec5   Thumb Code   132  oled.o(i.OLED_WR_Byte)
    Start_Task                               0x08003079   Thumb Code    62  app_task.o(i.Start_Task)
    SysTick_Handler                          0x080030e9   Thumb Code    20  stm32f1xx_it.o(i.SysTick_Handler)
    SystemClock_Config                       0x080030fd   Thumb Code   132  main.o(i.SystemClock_Config)
    SystemInit                               0x08003181   Thumb Code     2  system_stm32f1xx.o(i.SystemInit)
    UsageFault_Handler                       0x08003313   Thumb Code     4  stm32f1xx_it.o(i.UsageFault_Handler)
    __0printf$8                              0x08003319   Thumb Code    22  printf8.o(i.__0printf$8)
    __1printf$8                              0x08003319   Thumb Code     0  printf8.o(i.__0printf$8)
    __2printf                                0x08003319   Thumb Code     0  printf8.o(i.__0printf$8)
    __scatterload_copy                       0x08003371   Thumb Code    14  handlers.o(i.__scatterload_copy)
    __scatterload_null                       0x0800337f   Thumb Code     2  handlers.o(i.__scatterload_null)
    __scatterload_zeroinit                   0x08003381   Thumb Code    14  handlers.o(i.__scatterload_zeroinit)
    fputc                                    0x080037f5   Thumb Code    22  usart.o(i.fputc)
    main                                     0x08003811   Thumb Code   188  main.o(i.main)
    oled_pow                                 0x0800394d   Thumb Code    22  oled.o(i.oled_pow)
    oled_show                                0x08003965   Thumb Code   816  show.o(i.oled_show)
    pvPortMalloc                             0x080040fd   Thumb Code   208  heap_4.o(i.pvPortMalloc)
    pxPortInitialiseStack                    0x080041e1   Thumb Code    30  port.o(i.pxPortInitialiseStack)
    uxListRemove                             0x08004205   Thumb Code    40  list.o(i.uxListRemove)
    vListInitialise                          0x0800422d   Thumb Code    26  list.o(i.vListInitialise)
    vListInitialiseItem                      0x08004247   Thumb Code     6  list.o(i.vListInitialiseItem)
    vListInsert                              0x0800424d   Thumb Code    52  list.o(i.vListInsert)
    vListInsertEnd                           0x08004281   Thumb Code    24  list.o(i.vListInsertEnd)
    vPortEnterCritical                       0x08004299   Thumb Code    30  port.o(i.vPortEnterCritical)
    vPortExitCritical                        0x080042bd   Thumb Code    28  port.o(i.vPortExitCritical)
    vPortFree                                0x080042dd   Thumb Code    68  heap_4.o(i.vPortFree)
    vPortSetupTimerInterrupt                 0x08004329   Thumb Code    20  port.o(i.vPortSetupTimerInterrupt)
    vTaskDelete                              0x08004341   Thumb Code   174  tasks.o(i.vTaskDelete)
    vTaskStartScheduler                      0x08004415   Thumb Code    76  tasks.o(i.vTaskStartScheduler)
    vTaskSuspendAll                          0x08004481   Thumb Code    12  tasks.o(i.vTaskSuspendAll)
    vTaskSwitchContext                       0x08004491   Thumb Code    76  tasks.o(i.vTaskSwitchContext)
    xPortStartScheduler                      0x080044f1   Thumb Code    42  port.o(i.xPortStartScheduler)
    xPortSysTickHandler                      0x08004525   Thumb Code    46  port.o(i.xPortSysTickHandler)
    xTaskCreate                              0x08004559   Thumb Code   104  tasks.o(i.xTaskCreate)
    xTaskDelayUntil                          0x080045c1   Thumb Code   108  tasks.o(i.xTaskDelayUntil)
    xTaskGetSchedulerState                   0x08004635   Thumb Code    24  tasks.o(i.xTaskGetSchedulerState)
    xTaskGetTickCount                        0x08004655   Thumb Code     6  tasks.o(i.xTaskGetTickCount)
    xTaskIncrementTick                       0x08004661   Thumb Code   356  tasks.o(i.xTaskIncrementTick)
    xTaskResumeAll                           0x080047f1   Thumb Code   310  tasks.o(i.xTaskResumeAll)
    AHBPrescTable                            0x0800495e   Data          16  system_stm32f1xx.o(.constdata)
    APBPrescTable                            0x0800496e   Data           8  system_stm32f1xx.o(.constdata)
    oled_asc2_1206                           0x08004976   Data        1140  oledfont.o(.constdata)
    oled_asc2_1608                           0x08004dea   Data        1520  oledfont.o(.constdata)
    oled_CH_1616                             0x080053da   Data         624  oledfont.o(.constdata)
    oled_CH15                                0x0800564a   Data         168  oledfont.o(.constdata)
    Region$$Table$$Base                      0x080056f4   Number         0  anon$$obj.o(Region$$Table)
    Region$$Table$$Limit                     0x08005714   Number         0  anon$$obj.o(Region$$Table)
    ADC_Value                                0x20000000   Data           8  main.o(.data)
    uwTick                                   0x20000008   Data           4  stm32f1xx_hal.o(.data)
    uwTickPrio                               0x2000000c   Data           4  stm32f1xx_hal.o(.data)
    uwTickFreq                               0x20000010   Data           1  stm32f1xx_hal.o(.data)
    SystemCoreClock                          0x20000014   Data           4  system_stm32f1xx.o(.data)
    TX_ADDRESS                               0x20000018   Data           5  nrf24l01.o(.data)
    RX_ADDRESS                               0x2000001d   Data           5  nrf24l01.o(.data)
    connect_flag                             0x20000022   Data           2  nrf24l01.o(.data)
    pxCurrentTCB                             0x20000028   Data           4  tasks.o(.data)
    uxTopUsedPriority                        0x20000060   Data           4  tasks.o(.data)
    offset                                   0x20000088   Data           8  app_remote.o(.data)
    start_task_handle                        0x200000a8   Data           4  app_task.o(.data)
    task_4ms_handle                          0x200000ac   Data           4  app_task.o(.data)
    task_20ms_handle                         0x200000b0   Data           4  app_task.o(.data)
    __stdout                                 0x200000b4   Data           4  stdout.o(.data)
    hadc1                                    0x200000b8   Data          48  adc.o(.bss)
    hdma_adc1                                0x200000e8   Data          68  adc.o(.bss)
    hspi1                                    0x2000012c   Data          88  spi.o(.bss)
    huart1                                   0x20000184   Data          72  usart.o(.bss)
    TX_BUFF                                  0x200001cc   Data          28  nrf24l01.o(.bss)
    RX_BUFF                                  0x200001e8   Data          28  nrf24l01.o(.bss)
    OLED_GRAM                                0x20000204   Data        1024  oled.o(.bss)
    rc                                       0x200044e8   Data          20  app_remote.o(.bss)
    Filter_Thr                               0x200044fc   Data          24  app_remote.o(.bss)
    Filter_Pitch                             0x20004514   Data          24  app_remote.o(.bss)
    Filter_Roll                              0x2000452c   Data          24  app_remote.o(.bss)
    Filter_Yaw                               0x20004544   Data          24  app_remote.o(.bss)
    __initial_sp                             0x20004960   Data           0  startup_stm32f103xb.o(STACK)



==============================================================================

Memory Map of the image

  Image Entry point : 0x080000ed

  Load Region LR_IROM1 (Base: 0x08000000, Size: 0x000057cc, Max: 0x00010000, ABSOLUTE)

    Execution Region ER_IROM1 (Exec base: 0x08000000, Load base: 0x08000000, Size: 0x00005714, Max: 0x00010000, ABSOLUTE)

    Exec Addr    Load Addr    Size         Type   Attr      Idx    E Section Name        Object

    0x08000000   0x08000000   0x000000ec   Data   RO            3    RESET               startup_stm32f103xb.o
    0x080000ec   0x080000ec   0x00000000   Code   RO         3928  * .ARM.Collect$$$$00000000  mc_w.l(entry.o)
    0x080000ec   0x080000ec   0x00000004   Code   RO         4206    .ARM.Collect$$$$00000001  mc_w.l(entry2.o)
    0x080000f0   0x080000f0   0x00000004   Code   RO         4209    .ARM.Collect$$$$00000004  mc_w.l(entry5.o)
    0x080000f4   0x080000f4   0x00000000   Code   RO         4211    .ARM.Collect$$$$00000008  mc_w.l(entry7b.o)
    0x080000f4   0x080000f4   0x00000000   Code   RO         4213    .ARM.Collect$$$$0000000A  mc_w.l(entry8b.o)
    0x080000f4   0x080000f4   0x00000008   Code   RO         4214    .ARM.Collect$$$$0000000B  mc_w.l(entry9a.o)
    0x080000fc   0x080000fc   0x00000000   Code   RO         4216    .ARM.Collect$$$$0000000D  mc_w.l(entry10a.o)
    0x080000fc   0x080000fc   0x00000000   Code   RO         4218    .ARM.Collect$$$$0000000F  mc_w.l(entry11a.o)
    0x080000fc   0x080000fc   0x00000004   Code   RO         4207    .ARM.Collect$$$$00002712  mc_w.l(entry2.o)
    0x08000100   0x08000100   0x00000096   Code   RO         3710    .emb_text           port.o
    0x08000196   0x08000196   0x00000002   PAD
    0x08000198   0x08000198   0x00000024   Code   RO            4    .text               startup_stm32f103xb.o
    0x080001bc   0x080001bc   0x00000020   Code   RO         3931    .text               mc_w.l(llushr.o)
    0x080001dc   0x080001dc   0x00000024   Code   RO         3935    .text               mc_w.l(memseta.o)
    0x08000200   0x08000200   0x00000064   Code   RO         4200    .text               mf_w.l(fmul.o)
    0x08000264   0x08000264   0x0000000a   Code   RO         4202    .text               mf_w.l(ffltui.o)
    0x0800026e   0x0800026e   0x00000028   Code   RO         4204    .text               mf_w.l(ffixui.o)
    0x08000296   0x08000296   0x00000062   Code   RO         4223    .text               mc_w.l(uldiv.o)
    0x080002f8   0x080002f8   0x00000000   Code   RO         4225    .text               mc_w.l(iusefp.o)
    0x080002f8   0x080002f8   0x0000006e   Code   RO         4226    .text               mf_w.l(fepilogue.o)
    0x08000366   0x08000366   0x00000002   PAD
    0x08000368   0x08000368   0x00000024   Code   RO         4238    .text               mc_w.l(init.o)
    0x0800038c   0x0800038c   0x0000001e   Code   RO         4240    .text               mc_w.l(llshl.o)
    0x080003aa   0x080003aa   0x0000005c   Code   RO          612    i.ADC_ConversionStop_Disable  stm32f1xx_hal_adc.o
    0x08000406   0x08000406   0x00000052   Code   RO          613    i.ADC_DMAConvCplt   stm32f1xx_hal_adc.o
    0x08000458   0x08000458   0x0000001e   Code   RO          614    i.ADC_DMAError      stm32f1xx_hal_adc.o
    0x08000476   0x08000476   0x0000000e   Code   RO          615    i.ADC_DMAHalfConvCplt  stm32f1xx_hal_adc.o
    0x08000484   0x08000484   0x00000090   Code   RO          616    i.ADC_Enable        stm32f1xx_hal_adc.o
    0x08000514   0x08000514   0x00000064   Code   RO         3784    i.App_Remote_KeyPress  app_remote.o
    0x08000578   0x08000578   0x000000b2   Code   RO         3785    i.App_Remote_Limit  app_remote.o
    0x0800062a   0x0800062a   0x0000007a   Code   RO         3786    i.App_Remote_Mid_Limit  app_remote.o
    0x080006a4   0x080006a4   0x00000134   Code   RO         3788    i.App_Remote_RemoteData  app_remote.o
    0x080007d8   0x080007d8   0x000000c4   Code   RO         3789    i.App_Remote_Stick_Scan  app_remote.o
    0x0800089c   0x0800089c   0x00000140   Code   RO         3790    i.App_Remote_Window_Filter  app_remote.o
    0x080009dc   0x080009dc   0x00000020   Code   RO         3852    i.App_Task_20MS     app_task.o
    0x080009fc   0x080009fc   0x0000002c   Code   RO         3853    i.App_Task_4MS      app_task.o
    0x08000a28   0x08000a28   0x00000004   Code   RO          455    i.BusFault_Handler  stm32f1xx_it.o
    0x08000a2c   0x08000a2c   0x00000010   Code   RO          456    i.DMA1_Channel1_IRQHandler  stm32f1xx_it.o
    0x08000a3c   0x08000a3c   0x0000002c   Code   RO         1273    i.DMA_SetConfig     stm32f1xx_hal_dma.o
    0x08000a68   0x08000a68   0x00000002   Code   RO          457    i.DebugMon_Handler  stm32f1xx_it.o
    0x08000a6a   0x08000a6a   0x00000002   PAD
    0x08000a6c   0x08000a6c   0x00000020   Code   RO          359    i.Driver_SPI_SwapByte  spi.o
    0x08000a8c   0x08000a8c   0x00000006   Code   RO           13    i.Error_Handler     main.o
    0x08000a92   0x08000a92   0x00000002   PAD
    0x08000a94   0x08000a94   0x00000030   Code   RO         3854    i.FreeRTOS_Start    app_task.o
    0x08000ac4   0x08000ac4   0x00000160   Code   RO          618    i.HAL_ADC_ConfigChannel  stm32f1xx_hal_adc.o
    0x08000c24   0x08000c24   0x00000002   Code   RO          619    i.HAL_ADC_ConvCpltCallback  stm32f1xx_hal_adc.o
    0x08000c26   0x08000c26   0x00000002   Code   RO          620    i.HAL_ADC_ConvHalfCpltCallback  stm32f1xx_hal_adc.o
    0x08000c28   0x08000c28   0x00000002   Code   RO          622    i.HAL_ADC_ErrorCallback  stm32f1xx_hal_adc.o
    0x08000c2a   0x08000c2a   0x00000002   PAD
    0x08000c2c   0x08000c2c   0x00000144   Code   RO          627    i.HAL_ADC_Init      stm32f1xx_hal_adc.o
    0x08000d70   0x08000d70   0x000000b0   Code   RO          291    i.HAL_ADC_MspInit   adc.o
    0x08000e20   0x08000e20   0x00000180   Code   RO          634    i.HAL_ADC_Start_DMA  stm32f1xx_hal_adc.o
    0x08000fa0   0x08000fa0   0x0000019c   Code   RO         1279    i.HAL_DMA_IRQHandler  stm32f1xx_hal_dma.o
    0x0800113c   0x0800113c   0x00000068   Code   RO         1280    i.HAL_DMA_Init      stm32f1xx_hal_dma.o
    0x080011a4   0x080011a4   0x0000009c   Code   RO         1284    i.HAL_DMA_Start_IT  stm32f1xx_hal_dma.o
    0x08001240   0x08001240   0x00000028   Code   RO          895    i.HAL_Delay         stm32f1xx_hal.o
    0x08001268   0x08001268   0x00000320   Code   RO         1210    i.HAL_GPIO_Init     stm32f1xx_hal_gpio.o
    0x08001588   0x08001588   0x00000010   Code   RO         1212    i.HAL_GPIO_ReadPin  stm32f1xx_hal_gpio.o
    0x08001598   0x08001598   0x0000000c   Code   RO         1214    i.HAL_GPIO_WritePin  stm32f1xx_hal_gpio.o
    0x080015a4   0x080015a4   0x0000000c   Code   RO          899    i.HAL_GetTick       stm32f1xx_hal.o
    0x080015b0   0x080015b0   0x00000018   Code   RO          905    i.HAL_IncTick       stm32f1xx_hal.o
    0x080015c8   0x080015c8   0x00000028   Code   RO          906    i.HAL_Init          stm32f1xx_hal.o
    0x080015f0   0x080015f0   0x0000004c   Code   RO          907    i.HAL_InitTick      stm32f1xx_hal.o
    0x0800163c   0x0800163c   0x00000054   Code   RO          552    i.HAL_MspInit       stm32f1xx_hal_msp.o
    0x08001690   0x08001690   0x00000020   Code   RO         1370    i.HAL_NVIC_EnableIRQ  stm32f1xx_hal_cortex.o
    0x080016b0   0x080016b0   0x0000007c   Code   RO         1376    i.HAL_NVIC_SetPriority  stm32f1xx_hal_cortex.o
    0x0800172c   0x0800172c   0x00000028   Code   RO         1377    i.HAL_NVIC_SetPriorityGrouping  stm32f1xx_hal_cortex.o
    0x08001754   0x08001754   0x00000130   Code   RO         1172    i.HAL_RCCEx_PeriphCLKConfig  stm32f1xx_hal_rcc_ex.o
    0x08001884   0x08001884   0x0000018c   Code   RO         1063    i.HAL_RCC_ClockConfig  stm32f1xx_hal_rcc.o
    0x08001a10   0x08001a10   0x0000000c   Code   RO         1068    i.HAL_RCC_GetHCLKFreq  stm32f1xx_hal_rcc.o
    0x08001a1c   0x08001a1c   0x00000020   Code   RO         1070    i.HAL_RCC_GetPCLK1Freq  stm32f1xx_hal_rcc.o
    0x08001a3c   0x08001a3c   0x00000020   Code   RO         1071    i.HAL_RCC_GetPCLK2Freq  stm32f1xx_hal_rcc.o
    0x08001a5c   0x08001a5c   0x00000070   Code   RO         1072    i.HAL_RCC_GetSysClockFreq  stm32f1xx_hal_rcc.o
    0x08001acc   0x08001acc   0x00000464   Code   RO         1075    i.HAL_RCC_OscConfig  stm32f1xx_hal_rcc.o
    0x08001f30   0x08001f30   0x000000be   Code   RO         1907    i.HAL_SPI_Init      stm32f1xx_hal_spi.o
    0x08001fee   0x08001fee   0x00000002   PAD
    0x08001ff0   0x08001ff0   0x00000084   Code   RO          361    i.HAL_SPI_MspInit   spi.o
    0x08002074   0x08002074   0x00000240   Code   RO         1916    i.HAL_SPI_TransmitReceive  stm32f1xx_hal_spi.o
    0x080022b4   0x080022b4   0x00000034   Code   RO         1381    i.HAL_SYSTICK_Config  stm32f1xx_hal_cortex.o
    0x080022e8   0x080022e8   0x00000076   Code   RO         2284    i.HAL_UART_Init     stm32f1xx_hal_uart.o
    0x0800235e   0x0800235e   0x00000002   PAD
    0x08002360   0x08002360   0x00000088   Code   RO          408    i.HAL_UART_MspInit  usart.o
    0x080023e8   0x080023e8   0x000000b2   Code   RO         2292    i.HAL_UART_Transmit  stm32f1xx_hal_uart.o
    0x0800249a   0x0800249a   0x00000004   Code   RO          458    i.HardFault_Handler  stm32f1xx_it.o
    0x0800249e   0x0800249e   0x00000002   PAD
    0x080024a0   0x080024a0   0x000000a0   Code   RO          292    i.MX_ADC1_Init      adc.o
    0x08002540   0x08002540   0x00000034   Code   RO          332    i.MX_DMA_Init       dma.o
    0x08002574   0x08002574   0x00000114   Code   RO          179    i.MX_GPIO_Init      gpio.o
    0x08002688   0x08002688   0x00000044   Code   RO          362    i.MX_SPI1_Init      spi.o
    0x080026cc   0x080026cc   0x00000038   Code   RO          409    i.MX_USART1_UART_Init  usart.o
    0x08002704   0x08002704   0x00000004   Code   RO          459    i.MemManage_Handler  stm32f1xx_it.o
    0x08002708   0x08002708   0x00000004   Code   RO          460    i.NMI_Handler       stm32f1xx_it.o
    0x0800270c   0x0800270c   0x00000094   Code   RO         2664    i.NRF24L01_Check    nrf24l01.o
    0x080027a0   0x080027a0   0x00000044   Code   RO         2666    i.NRF24L01_Read_Buf  nrf24l01.o
    0x080027e4   0x080027e4   0x00000030   Code   RO         2667    i.NRF24L01_Read_Reg  nrf24l01.o
    0x08002814   0x08002814   0x0000006c   Code   RO         2669    i.NRF24L01_TX_Mode  nrf24l01.o
    0x08002880   0x08002880   0x00000068   Code   RO         2670    i.NRF24L01_TxPacket  nrf24l01.o
    0x080028e8   0x080028e8   0x00000048   Code   RO         2671    i.NRF24L01_Write_Buf  nrf24l01.o
    0x08002930   0x08002930   0x00000034   Code   RO         2672    i.NRF24L01_Write_Reg  nrf24l01.o
    0x08002964   0x08002964   0x00000030   Code   RO         2747    i.OLED_Clear        oled.o
    0x08002994   0x08002994   0x00000068   Code   RO         2750    i.OLED_DrawPoint    oled.o
    0x080029fc   0x080029fc   0x000000f8   Code   RO         2751    i.OLED_Init         oled.o
    0x08002af4   0x08002af4   0x0000004c   Code   RO         2752    i.OLED_Refresh_Gram  oled.o
    0x08002b40   0x08002b40   0x00000088   Code   RO         2753    i.OLED_ShowCH       oled.o
    0x08002bc8   0x08002bc8   0x000000a8   Code   RO         2754    i.OLED_ShowChar     oled.o
    0x08002c70   0x08002c70   0x00000094   Code   RO         2755    i.OLED_ShowNumber   oled.o
    0x08002d04   0x08002d04   0x0000004e   Code   RO         2756    i.OLED_ShowString   oled.o
    0x08002d52   0x08002d52   0x00000046   Code   RO         2758    i.OLED_Show_CH      oled.o
    0x08002d98   0x08002d98   0x0000012c   Code   RO         2880    i.OLED_Show_progress_bar  show.o
    0x08002ec4   0x08002ec4   0x0000008c   Code   RO         2760    i.OLED_WR_Byte      oled.o
    0x08002f50   0x08002f50   0x00000028   Code   RO         1076    i.RCC_Delay         stm32f1xx_hal_rcc.o
    0x08002f78   0x08002f78   0x00000028   Code   RO         1945    i.SPI_EndRxTxTransaction  stm32f1xx_hal_spi.o
    0x08002fa0   0x08002fa0   0x000000d8   Code   RO         1950    i.SPI_WaitFlagStateUntilTimeout  stm32f1xx_hal_spi.o
    0x08003078   0x08003078   0x00000070   Code   RO         3855    i.Start_Task        app_task.o
    0x080030e8   0x080030e8   0x00000014   Code   RO          461    i.SysTick_Handler   stm32f1xx_it.o
    0x080030fc   0x080030fc   0x00000084   Code   RO           14    i.SystemClock_Config  main.o
    0x08003180   0x08003180   0x00000002   Code   RO         2628    i.SystemInit        system_stm32f1xx.o
    0x08003182   0x08003182   0x00000002   PAD
    0x08003184   0x08003184   0x000000fc   Code   RO         2311    i.UART_SetConfig    stm32f1xx_hal_uart.o
    0x08003280   0x08003280   0x00000092   Code   RO         2315    i.UART_WaitOnFlagUntilTimeout  stm32f1xx_hal_uart.o
    0x08003312   0x08003312   0x00000004   Code   RO          462    i.UsageFault_Handler  stm32f1xx_it.o
    0x08003316   0x08003316   0x00000002   PAD
    0x08003318   0x08003318   0x00000020   Code   RO         4146    i.__0printf$8       mc_w.l(printf8.o)
    0x08003338   0x08003338   0x00000010   Code   RO         1383    i.__NVIC_GetPriorityGrouping  stm32f1xx_hal_cortex.o
    0x08003348   0x08003348   0x00000028   Code   RO         1384    i.__NVIC_SetPriority  stm32f1xx_hal_cortex.o
    0x08003370   0x08003370   0x0000000e   Code   RO         4248    i.__scatterload_copy  mc_w.l(handlers.o)
    0x0800337e   0x0800337e   0x00000002   Code   RO         4249    i.__scatterload_null  mc_w.l(handlers.o)
    0x08003380   0x08003380   0x0000000e   Code   RO         4250    i.__scatterload_zeroinit  mc_w.l(handlers.o)
    0x0800338e   0x0800338e   0x00000002   PAD
    0x08003390   0x08003390   0x00000410   Code   RO         4153    i._printf_core      mc_w.l(printf8.o)
    0x080037a0   0x080037a0   0x00000024   Code   RO         4154    i._printf_post_padding  mc_w.l(printf8.o)
    0x080037c4   0x080037c4   0x0000002e   Code   RO         4155    i._printf_pre_padding  mc_w.l(printf8.o)
    0x080037f2   0x080037f2   0x00000002   PAD
    0x080037f4   0x080037f4   0x0000001c   Code   RO          410    i.fputc             usart.o
    0x08003810   0x08003810   0x0000013c   Code   RO           15    i.main              main.o
    0x0800394c   0x0800394c   0x00000016   Code   RO         2761    i.oled_pow          oled.o
    0x08003962   0x08003962   0x00000002   PAD
    0x08003964   0x08003964   0x0000036c   Code   RO         2881    i.oled_show         show.o
    0x08003cd0   0x08003cd0   0x000000c0   Code   RO         3337    i.prvAddCurrentTaskToDelayedList  tasks.o
    0x08003d90   0x08003d90   0x000000e4   Code   RO         3338    i.prvAddNewTaskToReadyList  tasks.o
    0x08003e74   0x08003e74   0x00000048   Code   RO         3339    i.prvCheckTasksWaitingTermination  tasks.o
    0x08003ebc   0x08003ebc   0x00000012   Code   RO         3340    i.prvDeleteTCB      tasks.o
    0x08003ece   0x08003ece   0x00000002   PAD
    0x08003ed0   0x08003ed0   0x00000070   Code   RO         3649    i.prvHeapInit       heap_4.o
    0x08003f40   0x08003f40   0x00000028   Code   RO         3341    i.prvIdleTask       tasks.o
    0x08003f68   0x08003f68   0x0000007a   Code   RO         3342    i.prvInitialiseNewTask  tasks.o
    0x08003fe2   0x08003fe2   0x00000002   PAD
    0x08003fe4   0x08003fe4   0x00000068   Code   RO         3343    i.prvInitialiseTaskLists  tasks.o
    0x0800404c   0x0800404c   0x00000068   Code   RO         3650    i.prvInsertBlockIntoFreeList  heap_4.o
    0x080040b4   0x080040b4   0x00000030   Code   RO         3344    i.prvResetNextTaskUnblockTime  tasks.o
    0x080040e4   0x080040e4   0x00000016   Code   RO         3711    i.prvTaskExitError  port.o
    0x080040fa   0x080040fa   0x00000002   PAD
    0x080040fc   0x080040fc   0x000000e4   Code   RO         3652    i.pvPortMalloc      heap_4.o
    0x080041e0   0x080041e0   0x00000024   Code   RO         3712    i.pxPortInitialiseStack  port.o
    0x08004204   0x08004204   0x00000028   Code   RO         3018    i.uxListRemove      list.o
    0x0800422c   0x0800422c   0x0000001a   Code   RO         3019    i.vListInitialise   list.o
    0x08004246   0x08004246   0x00000006   Code   RO         3020    i.vListInitialiseItem  list.o
    0x0800424c   0x0800424c   0x00000034   Code   RO         3021    i.vListInsert       list.o
    0x08004280   0x08004280   0x00000018   Code   RO         3022    i.vListInsertEnd    list.o
    0x08004298   0x08004298   0x00000024   Code   RO         3714    i.vPortEnterCritical  port.o
    0x080042bc   0x080042bc   0x00000020   Code   RO         3715    i.vPortExitCritical  port.o
    0x080042dc   0x080042dc   0x0000004c   Code   RO         3653    i.vPortFree         heap_4.o
    0x08004328   0x08004328   0x00000018   Code   RO         3716    i.vPortSetupTimerInterrupt  port.o
    0x08004340   0x08004340   0x000000d4   Code   RO         3353    i.vTaskDelete       tasks.o
    0x08004414   0x08004414   0x0000006c   Code   RO         3364    i.vTaskStartScheduler  tasks.o
    0x08004480   0x08004480   0x00000010   Code   RO         3366    i.vTaskSuspendAll   tasks.o
    0x08004490   0x08004490   0x00000060   Code   RO         3367    i.vTaskSwitchContext  tasks.o
    0x080044f0   0x080044f0   0x00000034   Code   RO         3717    i.xPortStartScheduler  port.o
    0x08004524   0x08004524   0x00000034   Code   RO         3718    i.xPortSysTickHandler  port.o
    0x08004558   0x08004558   0x00000068   Code   RO         3370    i.xTaskCreate       tasks.o
    0x080045c0   0x080045c0   0x00000074   Code   RO         3371    i.xTaskDelayUntil   tasks.o
    0x08004634   0x08004634   0x00000020   Code   RO         3377    i.xTaskGetSchedulerState  tasks.o
    0x08004654   0x08004654   0x0000000c   Code   RO         3378    i.xTaskGetTickCount  tasks.o
    0x08004660   0x08004660   0x00000190   Code   RO         3380    i.xTaskIncrementTick  tasks.o
    0x080047f0   0x080047f0   0x0000015c   Code   RO         3382    i.xTaskResumeAll    tasks.o
    0x0800494c   0x0800494c   0x00000012   Data   RO         1077    .constdata          stm32f1xx_hal_rcc.o
    0x0800495e   0x0800495e   0x00000018   Data   RO         2629    .constdata          system_stm32f1xx.o
    0x08004976   0x08004976   0x00000d7c   Data   RO         2865    .constdata          oledfont.o
    0x080056f2   0x080056f2   0x00000002   PAD
    0x080056f4   0x080056f4   0x00000020   Data   RO         4246    Region$$Table       anon$$obj.o


    Execution Region RW_IRAM1 (Exec base: 0x20000000, Load base: 0x08005714, Size: 0x00004960, Max: 0x00005000, ABSOLUTE)

    Exec Addr    Load Addr    Size         Type   Attr      Idx    E Section Name        Object

    0x20000000   0x08005714   0x00000008   Data   RW           16    .data               main.o
    0x20000008   0x0800571c   0x00000009   Data   RW          913    .data               stm32f1xx_hal.o
    0x20000011   0x08005725   0x00000003   PAD
    0x20000014   0x08005728   0x00000004   Data   RW         2630    .data               system_stm32f1xx.o
    0x20000018   0x0800572c   0x0000000c   Data   RW         2674    .data               nrf24l01.o
    0x20000024   0x08005738   0x00000004   Data   RW         2883    .data               show.o
    0x20000028   0x0800573c   0x00000040   Data   RW         3385    .data               tasks.o
    0x20000068   0x0800577c   0x0000001c   Data   RW         3659    .data               heap_4.o
    0x20000084   0x08005798   0x00000004   Data   RW         3719    .data               port.o
    0x20000088   0x0800579c   0x0000001e   Data   RW         3792    .data               app_remote.o
    0x200000a6   0x080057ba   0x00000002   PAD
    0x200000a8   0x080057bc   0x0000000c   Data   RW         3856    .data               app_task.o
    0x200000b4   0x080057c8   0x00000004   Data   RW         4220    .data               mc_w.l(stdout.o)
    0x200000b8        -       0x00000074   Zero   RW          293    .bss                adc.o
    0x2000012c        -       0x00000058   Zero   RW          363    .bss                spi.o
    0x20000184        -       0x00000048   Zero   RW          411    .bss                usart.o
    0x200001cc        -       0x00000038   Zero   RW         2673    .bss                nrf24l01.o
    0x20000204        -       0x00000400   Zero   RW         2762    .bss                oled.o
    0x20000604        -       0x000002e4   Zero   RW         3384    .bss                tasks.o
    0x200008e8        -       0x00003c00   Zero   RW         3658    .bss                heap_4.o
    0x200044e8        -       0x00000074   Zero   RW         3791    .bss                app_remote.o
    0x2000455c   0x080057cc   0x00000004   PAD
    0x20004560        -       0x00000400   Zero   RW            1    STACK               startup_stm32f103xb.o


==============================================================================

Image component sizes


      Code (inc. data)   RO Data    RW Data    ZI Data      Debug   Object Name

       336         32          0          0        116       1771   adc.o
      1224         48          0         30        116       5610   app_remote.o
       236         74          0         12          0      13158   app_task.o
        52          4          0          0          0        726   dma.o
         0          0          0          0          0       2540   event_groups.o
       276         14          0          0          0     411279   gpio.o
       520         58          0         28      15360       4511   heap_4.o
       148          0          0          0          0       3186   list.o
       454        128          0          8          0      39780   main.o
       600         80          0         12         56       5159   nrf24l01.o
      1238         42          0          0       1024       7845   oled.o
         0          0       3452          0          0        719   oledfont.o
       404         48          0          4          0       9264   port.o
      1176         74          0          4          0       1621   show.o
       232         24          0          0         88       2119   spi.o
        36          8        236          0       1024        796   startup_stm32f103xb.o
       192         36          0          9          0       5829   stm32f1xx_hal.o
      1428         56          0          0          0       8254   stm32f1xx_hal_adc.o
       304         22          0          0          0      29363   stm32f1xx_hal_cortex.o
       716          8          0          0          0       3451   stm32f1xx_hal_dma.o
       828         34          0          0          0       3287   stm32f1xx_hal_gpio.o
        84          8          0          0          0        882   stm32f1xx_hal_msp.o
      1748         98         18          0          0       5912   stm32f1xx_hal_rcc.o
       304         14          0          0          0       1388   stm32f1xx_hal_rcc_ex.o
      1022          6          0          0          0       4437   stm32f1xx_hal_spi.o
       694          4          0          0          0       3732   stm32f1xx_hal_uart.o
        58          6          0          0          0      11598   stm32f1xx_it.o
         2          0         24          4          0       1095   system_stm32f1xx.o
      2268        316          0         64        740      27891   tasks.o
       220         30          0          0         72       2130   usart.o

    ----------------------------------------------------------------------
     16826       1272       3764        180      18600     619333   Object Totals
         0          0         32          0          0          0   (incl. Generated)
        26          0          2          5          4          0   (incl. Padding)

    ----------------------------------------------------------------------

      Code (inc. data)   RO Data    RW Data    ZI Data      Debug   Library Member Name

         0          0          0          0          0          0   entry.o
         0          0          0          0          0          0   entry10a.o
         0          0          0          0          0          0   entry11a.o
         8          4          0          0          0          0   entry2.o
         4          0          0          0          0          0   entry5.o
         0          0          0          0          0          0   entry7b.o
         0          0          0          0          0          0   entry8b.o
         8          4          0          0          0          0   entry9a.o
        30          0          0          0          0          0   handlers.o
        36          8          0          0          0         68   init.o
         0          0          0          0          0          0   iusefp.o
        30          0          0          0          0         68   llshl.o
        32          0          0          0          0         68   llushr.o
        36          0          0          0          0        108   memseta.o
      1154         54          0          0          0        352   printf8.o
         0          0          0          4          0          0   stdout.o
        98          0          0          0          0         92   uldiv.o
       110          0          0          0          0        168   fepilogue.o
        40          0          0          0          0         68   ffixui.o
        10          0          0          0          0         68   ffltui.o
       100          0          0          0          0         76   fmul.o

    ----------------------------------------------------------------------
      1702         70          0          4          0       1136   Library Totals
         6          0          0          0          0          0   (incl. Padding)

    ----------------------------------------------------------------------

      Code (inc. data)   RO Data    RW Data    ZI Data      Debug   Library Name

      1436         70          0          4          0        756   mc_w.l
       260          0          0          0          0        380   mf_w.l

    ----------------------------------------------------------------------
      1702         70          0          4          0       1136   Library Totals

    ----------------------------------------------------------------------

==============================================================================


      Code (inc. data)   RO Data    RW Data    ZI Data      Debug   

     18528       1342       3764        184      18600     613445   Grand Totals
     18528       1342       3764        184      18600     613445   ELF Image Totals
     18528       1342       3764        184          0          0   ROM Totals

==============================================================================

    Total RO  Size (Code + RO Data)                22292 (  21.77kB)
    Total RW  Size (RW Data + ZI Data)             18784 (  18.34kB)
    Total ROM Size (Code + RO Data + RW Data)      22476 (  21.95kB)

==============================================================================

