<html>
<body>
<pre>
<h1>µVision Build Log</h1>
<h2>Tool Versions:</h2>
IDE-Version: ¦ÌVision V5.24.2.0
Copyright (C) 2017 ARM Ltd and ARM Germany GmbH. All rights reserved.
License Information: a a, a, LIC=WHYH9-4ZE3C-9UD4U-SB209-8VHYB-I51E3
 
Tool Versions:
Toolchain:       MDK-ARM Plus  Version: 5.24.1
Toolchain Path:  D:\works\Keil5\ARM\ARMCC\Bin
C Compiler:      Armcc.exe V5.06 update 5 (build 528)
Assembler:       Armasm.exe V5.06 update 5 (build 528)
Linker/Locator:  ArmLink.exe V5.06 update 5 (build 528)
Library Manager: ArmAr.exe V5.06 update 5 (build 528)
Hex Converter:   FromElf.exe V5.06 update 5 (build 528)
CPU DLL:         SARMCM3.DLL V5.24.1
Dialog DLL:      DCM.DLL V1.16.0.0
Target DLL:      Segger\JL2CM3.dll V2.99.26.0
Dialog DLL:      TCM.DLL V1.32.0.0
 
<h2>Project:</h2>
c:\Users\19062\Desktop\Quadcopter\Remote_HAL\MDK-ARM\Remote_HAL.uvprojx
Project File Date:  08/12/2024

<h2>Output:</h2>
*** Using Compiler 'V5.06 update 5 (build 528)', folder: 'D:\works\Keil5\ARM\ARMCC\Bin'
Build target 'Remote_HAL'
compiling App_Task.c...
..\App\App_Remote.h(49): warning:  #1295-D: Deprecated declaration App_Remote_Stick_Scan - give arg types
  void App_Remote_Stick_Scan();
..\App\App_Remote.h(51): warning:  #1295-D: Deprecated declaration App_Remote_KeyPress - give arg types
  void App_Remote_KeyPress();
../HARDWARE/NRF24L01.h(85): warning:  #1295-D: Deprecated declaration NRF24L01_Check - give arg types
  uint8_t NRF24L01_Check();
..\App\App_Task.c(154): warning:  #223-D: function "oled_show" declared implicitly
          oled_show();
..\App\App_Task.c: 4 warnings, 0 errors
linking...
Program Size: Code=18528 RO-data=3764 RW-data=184 ZI-data=18600  
FromELF: creating hex file...
"Remote_HAL\Remote_HAL.axf" - 0 Error(s), 4 Warning(s).

<h2>Software Packages used:</h2>

Package Vendor: ARM
                http://www.keil.com/pack/ARM.CMSIS.5.0.1.pack
                ARM.CMSIS.5.0.1
                CMSIS (Cortex Microcontroller Software Interface Standard)
   * Component: CORE Version: 5.0.1

Package Vendor: Keil
                http://www.keil.com/pack/Keil.STM32F1xx_DFP.2.2.0.pack
                Keil.STM32F1xx_DFP.2.2.0
                STMicroelectronics STM32F1 Series Device Support, Drivers and Examples

<h2>Collection of Component include folders:</h2>
  .\RTE\_Remote_HAL
  D:\works\Keil5\ARM\PACK\ARM\CMSIS\5.0.1\CMSIS\Include
  D:\works\Keil5\ARM\PACK\Keil\STM32F1xx_DFP\2.2.0\Device\Include

<h2>Collection of Component Files used:</h2>

   * Component: ARM::CMSIS:CORE:5.0.1
Build Time Elapsed:  00:00:02
</pre>
</body>
</html>
